Component: ARM Compiler 5.05 (build 41) Tool: armlink [4d0eb9]

==============================================================================

Section Cross References

    startup_stm32f030.o(RESET) refers to startup_stm32f030.o(STACK) for __initial_sp
    startup_stm32f030.o(RESET) refers to startup_stm32f030.o(.text) for Reset_Handler
    startup_stm32f030.o(RESET) refers to stm32f0xx_it.o(i.NMI_Handler) for NMI_Handler
    startup_stm32f030.o(RESET) refers to stm32f0xx_it.o(i.HardFault_Handler) for HardFault_Handler
    startup_stm32f030.o(RESET) refers to port.o(i.vPortSVCHandler) for vPortSVCHandler
    startup_stm32f030.o(RESET) refers to port.o(.emb_text) for xPortPendSVHandler
    startup_stm32f030.o(RESET) refers to port.o(i.xPortSysTickHandler) for xPortSysTickHandler
    startup_stm32f030.o(RESET) refers to bspoutput.o(i.TIM1_CC_IRQHandler) for TIM1_CC_IRQHandler
    startup_stm32f030.o(RESET) refers to bspoutput.o(i.TIM15_IRQHandler) for TIM15_IRQHandler
    startup_stm32f030.o(RESET) refers to wifi_task.o(i.USART2_IRQHandler) for USART2_IRQHandler
    startup_stm32f030.o(.text) refers to system_stm32f0xx.o(i.SystemInit) for SystemInit
    startup_stm32f030.o(.text) refers to entry.o(.ARM.Collect$$$$00000000) for __main
    system_stm32f0xx.o(i.SystemCoreClockUpdate) refers to uidiv.o(.text) for __aeabi_uidivmod
    system_stm32f0xx.o(i.SystemCoreClockUpdate) refers to system_stm32f0xx.o(.data) for .data
    system_stm32f0xx.o(i.SystemInit) refers to system_stm32f0xx.o(i.SetSysClock) for SetSysClock
    stm32f0xx_adc.o(i.ADC_DeInit) refers to stm32f0xx_rcc.o(i.RCC_APB2PeriphResetCmd) for RCC_APB2PeriphResetCmd
    stm32f0xx_flash.o(i.FLASH_EraseAllPages) refers to stm32f0xx_flash.o(i.FLASH_WaitForLastOperation) for FLASH_WaitForLastOperation
    stm32f0xx_flash.o(i.FLASH_ErasePage) refers to stm32f0xx_flash.o(i.FLASH_WaitForLastOperation) for FLASH_WaitForLastOperation
    stm32f0xx_flash.o(i.FLASH_OB_BOOT0Config) refers to stm32f0xx_flash.o(i.FLASH_WaitForLastOperation) for FLASH_WaitForLastOperation
    stm32f0xx_flash.o(i.FLASH_OB_BOOT0SWConfig) refers to stm32f0xx_flash.o(i.FLASH_WaitForLastOperation) for FLASH_WaitForLastOperation
    stm32f0xx_flash.o(i.FLASH_OB_BOOTConfig) refers to stm32f0xx_flash.o(i.FLASH_WaitForLastOperation) for FLASH_WaitForLastOperation
    stm32f0xx_flash.o(i.FLASH_OB_EnableWRP) refers to stm32f0xx_flash.o(i.FLASH_WaitForLastOperation) for FLASH_WaitForLastOperation
    stm32f0xx_flash.o(i.FLASH_OB_Erase) refers to stm32f0xx_flash.o(i.FLASH_OB_GetRDP) for FLASH_OB_GetRDP
    stm32f0xx_flash.o(i.FLASH_OB_Erase) refers to stm32f0xx_flash.o(i.FLASH_WaitForLastOperation) for FLASH_WaitForLastOperation
    stm32f0xx_flash.o(i.FLASH_OB_ProgramData) refers to stm32f0xx_flash.o(i.FLASH_WaitForLastOperation) for FLASH_WaitForLastOperation
    stm32f0xx_flash.o(i.FLASH_OB_RDPConfig) refers to stm32f0xx_flash.o(i.FLASH_WaitForLastOperation) for FLASH_WaitForLastOperation
    stm32f0xx_flash.o(i.FLASH_OB_SRAMParityConfig) refers to stm32f0xx_flash.o(i.FLASH_WaitForLastOperation) for FLASH_WaitForLastOperation
    stm32f0xx_flash.o(i.FLASH_OB_UserConfig) refers to stm32f0xx_flash.o(i.FLASH_WaitForLastOperation) for FLASH_WaitForLastOperation
    stm32f0xx_flash.o(i.FLASH_OB_VDDAConfig) refers to stm32f0xx_flash.o(i.FLASH_WaitForLastOperation) for FLASH_WaitForLastOperation
    stm32f0xx_flash.o(i.FLASH_OB_WriteUser) refers to stm32f0xx_flash.o(i.FLASH_WaitForLastOperation) for FLASH_WaitForLastOperation
    stm32f0xx_flash.o(i.FLASH_ProgramHalfWord) refers to stm32f0xx_flash.o(i.FLASH_WaitForLastOperation) for FLASH_WaitForLastOperation
    stm32f0xx_flash.o(i.FLASH_ProgramWord) refers to stm32f0xx_flash.o(i.FLASH_WaitForLastOperation) for FLASH_WaitForLastOperation
    stm32f0xx_flash.o(i.FLASH_WaitForLastOperation) refers to stm32f0xx_flash.o(i.FLASH_GetStatus) for FLASH_GetStatus
    stm32f0xx_gpio.o(i.GPIO_DeInit) refers to stm32f0xx_rcc.o(i.RCC_AHBPeriphResetCmd) for RCC_AHBPeriphResetCmd
    stm32f0xx_i2c.o(i.I2C_DeInit) refers to stm32f0xx_rcc.o(i.RCC_APB1PeriphResetCmd) for RCC_APB1PeriphResetCmd
    stm32f0xx_rcc.o(i.RCC_GetClocksFreq) refers to uidiv.o(.text) for __aeabi_uidivmod
    stm32f0xx_rcc.o(i.RCC_GetClocksFreq) refers to stm32f0xx_rcc.o(.data) for .data
    stm32f0xx_rcc.o(i.RCC_WaitForHSEStartUp) refers to stm32f0xx_rcc.o(i.RCC_GetFlagStatus) for RCC_GetFlagStatus
    stm32f0xx_rtc.o(i.RTC_DeInit) refers to stm32f0xx_rtc.o(i.RTC_EnterInitMode) for RTC_EnterInitMode
    stm32f0xx_rtc.o(i.RTC_DeInit) refers to stm32f0xx_rtc.o(i.RTC_WaitForSynchro) for RTC_WaitForSynchro
    stm32f0xx_rtc.o(i.RTC_GetAlarm) refers to stm32f0xx_rtc.o(i.RTC_Bcd2ToByte) for RTC_Bcd2ToByte
    stm32f0xx_rtc.o(i.RTC_GetDate) refers to stm32f0xx_rtc.o(i.RTC_Bcd2ToByte) for RTC_Bcd2ToByte
    stm32f0xx_rtc.o(i.RTC_GetTime) refers to stm32f0xx_rtc.o(i.RTC_Bcd2ToByte) for RTC_Bcd2ToByte
[...]
    i.MainSetMode                            0x08003988   Section        0  maintask.o(i.MainSetMode)
    MainSetMode                              0x08003989   Thumb Code    46  maintask.o(i.MainSetMode)
    i.MainSetSpeed                           0x080039c4   Section        0  maintask.o(i.MainSetSpeed)
    MainSetSpeed                             0x080039c5   Thumb Code    82  maintask.o(i.MainSetSpeed)
    i.MainTask                               0x08003a24   Section        0  maintask.o(i.MainTask)
    i.MainVariablesInit                      0x08003c5c   Section        0  maintask.o(i.MainVariablesInit)
    i.MotorPowerCtrl                         0x08003d10   Section        0  bspoutput.o(i.MotorPowerCtrl)
    i.NMI_Handler                            0x08003d46   Section        0  stm32f0xx_it.o(i.NMI_Handler)
    i.NVIC_Init                              0x08003d48   Section        0  stm32f0xx_misc.o(i.NVIC_Init)
    i.OutputHardwareInit                     0x08003d98   Section        0  bspoutput.o(i.OutputHardwareInit)
    i.OutputVariablesInit                    0x08003dc4   Section        0  device_outputtask.o(i.OutputVariablesInit)
    i.ParseWifiDatas                         0x08003df8   Section        0  wifiprotocol.o(i.ParseWifiDatas)
    i.PopFromFifo                            0x08003e72   Section        0  fifo.o(i.PopFromFifo)
    i.PushInFifo                             0x08003ea2   Section        0  fifo.o(i.PushInFifo)
    i.RCC_ADCCLKConfig                       0x08003ed0   Section        0  stm32f0xx_rcc.o(i.RCC_ADCCLKConfig)
    i.RCC_AHBPeriphClockCmd                  0x08003efc   Section        0  stm32f0xx_rcc.o(i.RCC_AHBPeriphClockCmd)
    i.RCC_APB1PeriphClockCmd                 0x08003f14   Section        0  stm32f0xx_rcc.o(i.RCC_APB1PeriphClockCmd)
    i.RCC_APB1PeriphResetCmd                 0x08003f2c   Section        0  stm32f0xx_rcc.o(i.RCC_APB1PeriphResetCmd)
    i.RCC_APB2PeriphClockCmd                 0x08003f44   Section        0  stm32f0xx_rcc.o(i.RCC_APB2PeriphClockCmd)
    i.RCC_APB2PeriphResetCmd                 0x08003f5c   Section        0  stm32f0xx_rcc.o(i.RCC_APB2PeriphResetCmd)
    i.RCC_GetClocksFreq                      0x08003f74   Section        0  stm32f0xx_rcc.o(i.RCC_GetClocksFreq)
    i.RGBLightPwrGpio_init                   0x080040ac   Section        0  bspoutput.o(i.RGBLightPwrGpio_init)
    i.RGBLightTimer_Init                     0x08004128   Section        0  bspoutput.o(i.RGBLightTimer_Init)
    i.RgbLightFade                           0x080041a8   Section        0  device_outputtask.o(i.RgbLightFade)
    i.RgbLightInit                           0x080041ec   Section        0  bspoutput.o(i.RgbLightInit)
    i.SYSCFG_MemoryRemapConfig               0x08004204   Section        0  stm32f0xx_syscfg.o(i.SYSCFG_MemoryRemapConfig)
    i.SendCmd2WifiModule                     0x08004218   Section        0  wifiprotocol.o(i.SendCmd2WifiModule)
    i.SensorI2CGpio_Init                     0x080042e8   Section        0  bspinput.o(i.SensorI2CGpio_Init)
    i.SetBlueLed                             0x0800433c   Section        0  device_outputtask.o(i.SetBlueLed)
    i.SetLed1Off                             0x08004350   Section        0  bspoutput.o(i.SetLed1Off)
    i.SetLed1On                              0x08004364   Section        0  bspoutput.o(i.SetLed1On)
    i.SetModeLed                             0x08004378   Section        0  device_outputtask.o(i.SetModeLed)
    SetModeLed                               0x08004379   Thumb Code    74  device_outputtask.o(i.SetModeLed)
    i.SetSysClock                            0x080043c8   Section        0  system_stm32f0xx.o(i.SetSysClock)
    SetSysClock                              0x080043c9   Thumb Code   142  system_stm32f0xx.o(i.SetSysClock)
    i.SpeedScan                              0x08004460   Section        0  device_inputtask.o(i.SpeedScan)
    SpeedScan                                0x08004461   Thumb Code    92  device_inputtask.o(i.SpeedScan)
    i.SwitchScan                             0x080044c4   Section        0  key.o(i.SwitchScan)
    i.SystemInit                             0x08004520   Section        0  system_stm32f0xx.o(i.SystemInit)
    i.TI1_Config                             0x08004580   Section        0  stm32f0xx_tim.o(i.TI1_Config)
    TI1_Config                               0x08004581   Thumb Code    40  stm32f0xx_tim.o(i.TI1_Config)
    i.TI2_Config                             0x080045a8   Section        0  stm32f0xx_tim.o(i.TI2_Config)
    TI2_Config                               0x080045a9   Thumb Code    42  stm32f0xx_tim.o(i.TI2_Config)
    i.TIM15_IRQHandler                       0x080045d8   Section        0  bspoutput.o(i.TIM15_IRQHandler)
    i.TIM1_CC_IRQHandler                     0x08004610   Section        0  bspoutput.o(i.TIM1_CC_IRQHandler)
    i.TIM_CCxCmd                             0x0800469c   Section        0  stm32f0xx_tim.o(i.TIM_CCxCmd)
    i.TIM_ClearITPendingBit                  0x080046b2   Section        0  stm32f0xx_tim.o(i.TIM_ClearITPendingBit)
    i.TIM_Cmd                                0x080046b8   Section        0  stm32f0xx_tim.o(i.TIM_Cmd)
    i.TIM_CtrlPWMOutputs                     0x080046cc   Section        0  stm32f0xx_tim.o(i.TIM_CtrlPWMOutputs)
    i.TIM_DeInit                             0x080046e4   Section        0  stm32f0xx_tim.o(i.TIM_DeInit)
    i.TIM_GetCapture1                        0x080047b0   Section        0  stm32f0xx_tim.o(i.TIM_GetCapture1)
    i.TIM_GetCapture4                        0x080047b4   Section        0  stm32f0xx_tim.o(i.TIM_GetCapture4)
    i.TIM_GetITStatus                        0x080047b8   Section        0  stm32f0xx_tim.o(i.TIM_GetITStatus)
    i.TIM_ICInit                             0x080047d0   Section        0  stm32f0xx_tim.o(i.TIM_ICInit)
    i.TIM_ICStructInit                       0x08004888   Section        0  stm32f0xx_tim.o(i.TIM_ICStructInit)
    i.TIM_ITConfig                           0x08004898   Section        0  stm32f0xx_tim.o(i.TIM_ITConfig)
    i.TIM_OC1Init                            0x080048a8   Section        0  stm32f0xx_tim.o(i.TIM_OC1Init)
    i.TIM_OC1PreloadConfig                   0x08004924   Section        0  stm32f0xx_tim.o(i.TIM_OC1PreloadConfig)
    i.TIM_OC2Init                            0x08004930   Section        0  stm32f0xx_tim.o(i.TIM_OC2Init)
    i.TIM_OC3Init                            0x080049c0   Section        0  stm32f0xx_tim.o(i.TIM_OC3Init)
    i.TIM_OC4Init                            0x08004a48   Section        0  stm32f0xx_tim.o(i.TIM_OC4Init)
    i.TIM_SetCompare1                        0x08004aac   Section        0  stm32f0xx_tim.o(i.TIM_SetCompare1)
    i.TIM_SetCounter                         0x08004ab0   Section        0  stm32f0xx_tim.o(i.TIM_SetCounter)
    i.TIM_SetIC1Prescaler                    0x08004ab4   Section        0  stm32f0xx_tim.o(i.TIM_SetIC1Prescaler)
    i.TIM_SetIC2Prescaler                    0x08004ac4   Section        0  stm32f0xx_tim.o(i.TIM_SetIC2Prescaler)
    i.TIM_SetIC3Prescaler                    0x08004adc   Section        0  stm32f0xx_tim.o(i.TIM_SetIC3Prescaler)
    i.TIM_SetIC4Prescaler                    0x08004aec   Section        0  stm32f0xx_tim.o(i.TIM_SetIC4Prescaler)
    i.TIM_TimeBaseInit                       0x08004b04   Section        0  stm32f0xx_tim.o(i.TIM_TimeBaseInit)
    i.TIM_TimeBaseStructInit                 0x08004b78   Section        0  stm32f0xx_tim.o(i.TIM_TimeBaseStructInit)
    i.TempHumiScan                           0x08004b8c   Section        0  device_inputtask.o(i.TempHumiScan)
    i.TermDataStruct                         0x08004c50   Section        0  wifi_task.o(i.TermDataStruct)
    i.TimerNvicInit                          0x08004cbc   Section        0  bspoutput.o(i.TimerNvicInit)
    i.TransmitAllTermData                    0x08004ce8   Section        0  wifi_task.o(i.TransmitAllTermData)
    i.TransmitTermData                       0x08004da8   Section        0  wifi_task.o(i.TransmitTermData)
    i.USART2_IRQHandler                      0x08004e4c   Section        0  wifi_task.o(i.USART2_IRQHandler)
    i.USART_ClearITPendingBit                0x08004f60   Section        0  stm32f0xx_usart.o(i.USART_ClearITPendingBit)
    i.USART_Cmd                              0x08004f6a   Section        0  stm32f0xx_usart.o(i.USART_Cmd)
    i.USART_DeInit                           0x08004f80   Section        0  stm32f0xx_usart.o(i.USART_DeInit)
    i.USART_GetFlagStatus                    0x08004fe0   Section        0  stm32f0xx_usart.o(i.USART_GetFlagStatus)
    i.USART_GetITStatus                      0x08004fee   Section        0  stm32f0xx_usart.o(i.USART_GetITStatus)
    i.USART_ITConfig                         0x08005026   Section        0  stm32f0xx_usart.o(i.USART_ITConfig)
    i.USART_Init                             0x08005050   Section        0  stm32f0xx_usart.o(i.USART_Init)
    i.USART_ReceiveData                      0x080050ec   Section        0  stm32f0xx_usart.o(i.USART_ReceiveData)
    i.USART_SendData                         0x080050f4   Section        0  stm32f0xx_usart.o(i.USART_SendData)
    i.USART_StructInit                       0x080050fc   Section        0  stm32f0xx_usart.o(i.USART_StructInit)
    i.WIFITask                               0x08005114   Section        0  wifi_task.o(i.WIFITask)
    i.WifiGPIOInit                           0x08005438   Section        0  bspwifi.o(i.WifiGPIOInit)
    i.WifiHardwareInit                       0x08005498   Section        0  bspwifi.o(i.WifiHardwareInit)
    i.WifiRecRespond                         0x080054a4   Section        0  wifi_task.o(i.WifiRecRespond)
    i.WifiUartInit                           0x080054e8   Section        0  bspwifi.o(i.WifiUartInit)
    i.WifiVariablesInit                      0x08005564   Section        0  wifi_task.o(i.WifiVariablesInit)
    i.__ARM_clz                              0x080055cc   Section        0  depilogue.o(i.__ARM_clz)
    i.__ARM_common_switch8                   0x080055fa   Section        0  tasks.o(i.__ARM_common_switch8)
    i.__scatterload_copy                     0x08005614   Section       14  handlers.o(i.__scatterload_copy)
    i.__scatterload_null                     0x08005622   Section        2  handlers.o(i.__scatterload_null)
    i.__scatterload_zeroinit                 0x08005624   Section       14  handlers.o(i.__scatterload_zeroinit)
    i.main                                   0x08005634   Section        0  main.o(i.main)
    i.prvAddCurrentTaskToDelayedList         0x0800572c   Section        0  tasks.o(i.prvAddCurrentTaskToDelayedList)
    prvAddCurrentTaskToDelayedList           0x0800572d   Thumb Code    46  tasks.o(i.prvAddCurrentTaskToDelayedList)
    i.prvCheckTasksWaitingTermination        0x08005760   Section        0  tasks.o(i.prvCheckTasksWaitingTermination)
    prvCheckTasksWaitingTermination          0x08005761   Thumb Code    84  tasks.o(i.prvCheckTasksWaitingTermination)
    i.prvCopyDataFromQueue                   0x080057bc   Section        0  queue.o(i.prvCopyDataFromQueue)
    prvCopyDataFromQueue                     0x080057bd   Thumb Code    38  queue.o(i.prvCopyDataFromQueue)
    i.prvCopyDataToQueue                     0x080057e2   Section        0  queue.o(i.prvCopyDataToQueue)
    prvCopyDataToQueue                       0x080057e3   Thumb Code   118  queue.o(i.prvCopyDataToQueue)
    i.prvHeapInit                            0x08005858   Section        0  heap_4.o(i.prvHeapInit)
    prvHeapInit                              0x08005859   Thumb Code    60  heap_4.o(i.prvHeapInit)
    i.prvIdleTask                            0x0800589c   Section        0  tasks.o(i.prvIdleTask)
    prvIdleTask                              0x0800589d   Thumb Code    18  tasks.o(i.prvIdleTask)
    i.prvInsertBlockIntoFreeList             0x080058b4   Section        0  heap_4.o(i.prvInsertBlockIntoFreeList)
    prvInsertBlockIntoFreeList               0x080058b5   Thumb Code    72  heap_4.o(i.prvInsertBlockIntoFreeList)
    i.prvResetNextTaskUnblockTime            0x08005900   Section        0  tasks.o(i.prvResetNextTaskUnblockTime)
    prvResetNextTaskUnblockTime              0x08005901   Thumb Code    28  tasks.o(i.prvResetNextTaskUnblockTime)
    i.prvTaskExitError                       0x08005920   Section        0  port.o(i.prvTaskExitError)
    prvTaskExitError                         0x08005921   Thumb Code    14  port.o(i.prvTaskExitError)
    i.prvUnlockQueue                         0x08005934   Section        0  queue.o(i.prvUnlockQueue)
    prvUnlockQueue                           0x08005935   Thumb Code   106  queue.o(i.prvUnlockQueue)
    i.pvPortMalloc                           0x080059a0   Section        0  heap_4.o(i.pvPortMalloc)
    i.pvTaskIncrementMutexHeldCount          0x08005a50   Section        0  tasks.o(i.pvTaskIncrementMutexHeldCount)
    i.pxPortInitialiseStack                  0x08005a68   Section        0  port.o(i.pxPortInitialiseStack)
    i.uxListRemove                           0x08005a88   Section        0  list.o(i.uxListRemove)
    i.vApplicationStackOverflowHook          0x08005aac   Section        0  main.o(i.vApplicationStackOverflowHook)
    i.vListInitialise                        0x08005aae   Section        0  list.o(i.vListInitialise)
    i.vListInitialiseItem                    0x08005ac4   Section        0  list.o(i.vListInitialiseItem)
    i.vListInsert                            0x08005aca   Section        0  list.o(i.vListInsert)
    i.vListInsertEnd                         0x08005afa   Section        0  list.o(i.vListInsertEnd)
    i.vPortEnterCritical                     0x08005b14   Section        0  port.o(i.vPortEnterCritical)
    i.vPortExitCritical                      0x08005b2c   Section        0  port.o(i.vPortExitCritical)
    i.vPortFree                              0x08005b48   Section        0  heap_4.o(i.vPortFree)
    i.vPortSVCHandler                        0x08005b8c   Section        0  port.o(i.vPortSVCHandler)
    i.vPortYield                             0x08005b90   Section        0  port.o(i.vPortYield)
    i.vTaskDelay                             0x08005ba8   Section        0  tasks.o(i.vTaskDelay)
    i.vTaskMissedYield                       0x08005be4   Section        0  tasks.o(i.vTaskMissedYield)
    i.vTaskPlaceOnEventList                  0x08005bf0   Section        0  tasks.o(i.vTaskPlaceOnEventList)
    i.vTaskPriorityInherit                   0x08005c30   Section        0  tasks.o(i.vTaskPriorityInherit)
    i.vTaskSetTimeOutState                   0x08005c94   Section        0  tasks.o(i.vTaskSetTimeOutState)
    i.vTaskStartScheduler                    0x08005cac   Section        0  tasks.o(i.vTaskStartScheduler)
    i.vTaskSuspendAll                        0x08005cf8   Section        0  tasks.o(i.vTaskSuspendAll)
    i.vTaskSwitchContext                     0x08005d08   Section        0  tasks.o(i.vTaskSwitchContext)
    i.xPortStartScheduler                    0x08005d78   Section        0  port.o(i.xPortStartScheduler)
    i.xPortSysTickHandler                    0x08005dc4   Section        0  port.o(i.xPortSysTickHandler)
    i.xQueueCreateCountingSemaphore          0x08005de8   Section        0  queue.o(i.xQueueCreateCountingSemaphore)
    i.xQueueGenericCreate                    0x08005e10   Section        0  queue.o(i.xQueueGenericCreate)
    i.xQueueGenericReceive                   0x08005e5a   Section        0  queue.o(i.xQueueGenericReceive)
    i.xQueueGenericReset                     0x08005f9e   Section        0  queue.o(i.xQueueGenericReset)
    i.xQueueGenericSend                      0x08006008   Section        0  queue.o(i.xQueueGenericSend)
    i.xQueueGiveFromISR                      0x08006124   Section        0  queue.o(i.xQueueGiveFromISR)
    i.xTaskCheckForTimeOut                   0x08006198   Section        0  tasks.o(i.xTaskCheckForTimeOut)
    i.xTaskGenericCreate                     0x080061ec   Section        0  tasks.o(i.xTaskGenericCreate)
    i.xTaskGetSchedulerState                 0x08006374   Section        0  tasks.o(i.xTaskGetSchedulerState)
    i.xTaskGetTickCount                      0x08006394   Section        0  tasks.o(i.xTaskGetTickCount)
    i.xTaskIncrementTick                     0x080063a0   Section        0  tasks.o(i.xTaskIncrementTick)
    i.xTaskPriorityDisinherit                0x08006460   Section        0  tasks.o(i.xTaskPriorityDisinherit)
    i.xTaskRemoveFromEventList               0x080064c4   Section        0  tasks.o(i.xTaskRemoveFromEventList)
    i.xTaskResumeAll                         0x08006528   Section        0  tasks.o(i.xTaskResumeAll)
    .constdata                               0x080065d0   Section       15  device_inputtask.o(.constdata)
    .constdata                               0x080065e0   Section       16  device_outputtask.o(.constdata)
    .constdata                               0x080065f0   Section       64  maintask.o(.constdata)
    .constdata                               0x08006630   Section      410  wifi_task.o(.constdata)
    .data                                    0x200000c0   Section       20  system_stm32f0xx.o(.data)
    .data                                    0x200000d4   Section       16  stm32f0xx_rcc.o(.data)
    APBAHBPrescTable                         0x200000d4   Data          16  stm32f0xx_rcc.o(.data)
    .data                                    0x200000e4   Section       24  heap_4.o(.data)
    pxEnd                                    0x200000e4   Data           4  heap_4.o(.data)
    xFreeBytesRemaining                      0x200000e8   Data           4  heap_4.o(.data)
    xMinimumEverFreeBytesRemaining           0x200000ec   Data           4  heap_4.o(.data)
    xBlockAllocatedBit                       0x200000f0   Data           4  heap_4.o(.data)
    xStart                                   0x200000f4   Data           8  heap_4.o(.data)
    .data                                    0x200000fc   Section        4  port.o(.data)
    uxCriticalNesting                        0x200000fc   Data           4  port.o(.data)
    .data                                    0x20000100   Section       56  tasks.o(.data)
    uxTasksDeleted                           0x20000104   Data           4  tasks.o(.data)
    uxCurrentNumberOfTasks                   0x20000108   Data           4  tasks.o(.data)
    xTickCount                               0x2000010c   Data           4  tasks.o(.data)
    uxTopReadyPriority                       0x20000110   Data           4  tasks.o(.data)
    xSchedulerRunning                        0x20000114   Data           4  tasks.o(.data)
    uxPendedTicks                            0x20000118   Data           4  tasks.o(.data)
    xYieldPending                            0x2000011c   Data           4  tasks.o(.data)
    xNumOfOverflows                          0x20000120   Data           4  tasks.o(.data)
    uxTaskNumber                             0x20000124   Data           4  tasks.o(.data)
    xNextTaskUnblockTime                     0x20000128   Data           4  tasks.o(.data)
    uxSchedulerSuspended                     0x2000012c   Data           4  tasks.o(.data)
    pxDelayedTaskList                        0x20000130   Data           4  tasks.o(.data)
    pxOverflowDelayedTaskList                0x20000134   Data           4  tasks.o(.data)
    .data                                    0x20000138   Section       16  main.o(.data)
    .data                                    0x20000148   Section       48  device_inputtask.o(.data)
    dustCnt                                  0x20000148   Data           1  device_inputtask.o(.data)
    speedCnt                                 0x20000149   Data           1  device_inputtask.o(.data)
    gasCnt                                   0x2000014a   Data           1  device_inputtask.o(.data)
    lumiCnt                                  0x2000014b   Data           1  device_inputtask.o(.data)
    tempCnt                                  0x2000014c   Data           1  device_inputtask.o(.data)
    humiCnt                                  0x2000014d   Data           1  device_inputtask.o(.data)
    pBuff                                    0x20000150   Data           4  device_inputtask.o(.data)
    pBuff                                    0x20000154   Data           4  device_inputtask.o(.data)
    pBuff                                    0x20000158   Data           4  device_inputtask.o(.data)
    pBuff                                    0x2000015c   Data           4  device_inputtask.o(.data)
    .data                                    0x20000178   Section       16  device_outputtask.o(.data)
    buzCnt                                   0x20000178   Data           1  device_outputtask.o(.data)
    ledCnt                                   0x20000179   Data           1  device_outputtask.o(.data)
    .data                                    0x20000188   Section       62  maintask.o(.data)
    .data                                    0x200001c8   Section       44  wifi_task.o(.data)
    recCnt                                   0x200001cc   Data           1  wifi_task.o(.data)
    .data                                    0x200001f4   Section       22  bspoutput.o(.data)
    .data                                    0x2000020a   Section       12  key.o(.data)
    debounce_cnt                             0x2000020a   Data           1  key.o(.data)
    key_cnt                                  0x2000020b   Data           1  key.o(.data)
    key_cnt2                                 0x2000020c   Data           1  key.o(.data)
    key_is_down                              0x2000020d   Data           1  key.o(.data)
    key_status                               0x2000020e   Data           1  key.o(.data)
    is_long_hold                             0x2000020f   Data           1  key.o(.data)
    swCnt                                    0x20000210   Data           1  key.o(.data)
    swIOTemp                                 0x20000211   Data           1  key.o(.data)
    state                                    0x20000212   Data           1  key.o(.data)
    key_temp2                                0x20000214   Data           2  key.o(.data)
    .bss                                     0x20000218   Section     4608  heap_4.o(.bss)
    ucHeap                                   0x20000218   Data        4608  heap_4.o(.bss)
    .bss                                     0x20001418   Section      240  tasks.o(.bss)
    pxReadyTasksLists                        0x20001418   Data         140  tasks.o(.bss)
    xDelayedTaskList1                        0x200014a4   Data          20  tasks.o(.bss)
    xDelayedTaskList2                        0x200014b8   Data          20  tasks.o(.bss)
    xPendingReadyList                        0x200014cc   Data          20  tasks.o(.bss)
    xTasksWaitingTermination                 0x200014e0   Data          20  tasks.o(.bss)
    xSuspendedTaskList                       0x200014f4   Data          20  tasks.o(.bss)
    .bss                                     0x20001508   Section      128  device_inputtask.o(.bss)
    .bss                                     0x20001588   Section       36  maintask.o(.bss)
    .bss                                     0x200015ac   Section      128  wifi_task.o(.bss)
    STACK                                    0x20001630   Section     1024  startup_stm32f030.o(STACK)

    Global Symbols

    Symbol Name                              Value     Ov Type        Size  Object(Section)

    BuildAttributes$$THM_ISAv3M$S$PE$A:L22$X:L11$S22$IEEE1$IW$USESV6$~STKCKD$USESV7$~SHL$OTIME$ROPI$EBA8$MICROLIB$REQ8$PRES8$EABIv2 0x00000000   Number         0  anon$$obj.o ABSOLUTE
    __ARM_use_no_argv                        0x00000000   Number         0  main.o ABSOLUTE
    __cpp_initialize__aeabi_                  - Undefined Weak Reference
    __cxa_finalize                            - Undefined Weak Reference
    _clock_init                               - Undefined Weak Reference
    _microlib_exit                            - Undefined Weak Reference
    __Vectors_Size                           0x000000b4   Number         0  startup_stm32f030.o ABSOLUTE
    __Vectors                                0x08002000   Data           4  startup_stm32f030.o(RESET)
    __Vectors_End                            0x080020b4   Data           0  startup_stm32f030.o(RESET)
    __main                                   0x080020b5   Thumb Code     0  entry.o(.ARM.Collect$$$$00000000)
    _main_stk                                0x080020b5   Thumb Code     0  entry2.o(.ARM.Collect$$$$00000001)
    _main_scatterload                        0x080020b9   Thumb Code     0  entry5.o(.ARM.Collect$$$$00000004)
    __main_after_scatterload                 0x080020bd   Thumb Code     0  entry5.o(.ARM.Collect$$$$00000004)
    _main_clock                              0x080020bd   Thumb Code     0  entry7b.o(.ARM.Collect$$$$00000008)
    _main_cpp_init                           0x080020bd   Thumb Code     0  entry8b.o(.ARM.Collect$$$$0000000A)
    _main_init                               0x080020bd   Thumb Code     0  entry9a.o(.ARM.Collect$$$$0000000B)
    __rt_final_cpp                           0x080020c5   Thumb Code     0  entry10a.o(.ARM.Collect$$$$0000000D)
    __rt_final_exit                          0x080020c5   Thumb Code     0  entry11a.o(.ARM.Collect$$$$0000000F)
    __asm___6_port_c_39a90d8d__prvPortStartFirstTask 0x080020c9   Thumb Code    28  port.o(.emb_text)
    ulSetInterruptMaskFromISR                0x080020e9   Thumb Code     8  port.o(.emb_text)
    vClearInterruptMaskFromISR               0x080020f1   Thumb Code     6  port.o(.emb_text)
    xPortPendSVHandler                       0x080020f7   Thumb Code    62  port.o(.emb_text)
    Reset_Handler                            0x08002139   Thumb Code     8  startup_stm32f030.o(.text)
    SysTick_Handler                          0x08002149   Thumb Code     2  startup_stm32f030.o(.text)
    ADC1_IRQHandler                          0x0800214b   Thumb Code     0  startup_stm32f030.o(.text)
    DMA1_Channel1_IRQHandler                 0x0800214b   Thumb Code     0  startup_stm32f030.o(.text)
    DMA1_Channel2_3_IRQHandler               0x0800214b   Thumb Code     0  startup_stm32f030.o(.text)
    DMA1_Channel4_5_IRQHandler               0x0800214b   Thumb Code     0  startup_stm32f030.o(.text)
    EXTI0_1_IRQHandler                       0x0800214b   Thumb Code     0  startup_stm32f030.o(.text)
    EXTI2_3_IRQHandler                       0x0800214b   Thumb Code     0  startup_stm32f030.o(.text)
    EXTI4_15_IRQHandler                      0x0800214b   Thumb Code     0  startup_stm32f030.o(.text)
    FLASH_IRQHandler                         0x0800214b   Thumb Code     0  startup_stm32f030.o(.text)
    I2C1_IRQHandler                          0x0800214b   Thumb Code     0  startup_stm32f030.o(.text)
    I2C2_IRQHandler                          0x0800214b   Thumb Code     0  startup_stm32f030.o(.text)
    RCC_IRQHandler                           0x0800214b   Thumb Code     0  startup_stm32f030.o(.text)
    RTC_IRQHandler                           0x0800214b   Thumb Code     0  startup_stm32f030.o(.text)
    SPI1_IRQHandler                          0x0800214b   Thumb Code     0  startup_stm32f030.o(.text)
    SPI2_IRQHandler                          0x0800214b   Thumb Code     0  startup_stm32f030.o(.text)
    TIM14_IRQHandler                         0x0800214b   Thumb Code     0  startup_stm32f030.o(.text)
    TIM16_IRQHandler                         0x0800214b   Thumb Code     0  startup_stm32f030.o(.text)
    TIM17_IRQHandler                         0x0800214b   Thumb Code     0  startup_stm32f030.o(.text)
    TIM1_BRK_UP_TRG_COM_IRQHandler           0x0800214b   Thumb Code     0  startup_stm32f030.o(.text)
    TIM3_IRQHandler                          0x0800214b   Thumb Code     0  startup_stm32f030.o(.text)
    USART1_IRQHandler                        0x0800214b   Thumb Code     0  startup_stm32f030.o(.text)
    WWDG_IRQHandler                          0x0800214b   Thumb Code     0  startup_stm32f030.o(.text)
    __aeabi_uidiv                            0x08002155   Thumb Code     0  uidiv.o(.text)
    __aeabi_uidivmod                         0x08002155   Thumb Code    44  uidiv.o(.text)
    __aeabi_memcpy                           0x08002181   Thumb Code    36  memcpya.o(.text)
    __aeabi_memcpy4                          0x08002181   Thumb Code     0  memcpya.o(.text)
    __aeabi_memcpy8                          0x08002181   Thumb Code     0  memcpya.o(.text)
    __aeabi_memset                           0x080021a5   Thumb Code    14  memseta.o(.text)
    __aeabi_memset4                          0x080021a5   Thumb Code     0  memseta.o(.text)
    __aeabi_memset8                          0x080021a5   Thumb Code     0  memseta.o(.text)
    __aeabi_memclr                           0x080021b3   Thumb Code     4  memseta.o(.text)
    __aeabi_memclr4                          0x080021b3   Thumb Code     0  memseta.o(.text)
    __aeabi_memclr8                          0x080021b3   Thumb Code     0  memseta.o(.text)
    _memset$wrapper                          0x080021b7   Thumb Code    18  memseta.o(.text)
    strncmp                                  0x080021c9   Thumb Code    30  strncmp.o(.text)
    __aeabi_ddiv                             0x080021e9   Thumb Code   234  ddiv.o(.text)
    __aeabi_ui2d                             0x080022d9   Thumb Code    24  dfltui.o(.text)
    __aeabi_f2uiz                            0x080022f5   Thumb Code    40  ffixui.o(.text)
    __aeabi_d2f                              0x0800231d   Thumb Code    56  d2f.o(.text)
    __I$use$fp                               0x08002355   Thumb Code     0  iusefp.o(.text)
    _float_round                             0x08002355   Thumb Code    16  fepilogue.o(.text)
    _float_epilogue                          0x08002365   Thumb Code   114  fepilogue.o(.text)
    _double_round                            0x080023d7   Thumb Code    26  depilogue.o(.text)
    _double_epilogue                         0x080023f1   Thumb Code   164  depilogue.o(.text)
    __scatterload                            0x08002495   Thumb Code    28  init.o(.text)
    __scatterload_rt2                        0x08002495   Thumb Code     0  init.o(.text)
    __aeabi_llsl                             0x080024b9   Thumb Code    32  llshl.o(.text)
    _ll_shift_l                              0x080024b9   Thumb Code     0  llshl.o(.text)
    __aeabi_llsr                             0x080024d9   Thumb Code    34  llushr.o(.text)
    _ll_ushift_r                             0x080024d9   Thumb Code     0  llushr.o(.text)
    __decompress                             0x080024fb   Thumb Code     0  __dczerorl2.o(.text)
    __decompress1                            0x080024fb   Thumb Code    86  __dczerorl2.o(.text)
    ADC_ChannelConfig                        0x08002551   Thumb Code    10  stm32f0xx_adc.o(i.ADC_ChannelConfig)
    ADC_Cmd                                  0x0800255b   Thumb Code    18  stm32f0xx_adc.o(i.ADC_Cmd)
    ADC_DeInit                               0x0800256d   Thumb Code    28  stm32f0xx_adc.o(i.ADC_DeInit)
    ADC_GetCalibrationFactor                 0x0800258d   Thumb Code    46  stm32f0xx_adc.o(i.ADC_GetCalibrationFactor)
    ADC_GetConversionValue                   0x080025bb   Thumb Code     6  stm32f0xx_adc.o(i.ADC_GetConversionValue)
    ADC_GetFlagStatus                        0x080025c1   Thumb Code    28  stm32f0xx_adc.o(i.ADC_GetFlagStatus)
    ADC_Init                                 0x080025dd   Thumb Code    38  stm32f0xx_adc.o(i.ADC_Init)
    ADC_StartOfConversion                    0x08002609   Thumb Code    10  stm32f0xx_adc.o(i.ADC_StartOfConversion)
    ADC_StructInit                           0x08002613   Thumb Code    16  stm32f0xx_adc.o(i.ADC_StructInit)
    AqiCaculation                            0x08002625   Thumb Code   122  maintask.o(i.AqiCaculation)
    BuzzLightTimerInit                       0x080026fd   Thumb Code   126  bspoutput.o(i.BuzzLightTimerInit)
    BuzzerGpioInit                           0x08002789   Thumb Code    88  bspoutput.o(i.BuzzerGpioInit)
    BuzzerLedTimer                           0x080027e5   Thumb Code   364  device_outputtask.o(i.BuzzerLedTimer)
    BuzzerOnOff                              0x08002959   Thumb Code    28  bspoutput.o(i.BuzzerOnOff)
    ChangeFanPeriod                          0x08002975   Thumb Code    46  bspoutput.o(i.ChangeFanPeriod)
    CheckFifoSendFirstData                   0x080029b5   Thumb Code    46  wifi_task.o(i.CheckFifoSendFirstData)
    CheckTableLenght                         0x080029e9   Thumb Code    20  wifiprotocol.o(i.CheckTableLenght)
    CheckTickExpired                         0x080029fd   Thumb Code    50  device_inputtask.o(i.CheckTickExpired)
    ClearReceiveBuffer                       0x08002a31   Thumb Code    16  wifi_task.o(i.ClearReceiveBuffer)
    DeviceAdcInit                            0x08002a45   Thumb Code    58  bspinput.o(i.DeviceAdcInit)
    DeviceInputTask                          0x08002a89   Thumb Code   110  device_inputtask.o(i.DeviceInputTask)
    DeviceOutputTask                         0x08002b01   Thumb Code   186  device_outputtask.o(i.DeviceOutputTask)
    EnableRGBLEDLight                        0x08002c35   Thumb Code    84  bspoutput.o(i.EnableRGBLEDLight)
    EnvironmentValueScanProcess              0x08002c8d   Thumb Code    46  device_inputtask.o(i.EnvironmentValueScanProcess)
    FanGpioInit                              0x08002cc1   Thumb Code   142  bspoutput.o(i.FanGpioInit)
    FanTimerCounterStop                      0x08002d55   Thumb Code    32  bspoutput.o(i.FanTimerCounterStop)
    FanTimerInit                             0x08002d7d   Thumb Code   168  bspoutput.o(i.FanTimerInit)
    FanTimerStart                            0x08002e31   Thumb Code    32  bspoutput.o(i.FanTimerStart)
    FetchNullData                            0x08002e71   Thumb Code     2  wifi_task.o(i.FetchNullData)
    FetchPidPkey                             0x08002e75   Thumb Code    42  wifi_task.o(i.FetchPidPkey)
    GPIO_Init                                0x08002ef9   Thumb Code   112  stm32f0xx_gpio.o(i.GPIO_Init)
    GPIO_PinAFConfig                         0x08002f69   Thumb Code    32  stm32f0xx_gpio.o(i.GPIO_PinAFConfig)
    GPIO_ReadInputDataBit                    0x08002f89   Thumb Code    14  stm32f0xx_gpio.o(i.GPIO_ReadInputDataBit)
    GPIO_ReadOutputDataBit                   0x08002f97   Thumb Code    14  stm32f0xx_gpio.o(i.GPIO_ReadOutputDataBit)
    GPIO_ResetBits                           0x08002fa5   Thumb Code     4  stm32f0xx_gpio.o(i.GPIO_ResetBits)
    GPIO_SetBits                             0x08002fa9   Thumb Code     4  stm32f0xx_gpio.o(i.GPIO_SetBits)
    GPIO_StructInit                          0x08002fad   Thumb Code    18  stm32f0xx_gpio.o(i.GPIO_StructInit)
    GasDetection                             0x08002fc5   Thumb Code    92  device_inputtask.o(i.GasDetection)
    GasGpioInit                              0x08003029   Thumb Code    32  bspinput.o(i.GasGpioInit)
    GetAdcValue                              0x08003049   Thumb Code    86  bspinput.o(i.GetAdcValue)
    GetAqiValue                              0x080030a5   Thumb Code     4  maintask.o(i.GetAqiValue)
    GetAutoSpdRef                            0x080030ad   Thumb Code     4  maintask.o(i.GetAutoSpdRef)
    GetAverPayloadFromBuffer                 0x080030b5   Thumb Code    42  device_inputtask.o(i.GetAverPayloadFromBuffer)
    GetBuzOnOffStatus                        0x080030df   Thumb Code    16  bspoutput.o(i.GetBuzOnOffStatus)
    GetChecksum                              0x080030f1   Thumb Code    44  wifi_task.o(i.GetChecksum)
    GetCoverState                            0x08003125   Thumb Code     4  maintask.o(i.GetCoverState)
    GetDevFault                              0x0800312d   Thumb Code     4  maintask.o(i.GetDevFault)
    GetDustRef                               0x08003135   Thumb Code     4  maintask.o(i.GetDustRef)
    GetDustSen                               0x0800313d   Thumb Code     4  maintask.o(i.GetDustSen)
    GetDustSensorRawData                     0x08003145   Thumb Code    16  bspinput.o(i.GetDustSensorRawData)
    GetDustSubValue                          0x08003155   Thumb Code     4  maintask.o(i.GetDustSubValue)
    GetDustValue                             0x0800315d   Thumb Code     4  maintask.o(i.GetDustValue)
    GetFanPeriod                             0x08003165   Thumb Code    10  bspoutput.o(i.GetFanPeriod)
    GetFanSpdRef                             0x08003175   Thumb Code     4  maintask.o(i.GetFanSpdRef)
    GetFanSpeed                              0x0800317d   Thumb Code     4  maintask.o(i.GetFanSpeed)
    GetFilterRemain                          0x08003185   Thumb Code     4  maintask.o(i.GetFilterRemain)
    GetFirmwareVersion                       0x0800318d   Thumb Code     4  maintask.o(i.GetFirmwareVersion)
    GetGasAdcValue                           0x08003195   Thumb Code    10  bspinput.o(i.GetGasAdcValue)
    GetIOstatus                              0x080031a1   Thumb Code    88  key.o(i.GetIOstatus)
    GetLedState                              0x080031fd   Thumb Code     4  maintask.o(i.GetLedState)
    GetLumiAdcValue                          0x08003205   Thumb Code    10  bspinput.o(i.GetLumiAdcValue)
    GetLuminRef                              0x08003211   Thumb Code     4  maintask.o(i.GetLuminRef)
    GetLuminValue                            0x08003219   Thumb Code     4  maintask.o(i.GetLuminValue)
    GetModeState                             0x08003221   Thumb Code     4  maintask.o(i.GetModeState)
    GetParticalDensity                       0x08003229   Thumb Code   262  pms7003i.o(i.GetParticalDensity)
    GetSwitchIO                              0x08003335   Thumb Code    26  key.o(i.GetSwitchIO)
    GetTVOCRef                               0x08003351   Thumb Code     4  maintask.o(i.GetTVOCRef)
    GetTVOCValue                             0x08003359   Thumb Code     4  maintask.o(i.GetTVOCValue)
    GetTempHumValue                          0x08003361   Thumb Code     8  bspinput.o(i.GetTempHumValue)
    GetTempHumi                              0x08003369   Thumb Code   562  hdc1080.o(i.GetTempHumi)
    GetTimingValue                           0x080035a1   Thumb Code     4  maintask.o(i.GetTimingValue)
    HardFault_Handler                        0x080035a9   Thumb Code     2  stm32f0xx_it.o(i.HardFault_Handler)
    I2C_ClearFlag                            0x080035ab   Thumb Code     4  stm32f0xx_i2c.o(i.I2C_ClearFlag)
    I2C_Cmd                                  0x080035af   Thumb Code    20  stm32f0xx_i2c.o(i.I2C_Cmd)
    I2C_GetFlagStatus                        0x080035c3   Thumb Code    14  stm32f0xx_i2c.o(i.I2C_GetFlagStatus)
    I2C_Init                                 0x080035d1   Thumb Code    92  stm32f0xx_i2c.o(i.I2C_Init)
    I2C_ReceiveData                          0x08003635   Thumb Code     6  stm32f0xx_i2c.o(i.I2C_ReceiveData)
    I2C_SendData                             0x0800363b   Thumb Code     4  stm32f0xx_i2c.o(i.I2C_SendData)
    I2C_TransferHandling                     0x08003641   Thumb Code    28  stm32f0xx_i2c.o(i.I2C_TransferHandling)
    InputHardwareInit                        0x08003661   Thumb Code    24  bspinput.o(i.InputHardwareInit)
    InputVariableInit                        0x08003679   Thumb Code   116  device_inputtask.o(i.InputVariableInit)
    KeyScan                                  0x080036f5   Thumb Code   236  key.o(i.KeyScan)
    KeySwitchGPIO_Config                     0x080037e5   Thumb Code    40  bspinput.o(i.KeySwitchGPIO_Config)
    LedGpioInit                              0x08003815   Thumb Code   114  bspoutput.o(i.LedGpioInit)
    LedOffAll                                0x08003891   Thumb Code    58  device_outputtask.o(i.LedOffAll)
    LightLumiGpioInit                        0x080038d1   Thumb Code    32  bspinput.o(i.LightLumiGpioInit)
    LoopTimerInit                            0x080038f1   Thumb Code    16  device_inputtask.o(i.LoopTimerInit)
    LuminaceDetection                        0x08003901   Thumb Code    92  device_inputtask.o(i.LuminaceDetection)
    MainTask                                 0x08003a25   Thumb Code   532  maintask.o(i.MainTask)
    MainVariablesInit                        0x08003c5d   Thumb Code   162  maintask.o(i.MainVariablesInit)
    MotorPowerCtrl                           0x08003d11   Thumb Code    54  bspoutput.o(i.MotorPowerCtrl)
    NMI_Handler                              0x08003d47   Thumb Code     2  stm32f0xx_it.o(i.NMI_Handler)
    NVIC_Init                                0x08003d49   Thumb Code    70  stm32f0xx_misc.o(i.NVIC_Init)
    OutputHardwareInit                       0x08003d99   Thumb Code    44  bspoutput.o(i.OutputHardwareInit)
    OutputVariablesInit                      0x08003dc5   Thumb Code    48  device_outputtask.o(i.OutputVariablesInit)
    ParseWifiDatas                           0x08003df9   Thumb Code   122  wifiprotocol.o(i.ParseWifiDatas)
    PopFromFifo                              0x08003e73   Thumb Code    48  fifo.o(i.PopFromFifo)
    PushInFifo                               0x08003ea3   Thumb Code    46  fifo.o(i.PushInFifo)
    RCC_ADCCLKConfig                         0x08003ed1   Thumb Code    38  stm32f0xx_rcc.o(i.RCC_ADCCLKConfig)
    RCC_AHBPeriphClockCmd                    0x08003efd   Thumb Code    18  stm32f0xx_rcc.o(i.RCC_AHBPeriphClockCmd)
    RCC_APB1PeriphClockCmd                   0x08003f15   Thumb Code    18  stm32f0xx_rcc.o(i.RCC_APB1PeriphClockCmd)
    RCC_APB1PeriphResetCmd                   0x08003f2d   Thumb Code    18  stm32f0xx_rcc.o(i.RCC_APB1PeriphResetCmd)
    RCC_APB2PeriphClockCmd                   0x08003f45   Thumb Code    18  stm32f0xx_rcc.o(i.RCC_APB2PeriphClockCmd)
    RCC_APB2PeriphResetCmd                   0x08003f5d   Thumb Code    18  stm32f0xx_rcc.o(i.RCC_APB2PeriphResetCmd)
    RCC_GetClocksFreq                        0x08003f75   Thumb Code   284  stm32f0xx_rcc.o(i.RCC_GetClocksFreq)
    RGBLightPwrGpio_init                     0x080040ad   Thumb Code   120  bspoutput.o(i.RGBLightPwrGpio_init)
    RGBLightTimer_Init                       0x08004129   Thumb Code   114  bspoutput.o(i.RGBLightTimer_Init)
    RgbLightFade                             0x080041a9   Thumb Code    60  device_outputtask.o(i.RgbLightFade)
    RgbLightInit                             0x080041ed   Thumb Code    14  bspoutput.o(i.RgbLightInit)
    SYSCFG_MemoryRemapConfig                 0x08004205   Thumb Code    14  stm32f0xx_syscfg.o(i.SYSCFG_MemoryRemapConfig)
    SendCmd2WifiModule                       0x08004219   Thumb Code   206  wifiprotocol.o(i.SendCmd2WifiModule)
    SensorI2CGpio_Init                       0x080042e9   Thumb Code    72  bspinput.o(i.SensorI2CGpio_Init)
    SetBlueLed                               0x0800433d   Thumb Code    18  device_outputtask.o(i.SetBlueLed)
    SetLed1Off                               0x08004351   Thumb Code    14  bspoutput.o(i.SetLed1Off)
    SetLed1On                                0x08004365   Thumb Code    14  bspoutput.o(i.SetLed1On)
    SwitchScan                               0x080044c5   Thumb Code    86  key.o(i.SwitchScan)
    SystemInit                               0x08004521   Thumb Code    84  system_stm32f0xx.o(i.SystemInit)
    TIM15_IRQHandler                         0x080045d9   Thumb Code    46  bspoutput.o(i.TIM15_IRQHandler)
    TIM1_CC_IRQHandler                       0x08004611   Thumb Code   128  bspoutput.o(i.TIM1_CC_IRQHandler)
    TIM_CCxCmd                               0x0800469d   Thumb Code    22  stm32f0xx_tim.o(i.TIM_CCxCmd)
    TIM_ClearITPendingBit                    0x080046b3   Thumb Code     6  stm32f0xx_tim.o(i.TIM_ClearITPendingBit)
    TIM_Cmd                                  0x080046b9   Thumb Code    20  stm32f0xx_tim.o(i.TIM_Cmd)
    TIM_CtrlPWMOutputs                       0x080046cd   Thumb Code    24  stm32f0xx_tim.o(i.TIM_CtrlPWMOutputs)
    TIM_DeInit                               0x080046e5   Thumb Code   172  stm32f0xx_tim.o(i.TIM_DeInit)
    TIM_GetCapture1                          0x080047b1   Thumb Code     4  stm32f0xx_tim.o(i.TIM_GetCapture1)
    TIM_GetCapture4                          0x080047b5   Thumb Code     4  stm32f0xx_tim.o(i.TIM_GetCapture4)
    TIM_GetITStatus                          0x080047b9   Thumb Code    24  stm32f0xx_tim.o(i.TIM_GetITStatus)
    TIM_ICInit                               0x080047d1   Thumb Code   162  stm32f0xx_tim.o(i.TIM_ICInit)
    TIM_ICStructInit                         0x08004889   Thumb Code    16  stm32f0xx_tim.o(i.TIM_ICStructInit)
    TIM_ITConfig                             0x08004899   Thumb Code    16  stm32f0xx_tim.o(i.TIM_ITConfig)
    TIM_OC1Init                              0x080048a9   Thumb Code   104  stm32f0xx_tim.o(i.TIM_OC1Init)
    TIM_OC1PreloadConfig                     0x08004925   Thumb Code    12  stm32f0xx_tim.o(i.TIM_OC1PreloadConfig)
    TIM_OC2Init                              0x08004931   Thumb Code   124  stm32f0xx_tim.o(i.TIM_OC2Init)
    TIM_OC3Init                              0x080049c1   Thumb Code   110  stm32f0xx_tim.o(i.TIM_OC3Init)
    TIM_OC4Init                              0x08004a49   Thumb Code    78  stm32f0xx_tim.o(i.TIM_OC4Init)
    TIM_SetCompare1                          0x08004aad   Thumb Code     4  stm32f0xx_tim.o(i.TIM_SetCompare1)
    TIM_SetCounter                           0x08004ab1   Thumb Code     4  stm32f0xx_tim.o(i.TIM_SetCounter)
    TIM_SetIC1Prescaler                      0x08004ab5   Thumb Code    16  stm32f0xx_tim.o(i.TIM_SetIC1Prescaler)
    TIM_SetIC2Prescaler                      0x08004ac5   Thumb Code    18  stm32f0xx_tim.o(i.TIM_SetIC2Prescaler)
    TIM_SetIC3Prescaler                      0x08004add   Thumb Code    16  stm32f0xx_tim.o(i.TIM_SetIC3Prescaler)
    TIM_SetIC4Prescaler                      0x08004aed   Thumb Code    18  stm32f0xx_tim.o(i.TIM_SetIC4Prescaler)
    TIM_TimeBaseInit                         0x08004b05   Thumb Code    88  stm32f0xx_tim.o(i.TIM_TimeBaseInit)
    TIM_TimeBaseStructInit                   0x08004b79   Thumb Code    18  stm32f0xx_tim.o(i.TIM_TimeBaseStructInit)
    TempHumiScan                             0x08004b8d   Thumb Code   186  device_inputtask.o(i.TempHumiScan)
    TermDataStruct                           0x08004c51   Thumb Code   102  wifi_task.o(i.TermDataStruct)
    TimerNvicInit                            0x08004cbd   Thumb Code    42  bspoutput.o(i.TimerNvicInit)
    TransmitAllTermData                      0x08004ce9   Thumb Code   186  wifi_task.o(i.TransmitAllTermData)
    TransmitTermData                         0x08004da9   Thumb Code   160  wifi_task.o(i.TransmitTermData)
    USART2_IRQHandler                        0x08004e4d   Thumb Code   258  wifi_task.o(i.USART2_IRQHandler)
    USART_ClearITPendingBit                  0x08004f61   Thumb Code    10  stm32f0xx_usart.o(i.USART_ClearITPendingBit)
    USART_Cmd                                0x08004f6b   Thumb Code    20  stm32f0xx_usart.o(i.USART_Cmd)
    USART_DeInit                             0x08004f81   Thumb Code    78  stm32f0xx_usart.o(i.USART_DeInit)
    USART_GetFlagStatus                      0x08004fe1   Thumb Code    14  stm32f0xx_usart.o(i.USART_GetFlagStatus)
    USART_GetITStatus                        0x08004fef   Thumb Code    56  stm32f0xx_usart.o(i.USART_GetITStatus)
    USART_ITConfig                           0x08005027   Thumb Code    42  stm32f0xx_usart.o(i.USART_ITConfig)
    USART_Init                               0x08005051   Thumb Code   138  stm32f0xx_usart.o(i.USART_Init)
    USART_ReceiveData                        0x080050ed   Thumb Code     8  stm32f0xx_usart.o(i.USART_ReceiveData)
    USART_SendData                           0x080050f5   Thumb Code     8  stm32f0xx_usart.o(i.USART_SendData)
    USART_StructInit                         0x080050fd   Thumb Code    22  stm32f0xx_usart.o(i.USART_StructInit)
    WIFITask                                 0x08005115   Thumb Code   786  wifi_task.o(i.WIFITask)
    WifiGPIOInit                             0x08005439   Thumb Code    96  bspwifi.o(i.WifiGPIOInit)
    WifiHardwareInit                         0x08005499   Thumb Code    12  bspwifi.o(i.WifiHardwareInit)
    WifiRecRespond                           0x080054a5   Thumb Code    64  wifi_task.o(i.WifiRecRespond)
    WifiUartInit                             0x080054e9   Thumb Code   110  bspwifi.o(i.WifiUartInit)
    WifiVariablesInit                        0x08005565   Thumb Code    98  wifi_task.o(i.WifiVariablesInit)
    __ARM_clz                                0x080055cd   Thumb Code    46  depilogue.o(i.__ARM_clz)
    __ARM_common_switch8                     0x080055fb   Thumb Code    26  tasks.o(i.__ARM_common_switch8)
    __scatterload_copy                       0x08005615   Thumb Code    14  handlers.o(i.__scatterload_copy)
    __scatterload_null                       0x08005623   Thumb Code     2  handlers.o(i.__scatterload_null)
    __scatterload_zeroinit                   0x08005625   Thumb Code    14  handlers.o(i.__scatterload_zeroinit)
    main                                     0x08005635   Thumb Code   162  main.o(i.main)
    pvPortMalloc                             0x080059a1   Thumb Code   172  heap_4.o(i.pvPortMalloc)
    pvTaskIncrementMutexHeldCount            0x08005a51   Thumb Code    20  tasks.o(i.pvTaskIncrementMutexHeldCount)
    pxPortInitialiseStack                    0x08005a69   Thumb Code    28  port.o(i.pxPortInitialiseStack)
    uxListRemove                             0x08005a89   Thumb Code    36  list.o(i.uxListRemove)
    vApplicationStackOverflowHook            0x08005aad   Thumb Code     2  main.o(i.vApplicationStackOverflowHook)
    vListInitialise                          0x08005aaf   Thumb Code    22  list.o(i.vListInitialise)
    vListInitialiseItem                      0x08005ac5   Thumb Code     6  list.o(i.vListInitialiseItem)
    vListInsert                              0x08005acb   Thumb Code    48  list.o(i.vListInsert)
    vListInsertEnd                           0x08005afb   Thumb Code    24  list.o(i.vListInsertEnd)
    vPortEnterCritical                       0x08005b15   Thumb Code    20  port.o(i.vPortEnterCritical)
    vPortExitCritical                        0x08005b2d   Thumb Code    22  port.o(i.vPortExitCritical)
    vPortFree                                0x08005b49   Thumb Code    62  heap_4.o(i.vPortFree)
    vPortSVCHandler                          0x08005b8d   Thumb Code     2  port.o(i.vPortSVCHandler)
    vPortYield                               0x08005b91   Thumb Code    18  port.o(i.vPortYield)
    vTaskDelay                               0x08005ba9   Thumb Code    54  tasks.o(i.vTaskDelay)
    vTaskMissedYield                         0x08005be5   Thumb Code     8  tasks.o(i.vTaskMissedYield)
    vTaskPlaceOnEventList                    0x08005bf1   Thumb Code    56  tasks.o(i.vTaskPlaceOnEventList)
    vTaskPriorityInherit                     0x08005c31   Thumb Code    92  tasks.o(i.vTaskPriorityInherit)
    vTaskSetTimeOutState                     0x08005c95   Thumb Code    20  tasks.o(i.vTaskSetTimeOutState)
    vTaskStartScheduler                      0x08005cad   Thumb Code    58  tasks.o(i.vTaskStartScheduler)
    vTaskSuspendAll                          0x08005cf9   Thumb Code    10  tasks.o(i.vTaskSuspendAll)
    vTaskSwitchContext                       0x08005d09   Thumb Code   102  tasks.o(i.vTaskSwitchContext)
    xPortStartScheduler                      0x08005d79   Thumb Code    58  port.o(i.xPortStartScheduler)
    xPortSysTickHandler                      0x08005dc5   Thumb Code    32  port.o(i.xPortSysTickHandler)
    xQueueCreateCountingSemaphore            0x08005de9   Thumb Code    40  queue.o(i.xQueueCreateCountingSemaphore)
    xQueueGenericCreate                      0x08005e11   Thumb Code    74  queue.o(i.xQueueGenericCreate)
    xQueueGenericReceive                     0x08005e5b   Thumb Code   324  queue.o(i.xQueueGenericReceive)
    xQueueGenericReset                       0x08005f9f   Thumb Code   106  queue.o(i.xQueueGenericReset)
    xQueueGenericSend                        0x08006009   Thumb Code   284  queue.o(i.xQueueGenericSend)
    xQueueGiveFromISR                        0x08006125   Thumb Code   114  queue.o(i.xQueueGiveFromISR)
    xTaskCheckForTimeOut                     0x08006199   Thumb Code    80  tasks.o(i.xTaskCheckForTimeOut)
    xTaskGenericCreate                       0x080061ed   Thumb Code   384  tasks.o(i.xTaskGenericCreate)
    xTaskGetSchedulerState                   0x08006375   Thumb Code    26  tasks.o(i.xTaskGetSchedulerState)
    xTaskGetTickCount                        0x08006395   Thumb Code     6  tasks.o(i.xTaskGetTickCount)
    xTaskIncrementTick                       0x080063a1   Thumb Code   184  tasks.o(i.xTaskIncrementTick)
    xTaskPriorityDisinherit                  0x08006461   Thumb Code    92  tasks.o(i.xTaskPriorityDisinherit)
    xTaskRemoveFromEventList                 0x080064c5   Thumb Code    90  tasks.o(i.xTaskRemoveFromEventList)
    xTaskResumeAll                           0x08006529   Thumb Code   158  tasks.o(i.xTaskResumeAll)
    key2Msgtab                               0x080065d0   Data          15  device_inputtask.o(.constdata)
    RGBLightRegister                         0x080065e0   Data          16  device_outputtask.o(.constdata)
    version                                  0x080065f0   Data           2  maintask.o(.constdata)
    timingTable                              0x080065f2   Data           4  maintask.o(.constdata)
    luminDefaultRef                          0x080065f6   Data           4  maintask.o(.constdata)
    autoSpdRefDefault                        0x080065fa   Data           6  maintask.o(.constdata)
    dustRefDefault                           0x08006600   Data           6  maintask.o(.constdata)
    gasRefDefault                            0x08006606   Data           6  maintask.o(.constdata)
    runningValueDefault                      0x0800660c   Data          26  maintask.o(.constdata)
    spdRefDefault                            0x08006626   Data          10  maintask.o(.constdata)
    termination_info                         0x08006630   Data         152  wifi_task.o(.constdata)
    sendCmdArray                             0x080066c8   Data         192  wifi_task.o(.constdata)
    productId                                0x08006788   Data          33  wifi_task.o(.constdata)
    productKey                               0x080067a9   Data          33  wifi_task.o(.constdata)
    Region$$Table$$Base                      0x080067cc   Number         0  anon$$obj.o(Region$$Table)
    Region$$Table$$Limit                     0x080067ec   Number         0  anon$$obj.o(Region$$Table)
    SystemCoreClock                          0x200000c0   Data           4  system_stm32f0xx.o(.data)
    AHBPrescTable                            0x200000c4   Data          16  system_stm32f0xx.o(.data)
    pxCurrentTCB                             0x20000100   Data           4  tasks.o(.data)
    mainTask                                 0x20000138   Data           4  main.o(.data)
    deviceOutputTask                         0x2000013c   Data           4  main.o(.data)
    deviceInputTask                          0x20000140   Data           4  main.o(.data)
    wifiTask                                 0x20000144   Data           4  main.o(.data)
    inputValue                               0x20000160   Data           4  device_inputtask.o(.data)
    inputMsg                                 0x20000164   Data           4  device_inputtask.o(.data)
    inputMsgQueue                            0x20000168   Data           4  device_inputtask.o(.data)
    inputDustSem                             0x2000016c   Data           4  device_inputtask.o(.data)
    ms100Loop                                0x20000170   Data           4  device_inputtask.o(.data)
    ms200Loop                                0x20000174   Data           4  device_inputtask.o(.data)
    outputVariable                           0x2000017a   Data           2  device_outputtask.o(.data)
    outputMsgQueue                           0x2000017c   Data           4  device_outputtask.o(.data)
    outputMsg                                0x20000180   Data           4  device_outputtask.o(.data)
    buzLedTimer                              0x20000184   Data           4  device_outputtask.o(.data)
    timingCnt                                0x20000188   Data           2  maintask.o(.data)
    filterCnt                                0x2000018a   Data           3  maintask.o(.data)
    mInputMsg                                0x20000190   Data           4  maintask.o(.data)
    mWifiRecMsg                              0x20000194   Data           4  maintask.o(.data)
    mWifiSndMsg                              0x20000198   Data           4  maintask.o(.data)
    mOutputMsg                               0x2000019c   Data           4  maintask.o(.data)
    filterLive                               0x200001a0   Data           4  maintask.o(.data)
    luminRef                                 0x200001a4   Data           4  maintask.o(.data)
    semWifiVariable                          0x200001a8   Data           4  maintask.o(.data)
    secondLoop                               0x200001ac   Data           4  maintask.o(.data)
    mFilterCnt                               0x200001b0   Data           4  maintask.o(.data)
    autoSpdRef                               0x200001b4   Data           6  maintask.o(.data)
    dustRef                                  0x200001ba   Data           6  maintask.o(.data)
    gasRef                                   0x200001c0   Data           6  maintask.o(.data)
    netStatus                                0x200001c8   Data           1  wifi_task.o(.data)
    netStatus_tmp                            0x200001c9   Data           1  wifi_task.o(.data)
    wifiState                                0x200001ca   Data           1  wifi_task.o(.data)
    uartState                                0x200001cb   Data           1  wifi_task.o(.data)
    wifiRecQueue                             0x200001d0   Data           4  wifi_task.o(.data)
    wifiSndQueue                             0x200001d4   Data           4  wifi_task.o(.data)
    semRecComplete                           0x200001d8   Data           4  wifi_task.o(.data)
    semSendEnable                            0x200001dc   Data           4  wifi_task.o(.data)
    wifiSndMsg                               0x200001e0   Data           4  wifi_task.o(.data)
    wifiRecMsg                               0x200001e4   Data           4  wifi_task.o(.data)
    wifiFrame                                0x200001e8   Data           4  wifi_task.o(.data)
    uartSendFifo                             0x200001ec   Data           4  wifi_task.o(.data)
    wifiLedLoop                              0x200001f0   Data           4  wifi_task.o(.data)
    captureStatus                            0x200001f4   Data           1  bspoutput.o(.data)
    fanPeriod                                0x200001f6   Data           2  bspoutput.o(.data)
    buzzPeriod                               0x200001f8   Data           2  bspoutput.o(.data)
    lightDuty                                0x200001fa   Data           2  bspoutput.o(.data)
    fanSpdPeriod                             0x200001fc   Data           2  bspoutput.o(.data)
    captureLow                               0x200001fe   Data           2  bspoutput.o(.data)
    captureHigh                              0x20000200   Data           2  bspoutput.o(.data)
    rgbLightValue                            0x20000202   Data           8  bspoutput.o(.data)
    dustValueBuf                             0x20001508   Data          20  device_inputtask.o(.bss)
    gasValueBuf                              0x2000151c   Data          24  device_inputtask.o(.bss)
    luminValueBuf                            0x20001534   Data          24  device_inputtask.o(.bss)
    speedValueBuf                            0x2000154c   Data          20  device_inputtask.o(.bss)
    tempValueBuf                             0x20001560   Data          20  device_inputtask.o(.bss)
    humiValueBuf                             0x20001574   Data          20  device_inputtask.o(.bss)
    runningValue                             0x20001588   Data          26  maintask.o(.bss)
    spdRef                                   0x200015a2   Data          10  maintask.o(.bss)
    uartSendBuf                              0x200015ac   Data         128  wifi_task.o(.bss)
    __initial_sp                             0x20001a30   Data           0  startup_stm32f030.o(STACK)



==============================================================================

Memory Map of the image

  Image Entry point : 0x080020b5

  Load Region LR_IROM1 (Base: 0x08002000, Size: 0x00004944, Max: 0x0000d800, ABSOLUTE, COMPRESSED[0x0000481c])

    Execution Region ER_IROM1 (Base: 0x08002000, Size: 0x000047ec, Max: 0x0000d800, ABSOLUTE)

    Base Addr    Size         Type   Attr      Idx    E Section Name        Object

    0x08002000   0x000000b4   Data   RO            3    RESET               startup_stm32f030.o
    0x080020b4   0x00000000   Code   RO         4722  * .ARM.Collect$$$$00000000  mc_p.l(entry.o)
    0x080020b4   0x00000004   Code   RO         4743    .ARM.Collect$$$$00000001  mc_p.l(entry2.o)
    0x080020b8   0x00000004   Code   RO         4746    .ARM.Collect$$$$00000004  mc_p.l(entry5.o)
    0x080020bc   0x00000000   Code   RO         4748    .ARM.Collect$$$$00000008  mc_p.l(entry7b.o)
    0x080020bc   0x00000000   Code   RO         4750    .ARM.Collect$$$$0000000A  mc_p.l(entry8b.o)
    0x080020bc   0x00000008   Code   RO         4751    .ARM.Collect$$$$0000000B  mc_p.l(entry9a.o)
    0x080020c4   0x00000000   Code   RO         4753    .ARM.Collect$$$$0000000D  mc_p.l(entry10a.o)
    0x080020c4   0x00000000   Code   RO         4755    .ARM.Collect$$$$0000000F  mc_p.l(entry11a.o)
    0x080020c4   0x00000004   Code   RO         4744    .ARM.Collect$$$$00002712  mc_p.l(entry2.o)
    0x080020c8   0x00000070   Code   RO         3075    .emb_text           port.o
    0x08002138   0x0000001c   Code   RO            4    .text               startup_stm32f030.o
    0x08002154   0x0000002c   Code   RO         4725    .text               mc_p.l(uidiv.o)
    0x08002180   0x00000024   Code   RO         4727    .text               mc_p.l(memcpya.o)
    0x080021a4   0x00000024   Code   RO         4729    .text               mc_p.l(memseta.o)
    0x080021c8   0x0000001e   Code   RO         4731    .text               mc_p.l(strncmp.o)
    0x080021e6   0x00000002   PAD
    0x080021e8   0x000000f0   Code   RO         4735    .text               mf_p.l(ddiv.o)
    0x080022d8   0x0000001c   Code   RO         4737    .text               mf_p.l(dfltui.o)
    0x080022f4   0x00000028   Code   RO         4739    .text               mf_p.l(ffixui.o)
    0x0800231c   0x00000038   Code   RO         4741    .text               mf_p.l(d2f.o)
    0x08002354   0x00000000   Code   RO         4757    .text               mc_p.l(iusefp.o)
    0x08002354   0x00000082   Code   RO         4758    .text               mf_p.l(fepilogue.o)
    0x080023d6   0x000000be   Code   RO         4760    .text               mf_p.l(depilogue.o)
    0x08002494   0x00000024   Code   RO         4764    .text               mc_p.l(init.o)
    0x080024b8   0x00000020   Code   RO         4766    .text               mc_p.l(llshl.o)
    0x080024d8   0x00000022   Code   RO         4768    .text               mc_p.l(llushr.o)
    0x080024fa   0x00000056   Code   RO         4778    .text               mc_p.l(__dczerorl2.o)
    0x08002550   0x0000000a   Code   RO          121    i.ADC_ChannelConfig  stm32f0xx_adc.o
    0x0800255a   0x00000012   Code   RO          125    i.ADC_Cmd           stm32f0xx_adc.o
    0x0800256c   0x00000020   Code   RO          129    i.ADC_DeInit        stm32f0xx_adc.o
    0x0800258c   0x0000002e   Code   RO          131    i.ADC_GetCalibrationFactor  stm32f0xx_adc.o
    0x080025ba   0x00000006   Code   RO          132    i.ADC_GetConversionValue  stm32f0xx_adc.o
    0x080025c0   0x0000001c   Code   RO          133    i.ADC_GetFlagStatus  stm32f0xx_adc.o
    0x080025dc   0x0000002c   Code   RO          136    i.ADC_Init          stm32f0xx_adc.o
    0x08002608   0x0000000a   Code   RO          139    i.ADC_StartOfConversion  stm32f0xx_adc.o
    0x08002612   0x00000010   Code   RO          141    i.ADC_StructInit    stm32f0xx_adc.o
    0x08002622   0x00000002   PAD
    0x08002624   0x00000088   Code   RO         3921    i.AqiCaculation     maintask.o
    0x080026ac   0x0000004e   Code   RO         3752    i.BubbleSort        device_inputtask.o
    0x080026fa   0x00000002   PAD
    0x080026fc   0x0000008c   Code   RO         4414    i.BuzzLightTimerInit  bspoutput.o
    0x08002788   0x0000005c   Code   RO         4415    i.BuzzerGpioInit    bspoutput.o
    0x080027e4   0x00000174   Code   RO         3856    i.BuzzerLedTimer    device_outputtask.o
    0x08002958   0x0000001c   Code   RO         4416    i.BuzzerOnOff       bspoutput.o
    0x08002974   0x00000040   Code   RO         4417    i.ChangeFanPeriod   bspoutput.o
    0x080029b4   0x00000034   Code   RO         4101    i.CheckFifoSendFirstData  wifi_task.o
    0x080029e8   0x00000014   Code   RO         3689    i.CheckTableLenght  wifiprotocol.o
    0x080029fc   0x00000032   Code   RO         3753    i.CheckTickExpired  device_inputtask.o
    0x08002a2e   0x00000002   PAD
    0x08002a30   0x00000014   Code   RO         4102    i.ClearReceiveBuffer  wifi_task.o
    0x08002a44   0x00000044   Code   RO         4312    i.DeviceAdcInit     bspinput.o
    0x08002a88   0x00000078   Code   RO         3754    i.DeviceInputTask   device_inputtask.o
    0x08002b00   0x000000d0   Code   RO         3857    i.DeviceOutputTask  device_outputtask.o
    0x08002bd0   0x00000064   Code   RO         3755    i.DustDensityProcess  device_inputtask.o
    0x08002c34   0x00000058   Code   RO         4419    i.EnableRGBLEDLight  bspoutput.o
    0x08002c8c   0x00000034   Code   RO         3756    i.EnvironmentValueScanProcess  device_inputtask.o
    0x08002cc0   0x00000094   Code   RO         4420    i.FanGpioInit       bspoutput.o
    0x08002d54   0x00000028   Code   RO         4421    i.FanTimerCounterStop  bspoutput.o
    0x08002d7c   0x000000b4   Code   RO         4422    i.FanTimerInit      bspoutput.o
    0x08002e30   0x00000028   Code   RO         4423    i.FanTimerStart     bspoutput.o
    0x08002e58   0x00000018   Code   RO         3922    i.FaultDetection    maintask.o
    0x08002e70   0x00000002   Code   RO         4119    i.FetchNullData     wifi_task.o
    0x08002e72   0x00000002   PAD
    0x08002e74   0x00000034   Code   RO         4120    i.FetchPidPkey      wifi_task.o
    0x08002ea8   0x00000050   Code   RO         3923    i.FilterLiveCount   maintask.o
    0x08002ef8   0x00000070   Code   RO          700    i.GPIO_Init         stm32f0xx_gpio.o
    0x08002f68   0x00000020   Code   RO          701    i.GPIO_PinAFConfig  stm32f0xx_gpio.o
    0x08002f88   0x0000000e   Code   RO          704    i.GPIO_ReadInputDataBit  stm32f0xx_gpio.o
    0x08002f96   0x0000000e   Code   RO          706    i.GPIO_ReadOutputDataBit  stm32f0xx_gpio.o
    0x08002fa4   0x00000004   Code   RO          707    i.GPIO_ResetBits    stm32f0xx_gpio.o
    0x08002fa8   0x00000004   Code   RO          708    i.GPIO_SetBits      stm32f0xx_gpio.o
    0x08002fac   0x00000018   Code   RO          709    i.GPIO_StructInit   stm32f0xx_gpio.o
    0x08002fc4   0x00000064   Code   RO         3757    i.GasDetection      device_inputtask.o
    0x08003028   0x00000020   Code   RO         4314    i.GasGpioInit       bspinput.o
    0x08003048   0x0000005c   Code   RO         4315    i.GetAdcValue       bspinput.o
    0x080030a4   0x00000008   Code   RO         3924    i.GetAqiValue       maintask.o
    0x080030ac   0x00000008   Code   RO         3925    i.GetAutoSpdRef     maintask.o
    0x080030b4   0x0000002a   Code   RO         3758    i.GetAverPayloadFromBuffer  device_inputtask.o
    0x080030de   0x00000010   Code   RO         4425    i.GetBuzOnOffStatus  bspoutput.o
    0x080030ee   0x00000002   PAD
    0x080030f0   0x00000034   Code   RO         4123    i.GetChecksum       wifi_task.o
    0x08003124   0x00000008   Code   RO         3926    i.GetCoverState     maintask.o
    0x0800312c   0x00000008   Code   RO         3927    i.GetDevFault       maintask.o
    0x08003134   0x00000008   Code   RO         3928    i.GetDustRef        maintask.o
    0x0800313c   0x00000008   Code   RO         3929    i.GetDustSen        maintask.o
    0x08003144   0x00000010   Code   RO         4316    i.GetDustSensorRawData  bspinput.o
    0x08003154   0x00000008   Code   RO         3930    i.GetDustSubValue   maintask.o
    0x0800315c   0x00000008   Code   RO         3931    i.GetDustValue      maintask.o
    0x08003164   0x00000010   Code   RO         4426    i.GetFanPeriod      bspoutput.o
    0x08003174   0x00000008   Code   RO         3932    i.GetFanSpdRef      maintask.o
    0x0800317c   0x00000008   Code   RO         3933    i.GetFanSpeed       maintask.o
    0x08003184   0x00000008   Code   RO         3934    i.GetFilterRemain   maintask.o
    0x0800318c   0x00000008   Code   RO         3935    i.GetFirmwareVersion  maintask.o
    0x08003194   0x0000000a   Code   RO         4317    i.GetGasAdcValue    bspinput.o
    0x0800319e   0x00000002   PAD
    0x080031a0   0x0000005c   Code   RO         4662    i.GetIOstatus       key.o
    0x080031fc   0x00000008   Code   RO         3936    i.GetLedState       maintask.o
    0x08003204   0x0000000a   Code   RO         4319    i.GetLumiAdcValue   bspinput.o
    0x0800320e   0x00000002   PAD
    0x08003210   0x00000008   Code   RO         3937    i.GetLuminRef       maintask.o
    0x08003218   0x00000008   Code   RO         3938    i.GetLuminValue     maintask.o
    0x08003220   0x00000008   Code   RO         3939    i.GetModeState      maintask.o
    0x08003228   0x0000010c   Code   RO         4704    i.GetParticalDensity  pms7003i.o
    0x08003334   0x0000001a   Code   RO         4663    i.GetSwitchIO       key.o
    0x0800334e   0x00000002   PAD
    0x08003350   0x00000008   Code   RO         3940    i.GetTVOCRef        maintask.o
    0x08003358   0x00000008   Code   RO         3941    i.GetTVOCValue      maintask.o
    0x08003360   0x00000008   Code   RO         4320    i.GetTempHumValue   bspinput.o
    0x08003368   0x00000238   Code   RO         4627    i.GetTempHumi       hdc1080.o
    0x080035a0   0x00000008   Code   RO         3942    i.GetTimingValue    maintask.o
    0x080035a8   0x00000002   Code   RO         3662    i.HardFault_Handler  stm32f0xx_it.o
    0x080035aa   0x00000004   Code   RO          796    i.I2C_ClearFlag     stm32f0xx_i2c.o
    0x080035ae   0x00000014   Code   RO          799    i.I2C_Cmd           stm32f0xx_i2c.o
    0x080035c2   0x0000000e   Code   RO          808    i.I2C_GetFlagStatus  stm32f0xx_i2c.o
    0x080035d0   0x00000064   Code   RO          814    i.I2C_Init          stm32f0xx_i2c.o
    0x08003634   0x00000006   Code   RO          820    i.I2C_ReceiveData   stm32f0xx_i2c.o
    0x0800363a   0x00000004   Code   RO          823    i.I2C_SendData      stm32f0xx_i2c.o
    0x0800363e   0x00000002   PAD
    0x08003640   0x00000020   Code   RO          832    i.I2C_TransferHandling  stm32f0xx_i2c.o
    0x08003660   0x00000018   Code   RO         4322    i.InputHardwareInit  bspinput.o
    0x08003678   0x0000007c   Code   RO         3759    i.InputVariableInit  device_inputtask.o
    0x080036f4   0x000000f0   Code   RO         4664    i.KeyScan           key.o
    0x080037e4   0x00000030   Code   RO         4323    i.KeySwitchGPIO_Config  bspinput.o
    0x08003814   0x0000007c   Code   RO         4431    i.LedGpioInit       bspoutput.o
    0x08003890   0x00000040   Code   RO         3858    i.LedOffAll         device_outputtask.o
    0x080038d0   0x00000020   Code   RO         4324    i.LightLumiGpioInit  bspinput.o
    0x080038f0   0x00000010   Code   RO         3760    i.LoopTimerInit     device_inputtask.o
    0x08003900   0x00000064   Code   RO         3761    i.LuminaceDetection  device_inputtask.o
    0x08003964   0x00000024   Code   RO         3943    i.MainSetBuzzer     maintask.o
    0x08003988   0x0000003c   Code   RO         3944    i.MainSetMode       maintask.o
    0x080039c4   0x00000060   Code   RO         3945    i.MainSetSpeed      maintask.o
    0x08003a24   0x00000238   Code   RO         3946    i.MainTask          maintask.o
    0x08003c5c   0x000000b4   Code   RO         3947    i.MainVariablesInit  maintask.o
    0x08003d10   0x00000036   Code   RO         4432    i.MotorPowerCtrl    bspoutput.o
    0x08003d46   0x00000002   Code   RO         3663    i.NMI_Handler       stm32f0xx_it.o
    0x08003d48   0x00000050   Code   RO         1113    i.NVIC_Init         stm32f0xx_misc.o
    0x08003d98   0x0000002c   Code   RO         4433    i.OutputHardwareInit  bspoutput.o
    0x08003dc4   0x00000034   Code   RO         3859    i.OutputVariablesInit  device_outputtask.o
    0x08003df8   0x0000007a   Code   RO         3690    i.ParseWifiDatas    wifiprotocol.o
    0x08003e72   0x00000030   Code   RO         3727    i.PopFromFifo       fifo.o
    0x08003ea2   0x0000002e   Code   RO         3728    i.PushInFifo        fifo.o
    0x08003ed0   0x0000002c   Code   RO         1145    i.RCC_ADCCLKConfig  stm32f0xx_rcc.o
    0x08003efc   0x00000018   Code   RO         1146    i.RCC_AHBPeriphClockCmd  stm32f0xx_rcc.o
    0x08003f14   0x00000018   Code   RO         1148    i.RCC_APB1PeriphClockCmd  stm32f0xx_rcc.o
    0x08003f2c   0x00000018   Code   RO         1149    i.RCC_APB1PeriphResetCmd  stm32f0xx_rcc.o
    0x08003f44   0x00000018   Code   RO         1150    i.RCC_APB2PeriphClockCmd  stm32f0xx_rcc.o
    0x08003f5c   0x00000018   Code   RO         1151    i.RCC_APB2PeriphResetCmd  stm32f0xx_rcc.o
    0x08003f74   0x00000138   Code   RO         1160    i.RCC_GetClocksFreq  stm32f0xx_rcc.o
    0x080040ac   0x0000007c   Code   RO         4434    i.RGBLightPwrGpio_init  bspoutput.o
    0x08004128   0x00000080   Code   RO         4435    i.RGBLightTimer_Init  bspoutput.o
    0x080041a8   0x00000044   Code   RO         3860    i.RgbLightFade      device_outputtask.o
    0x080041ec   0x00000018   Code   RO         4436    i.RgbLightInit      bspoutput.o
    0x08004204   0x00000014   Code   RO         1950    i.SYSCFG_MemoryRemapConfig  stm32f0xx_syscfg.o
    0x08004218   0x000000ce   Code   RO         3691    i.SendCmd2WifiModule  wifiprotocol.o
    0x080042e6   0x00000002   PAD
    0x080042e8   0x00000054   Code   RO         4325    i.SensorI2CGpio_Init  bspinput.o
    0x0800433c   0x00000012   Code   RO         3861    i.SetBlueLed        device_outputtask.o
    0x0800434e   0x00000002   PAD
    0x08004350   0x00000014   Code   RO         4437    i.SetLed1Off        bspoutput.o
    0x08004364   0x00000014   Code   RO         4438    i.SetLed1On         bspoutput.o
    0x08004378   0x00000050   Code   RO         3862    i.SetModeLed        device_outputtask.o
    0x080043c8   0x00000098   Code   RO           12    i.SetSysClock       system_stm32f0xx.o
    0x08004460   0x00000064   Code   RO         3762    i.SpeedScan         device_inputtask.o
    0x080044c4   0x0000005c   Code   RO         4665    i.SwitchScan        key.o
    0x08004520   0x00000060   Code   RO           14    i.SystemInit        system_stm32f0xx.o
    0x08004580   0x00000028   Code   RO         2005    i.TI1_Config        stm32f0xx_tim.o
    0x080045a8   0x00000030   Code   RO         2006    i.TI2_Config        stm32f0xx_tim.o
    0x080045d8   0x00000038   Code   RO         4439    i.TIM15_IRQHandler  bspoutput.o
    0x08004610   0x0000008c   Code   RO         4440    i.TIM1_CC_IRQHandler  bspoutput.o
    0x0800469c   0x00000016   Code   RO         2011    i.TIM_CCxCmd        stm32f0xx_tim.o
    0x080046b2   0x00000006   Code   RO         2014    i.TIM_ClearITPendingBit  stm32f0xx_tim.o
    0x080046b8   0x00000014   Code   RO         2019    i.TIM_Cmd           stm32f0xx_tim.o
    0x080046cc   0x00000018   Code   RO         2021    i.TIM_CtrlPWMOutputs  stm32f0xx_tim.o
    0x080046e4   0x000000cc   Code   RO         2024    i.TIM_DeInit        stm32f0xx_tim.o
    0x080047b0   0x00000004   Code   RO         2034    i.TIM_GetCapture1   stm32f0xx_tim.o
    0x080047b4   0x00000004   Code   RO         2037    i.TIM_GetCapture4   stm32f0xx_tim.o
    0x080047b8   0x00000018   Code   RO         2040    i.TIM_GetITStatus   stm32f0xx_tim.o
    0x080047d0   0x000000b8   Code   RO         2042    i.TIM_ICInit        stm32f0xx_tim.o
    0x08004888   0x00000010   Code   RO         2043    i.TIM_ICStructInit  stm32f0xx_tim.o
    0x08004898   0x00000010   Code   RO         2044    i.TIM_ITConfig      stm32f0xx_tim.o
    0x080048a8   0x0000007c   Code   RO         2048    i.TIM_OC1Init       stm32f0xx_tim.o
    0x08004924   0x0000000c   Code   RO         2051    i.TIM_OC1PreloadConfig  stm32f0xx_tim.o
    0x08004930   0x00000090   Code   RO         2053    i.TIM_OC2Init       stm32f0xx_tim.o
    0x080049c0   0x00000088   Code   RO         2058    i.TIM_OC3Init       stm32f0xx_tim.o
    0x08004a48   0x00000064   Code   RO         2063    i.TIM_OC4Init       stm32f0xx_tim.o
    0x08004aac   0x00000004   Code   RO         2082    i.TIM_SetCompare1   stm32f0xx_tim.o
    0x08004ab0   0x00000004   Code   RO         2086    i.TIM_SetCounter    stm32f0xx_tim.o
    0x08004ab4   0x00000010   Code   RO         2087    i.TIM_SetIC1Prescaler  stm32f0xx_tim.o
    0x08004ac4   0x00000018   Code   RO         2088    i.TIM_SetIC2Prescaler  stm32f0xx_tim.o
    0x08004adc   0x00000010   Code   RO         2089    i.TIM_SetIC3Prescaler  stm32f0xx_tim.o
    0x08004aec   0x00000018   Code   RO         2090    i.TIM_SetIC4Prescaler  stm32f0xx_tim.o
    0x08004b04   0x00000074   Code   RO         2092    i.TIM_TimeBaseInit  stm32f0xx_tim.o
    0x08004b78   0x00000012   Code   RO         2093    i.TIM_TimeBaseStructInit  stm32f0xx_tim.o
    0x08004b8a   0x00000002   PAD
    0x08004b8c   0x000000c4   Code   RO         3763    i.TempHumiScan      device_inputtask.o
    0x08004c50   0x0000006c   Code   RO         4124    i.TermDataStruct    wifi_task.o
    0x08004cbc   0x0000002a   Code   RO         4441    i.TimerNvicInit     bspoutput.o
    0x08004ce6   0x00000002   PAD
    0x08004ce8   0x000000c0   Code   RO         4125    i.TransmitAllTermData  wifi_task.o
    0x08004da8   0x000000a4   Code   RO         4126    i.TransmitTermData  wifi_task.o
    0x08004e4c   0x00000114   Code   RO         4127    i.USART2_IRQHandler  wifi_task.o
    0x08004f60   0x0000000a   Code   RO         2562    i.USART_ClearITPendingBit  stm32f0xx_usart.o
    0x08004f6a   0x00000014   Code   RO         2565    i.USART_Cmd         stm32f0xx_usart.o
    0x08004f7e   0x00000002   PAD
    0x08004f80   0x00000060   Code   RO         2571    i.USART_DeInit      stm32f0xx_usart.o
    0x08004fe0   0x0000000e   Code   RO         2573    i.USART_GetFlagStatus  stm32f0xx_usart.o
    0x08004fee   0x00000038   Code   RO         2574    i.USART_GetITStatus  stm32f0xx_usart.o
    0x08005026   0x0000002a   Code   RO         2576    i.USART_ITConfig    stm32f0xx_usart.o
    0x08005050   0x0000009c   Code   RO         2577    i.USART_Init        stm32f0xx_usart.o
    0x080050ec   0x00000008   Code   RO         2589    i.USART_ReceiveData  stm32f0xx_usart.o
    0x080050f4   0x00000008   Code   RO         2594    i.USART_SendData    stm32f0xx_usart.o
    0x080050fc   0x00000016   Code   RO         2606    i.USART_StructInit  stm32f0xx_usart.o
    0x08005112   0x00000002   PAD
    0x08005114   0x00000324   Code   RO         4128    i.WIFITask          wifi_task.o
    0x08005438   0x00000060   Code   RO         4595    i.WifiGPIOInit      bspwifi.o
    0x08005498   0x0000000c   Code   RO         4596    i.WifiHardwareInit  bspwifi.o
    0x080054a4   0x00000044   Code   RO         4130    i.WifiRecRespond    wifi_task.o
    0x080054e8   0x0000007c   Code   RO         4597    i.WifiUartInit      bspwifi.o
    0x08005564   0x00000068   Code   RO         4131    i.WifiVariablesInit  wifi_task.o
    0x080055cc   0x0000002e   Code   RO         4762    i.__ARM_clz         mf_p.l(depilogue.o)
    0x080055fa   0x0000001a   Code   RO         3612    i.__ARM_common_switch8  tasks.o
    0x08005614   0x0000000e   Code   RO         4772    i.__scatterload_copy  mc_p.l(handlers.o)
    0x08005622   0x00000002   Code   RO         4773    i.__scatterload_null  mc_p.l(handlers.o)
    0x08005624   0x0000000e   Code   RO         4774    i.__scatterload_zeroinit  mc_p.l(handlers.o)
    0x08005632   0x00000002   PAD
    0x08005634   0x000000f8   Code   RO         3629    i.main              main.o
    0x0800572c   0x00000034   Code   RO         3315    i.prvAddCurrentTaskToDelayedList  tasks.o
    0x08005760   0x0000005c   Code   RO         3316    i.prvCheckTasksWaitingTermination  tasks.o
    0x080057bc   0x00000026   Code   RO         3140    i.prvCopyDataFromQueue  queue.o
    0x080057e2   0x00000076   Code   RO         3141    i.prvCopyDataToQueue  queue.o
    0x08005858   0x00000044   Code   RO         2990    i.prvHeapInit       heap_4.o
    0x0800589c   0x00000018   Code   RO         3317    i.prvIdleTask       tasks.o
    0x080058b4   0x0000004c   Code   RO         2991    i.prvInsertBlockIntoFreeList  heap_4.o
    0x08005900   0x00000020   Code   RO         3319    i.prvResetNextTaskUnblockTime  tasks.o
    0x08005920   0x00000014   Code   RO         3076    i.prvTaskExitError  port.o
    0x08005934   0x0000006a   Code   RO         3142    i.prvUnlockQueue    queue.o
    0x0800599e   0x00000002   PAD
    0x080059a0   0x000000b0   Code   RO         2992    i.pvPortMalloc      heap_4.o
    0x08005a50   0x00000018   Code   RO         3322    i.pvTaskIncrementMutexHeldCount  tasks.o
    0x08005a68   0x00000020   Code   RO         3077    i.pxPortInitialiseStack  port.o
    0x08005a88   0x00000024   Code   RO         3039    i.uxListRemove      list.o
    0x08005aac   0x00000002   Code   RO         3630    i.vApplicationStackOverflowHook  main.o
    0x08005aae   0x00000016   Code   RO         3040    i.vListInitialise   list.o
    0x08005ac4   0x00000006   Code   RO         3041    i.vListInitialiseItem  list.o
    0x08005aca   0x00000030   Code   RO         3042    i.vListInsert       list.o
    0x08005afa   0x00000018   Code   RO         3043    i.vListInsertEnd    list.o
    0x08005b12   0x00000002   PAD
    0x08005b14   0x00000018   Code   RO         3079    i.vPortEnterCritical  port.o
    0x08005b2c   0x0000001c   Code   RO         3080    i.vPortExitCritical  port.o
    0x08005b48   0x00000044   Code   RO         2993    i.vPortFree         heap_4.o
    0x08005b8c   0x00000002   Code   RO         3081    i.vPortSVCHandler   port.o
    0x08005b8e   0x00000002   PAD
    0x08005b90   0x00000018   Code   RO         3082    i.vPortYield        port.o
    0x08005ba8   0x0000003c   Code   RO         3331    i.vTaskDelay        tasks.o
    0x08005be4   0x0000000c   Code   RO         3335    i.vTaskMissedYield  tasks.o
    0x08005bf0   0x00000040   Code   RO         3337    i.vTaskPlaceOnEventList  tasks.o
    0x08005c30   0x00000064   Code   RO         3339    i.vTaskPriorityInherit  tasks.o
    0x08005c94   0x00000018   Code   RO         3343    i.vTaskSetTimeOutState  tasks.o
    0x08005cac   0x0000004c   Code   RO         3344    i.vTaskStartScheduler  tasks.o
    0x08005cf8   0x00000010   Code   RO         3346    i.vTaskSuspendAll   tasks.o
    0x08005d08   0x00000070   Code   RO         3347    i.vTaskSwitchContext  tasks.o
    0x08005d78   0x0000004c   Code   RO         3083    i.xPortStartScheduler  port.o
    0x08005dc4   0x00000024   Code   RO         3084    i.xPortSysTickHandler  port.o
    0x08005de8   0x00000028   Code   RO         3152    i.xQueueCreateCountingSemaphore  queue.o
    0x08005e10   0x0000004a   Code   RO         3154    i.xQueueGenericCreate  queue.o
    0x08005e5a   0x00000144   Code   RO         3155    i.xQueueGenericReceive  queue.o
    0x08005f9e   0x0000006a   Code   RO         3156    i.xQueueGenericReset  queue.o
    0x08006008   0x0000011c   Code   RO         3157    i.xQueueGenericSend  queue.o
    0x08006124   0x00000072   Code   RO         3160    i.xQueueGiveFromISR  queue.o
    0x08006196   0x00000002   PAD
    0x08006198   0x00000054   Code   RO         3348    i.xTaskCheckForTimeOut  tasks.o
    0x080061ec   0x00000188   Code   RO         3349    i.xTaskGenericCreate  tasks.o
    0x08006374   0x00000020   Code   RO         3353    i.xTaskGetSchedulerState  tasks.o
    0x08006394   0x0000000c   Code   RO         3354    i.xTaskGetTickCount  tasks.o
    0x080063a0   0x000000c0   Code   RO         3356    i.xTaskIncrementTick  tasks.o
    0x08006460   0x00000064   Code   RO         3359    i.xTaskPriorityDisinherit  tasks.o
    0x080064c4   0x00000064   Code   RO         3360    i.xTaskRemoveFromEventList  tasks.o
    0x08006528   0x000000a8   Code   RO         3362    i.xTaskResumeAll    tasks.o
    0x080065d0   0x0000000f   Data   RO         3765    .constdata          device_inputtask.o
    0x080065df   0x00000001   PAD
    0x080065e0   0x00000010   Data   RO         3863    .constdata          device_outputtask.o
    0x080065f0   0x00000040   Data   RO         3949    .constdata          maintask.o
    0x08006630   0x0000019a   Data   RO         4133    .constdata          wifi_task.o
    0x080067ca   0x00000002   PAD
    0x080067cc   0x00000020   Data   RO         4770    Region$$Table       anon$$obj.o


    Execution Region RW_IRAM1 (Base: 0x200000c0, Size: 0x00001970, Max: 0x00002000, ABSOLUTE, COMPRESSED[0x00000030])

    Base Addr    Size         Type   Attr      Idx    E Section Name        Object

    0x200000c0   0x00000014   Data   RW           15    .data               system_stm32f0xx.o
    0x200000d4   0x00000010   Data   RW         1186    .data               stm32f0xx_rcc.o
    0x200000e4   0x00000018   Data   RW         2998    .data               heap_4.o
    0x200000fc   0x00000004   Data   RW         3085    .data               port.o
    0x20000100   0x00000038   Data   RW         3365    .data               tasks.o
    0x20000138   0x00000010   Data   RW         3631    .data               main.o
    0x20000148   0x00000030   Data   RW         3766    .data               device_inputtask.o
    0x20000178   0x00000010   Data   RW         3864    .data               device_outputtask.o
    0x20000188   0x0000003e   Data   RW         3950    .data               maintask.o
    0x200001c6   0x00000002   PAD
    0x200001c8   0x0000002c   Data   RW         4134    .data               wifi_task.o
    0x200001f4   0x00000016   Data   RW         4442    .data               bspoutput.o
    0x2000020a   0x0000000c   Data   RW         4666    .data               key.o
    0x20000216   0x00000002   PAD
    0x20000218   0x00001200   Zero   RW         2997    .bss                heap_4.o
    0x20001418   0x000000f0   Zero   RW         3364    .bss                tasks.o
    0x20001508   0x00000080   Zero   RW         3764    .bss                device_inputtask.o
    0x20001588   0x00000024   Zero   RW         3948    .bss                maintask.o
    0x200015ac   0x00000080   Zero   RW         4132    .bss                wifi_task.o
    0x2000162c   0x00000004   PAD
    0x20001630   0x00000400   Zero   RW            1    STACK               startup_stm32f030.o


==============================================================================

Image component sizes


      Code (inc. data)   RO Data    RW Data    ZI Data      Debug   Object Name

       424         36          0          0          0       5396   bspinput.o
      1628        152          0         22          0      11025   bspoutput.o
       232         14          0          0          0       1417   bspwifi.o
         0          0          0          0          0       9240   croutine.o
      1078         66         15         48        128       8635   device_inputtask.o
       862         72         16         16          0       7608   device_outputtask.o
         0          0          0          0          0       1444   event_groups.o
        94          0          0          0          0       1335   fifo.o
       568          6          0          0          0       1134   hdc1080.o
       388         22          0         24       4608       3243   heap_4.o
       450         22          0         12          0       2879   key.o
       136          0          0          0          0       2650   list.o
       250         86          0         16          0       8036   main.o
      1332        252         64         62         36      16164   maintask.o
       268          6          0          0          0        925   pms7003i.o
       354         58          0          4          0       5116   port.o
      1204          0          0          0          0      11022   queue.o
        28          8        180          0       1024        688   startup_stm32f030.o
       210         10          0          0          0       5051   stm32f0xx_adc.o
       204          6          0          0          0       4058   stm32f0xx_gpio.o
       180         12          0          0          0       4121   stm32f0xx_i2c.o
         4          0          0          0          0        750   stm32f0xx_it.o
        80         10          0          0          0        880   stm32f0xx_misc.o
       476         64          0         16          0       4687   stm32f0xx_rcc.o
        20          6          0          0          0        507   stm32f0xx_syscfg.o
      1350        188          0          0          0      14979   stm32f0xx_tim.o
       432         36          0          0          0       6261   stm32f0xx_usart.o
       248         22          0         20          0     211929   system_stm32f0xx.o
      1794        152          0         56        240      15572   tasks.o
      1894        106        410         44        128       8889   wifi_task.o
       348          0          0          0          0       4361   wifiprotocol.o

    ----------------------------------------------------------------------
     16574       1412        720        344       6168     380002   Object Totals
         0          0         32          0          0          0   (incl. Generated)
        38          0          3          4          4          0   (incl. Padding)

    ----------------------------------------------------------------------

      Code (inc. data)   RO Data    RW Data    ZI Data      Debug   Library Member Name

        86          0          0          0          0          0   __dczerorl2.o
         0          0          0          0          0          0   entry.o
         0          0          0          0          0          0   entry10a.o
         0          0          0          0          0          0   entry11a.o
         8          4          0          0          0          0   entry2.o
         4          0          0          0          0          0   entry5.o
         0          0          0          0          0          0   entry7b.o
         0          0          0          0          0          0   entry8b.o
         8          4          0          0          0          0   entry9a.o
        30          0          0          0          0          0   handlers.o
        36          8          0          0          0         68   init.o
         0          0          0          0          0          0   iusefp.o
        32          0          0          0          0         68   llshl.o
        34          0          0          0          0         68   llushr.o
        36          0          0          0          0         60   memcpya.o
        36          0          0          0          0        100   memseta.o
        30          0          0          0          0         72   strncmp.o
        44          0          0          0          0         72   uidiv.o
        56          0          0          0          0         68   d2f.o
       240          6          0          0          0         84   ddiv.o
       236          0          0          0          0        216   depilogue.o
        28          4          0          0          0         68   dfltui.o
       130          0          0          0          0        144   fepilogue.o
        40          0          0          0          0         60   ffixui.o

    ----------------------------------------------------------------------
      1118         26          0          0          0       1148   Library Totals
         4          0          0          0          0          0   (incl. Padding)

    ----------------------------------------------------------------------

      Code (inc. data)   RO Data    RW Data    ZI Data      Debug   Library Name

       384         16          0          0          0        508   mc_p.l
       730         10          0          0          0        640   mf_p.l

    ----------------------------------------------------------------------
      1118         26          0          0          0       1148   Library Totals

    ----------------------------------------------------------------------

==============================================================================


      Code (inc. data)   RO Data    RW Data    ZI Data      Debug   

     17692       1438        720        344       6168     370938   Grand Totals
     17692       1438        720         48       6168     370938   ELF Image Totals (compressed)
     17692       1438        720         48          0          0   ROM Totals

==============================================================================

    Total RO  Size (Code + RO Data)                18412 (  17.98kB)
    Total RW  Size (RW Data + ZI Data)              6512 (   6.36kB)
    Total ROM Size (Code + RO Data + RW Data)      18460 (  18.03kB)

==============================================================================

