Component: ARM Compiler 5.05 (build 41) Tool: armlink [4d0eb9]

==============================================================================

Section Cross References

    startup_stm32f030.o(RESET) refers to startup_stm32f030.o(STACK) for __initial_sp
    startup_stm32f030.o(RESET) refers to startup_stm32f030.o(.text) for Reset_Handler
    startup_stm32f030.o(RESET) refers to stm32f0xx_it.o(i.NMI_Handler) for NMI_Handler
    startup_stm32f030.o(RESET) refers to stm32f0xx_it.o(i.HardFault_Handler) for HardFault_Handler
    startup_stm32f030.o(RESET) refers to port.o(i.vPortSVCHandler) for vPortSVCHandler
    startup_stm32f030.o(RESET) refers to port.o(.emb_text) for xPortPendSVHandler
    startup_stm32f030.o(RESET) refers to port.o(i.xPortSysTickHandler) for xPortSysTickHandler
    startup_stm32f030.o(RESET) refers to bspoutput.o(i.TIM1_CC_IRQHandler) for TIM1_CC_IRQHandler
    startup_stm32f030.o(RESET) refers to bspoutput.o(i.TIM15_IRQHandler) for TIM15_IRQHandler
    startup_stm32f030.o(RESET) refers to wifi_task.o(i.USART2_IRQHandler) for USART2_IRQHandler
    startup_stm32f030.o(.text) refers to system_stm32f0xx.o(i.SystemInit) for SystemInit
    startup_stm32f030.o(.text) refers to entry.o(.ARM.Collect$$$$00000000) for __main
    system_stm32f0xx.o(i.SystemCoreClockUpdate) refers to uidiv.o(.text) for __aeabi_uidivmod
    system_stm32f0xx.o(i.SystemCoreClockUpdate) refers to system_stm32f0xx.o(.data) for .data
    system_stm32f0xx.o(i.SystemInit) refers to system_stm32f0xx.o(i.SetSysClock) for SetSysClock
    stm32f0xx_adc.o(i.ADC_DeInit) refers to stm32f0xx_rcc.o(i.RCC_APB2PeriphResetCmd) for RCC_APB2PeriphResetCmd
    stm32f0xx_flash.o(i.FLASH_EraseAllPages) refers to stm32f0xx_flash.o(i.FLASH_WaitForLastOperation) for FLASH_WaitForLastOperation
    stm32f0xx_flash.o(i.FLASH_ErasePage) refers to stm32f0xx_flash.o(i.FLASH_WaitForLastOperation) for FLASH_WaitForLastOperation
    stm32f0xx_flash.o(i.FLASH_OB_BOOT0Config) refers to stm32f0xx_flash.o(i.FLASH_WaitForLastOperation) for FLASH_WaitForLastOperation
    stm32f0xx_flash.o(i.FLASH_OB_BOOT0SWConfig) refers to stm32f0xx_flash.o(i.FLASH_WaitForLastOperation) for FLASH_WaitForLastOperation
    stm32f0xx_flash.o(i.FLASH_OB_BOOTConfig) refers to stm32f0xx_flash.o(i.FLASH_WaitForLastOperation) for FLASH_WaitForLastOperation
    stm32f0xx_flash.o(i.FLASH_OB_EnableWRP) refers to stm32f0xx_flash.o(i.FLASH_WaitForLastOperation) for FLASH_WaitForLastOperation
    stm32f0xx_flash.o(i.FLASH_OB_Erase) refers to stm32f0xx_flash.o(i.FLASH_OB_GetRDP) for FLASH_OB_GetRDP
    stm32f0xx_flash.o(i.FLASH_OB_Erase) refers to stm32f0xx_flash.o(i.FLASH_WaitForLastOperation) for FLASH_WaitForLastOperation
    stm32f0xx_flash.o(i.FLASH_OB_ProgramData) refers to stm32f0xx_flash.o(i.FLASH_WaitForLastOperation) for FLASH_WaitForLastOperation
    stm32f0xx_flash.o(i.FLASH_OB_RDPConfig) refers to stm32f0xx_flash.o(i.FLASH_WaitForLastOperation) for FLASH_WaitForLastOperation
    stm32f0xx_flash.o(i.FLASH_OB_SRAMParityConfig) refers to stm32f0xx_flash.o(i.FLASH_WaitForLastOperation) for FLASH_WaitForLastOperation
    stm32f0xx_flash.o(i.FLASH_OB_UserConfig) refers to stm32f0xx_flash.o(i.FLASH_WaitForLastOperation) for FLASH_WaitForLastOperation
    stm32f0xx_flash.o(i.FLASH_OB_VDDAConfig) refers to stm32f0xx_flash.o(i.FLASH_WaitForLastOperation) for FLASH_WaitForLastOperation
    stm32f0xx_flash.o(i.FLASH_OB_WriteUser) refers to stm32f0xx_flash.o(i.FLASH_WaitForLastOperation) for FLASH_WaitForLastOperation
    stm32f0xx_flash.o(i.FLASH_ProgramHalfWord) refers to stm32f0xx_flash.o(i.FLASH_WaitForLastOperation) for FLASH_WaitForLastOperation
    stm32f0xx_flash.o(i.FLASH_ProgramWord) refers to stm32f0xx_flash.o(i.FLASH_WaitForLastOperation) for FLASH_WaitForLastOperation
    stm32f0xx_flash.o(i.FLASH_WaitForLastOperation) refers to stm32f0xx_flash.o(i.FLASH_GetStatus) for FLASH_GetStatus
    stm32f0xx_gpio.o(i.GPIO_DeInit) refers to stm32f0xx_rcc.o(i.RCC_AHBPeriphResetCmd) for RCC_AHBPeriphResetCmd
    stm32f0xx_i2c.o(i.I2C_DeInit) refers to stm32f0xx_rcc.o(i.RCC_APB1PeriphResetCmd) for RCC_APB1PeriphResetCmd
    stm32f0xx_rcc.o(i.RCC_GetClocksFreq) refers to uidiv.o(.text) for __aeabi_uidivmod
    stm32f0xx_rcc.o(i.RCC_GetClocksFreq) refers to stm32f0xx_rcc.o(.data) for .data
    stm32f0xx_rcc.o(i.RCC_WaitForHSEStartUp) refers to stm32f0xx_rcc.o(i.RCC_GetFlagStatus) for RCC_GetFlagStatus
    stm32f0xx_rtc.o(i.RTC_DeInit) refers to stm32f0xx_rtc.o(i.RTC_EnterInitMode) for RTC_EnterInitMode
    stm32f0xx_rtc.o(i.RTC_DeInit) refers to stm32f0xx_rtc.o(i.RTC_WaitForSynchro) for RTC_WaitForSynchro
    stm32f0xx_rtc.o(i.RTC_GetAlarm) refers to stm32f0xx_rtc.o(i.RTC_Bcd2ToByte) for RTC_Bcd2ToByte
    stm32f0xx_rtc.o(i.RTC_GetDate) refers to stm32f0xx_rtc.o(i.RTC_Bcd2ToByte) for RTC_Bcd2ToByte
    stm32f0xx_rtc.o(i.RTC_GetTime) refers to stm32f0xx_rtc.o(i.RTC_Bcd2ToByte) for RTC_Bcd2ToByte
[...]
    i.FilterLiveCount                        0x08002a2c   Section        0  maintask.o(i.FilterLiveCount)
    FilterLiveCount                          0x08002a2d   Thumb Code    66  maintask.o(i.FilterLiveCount)
    i.GPIO_Init                              0x08002a78   Section        0  stm32f0xx_gpio.o(i.GPIO_Init)
    i.GPIO_PinAFConfig                       0x08002ae8   Section        0  stm32f0xx_gpio.o(i.GPIO_PinAFConfig)
    i.GPIO_ReadInputDataBit                  0x08002b08   Section        0  stm32f0xx_gpio.o(i.GPIO_ReadInputDataBit)
    i.GPIO_ReadOutputDataBit                 0x08002b16   Section        0  stm32f0xx_gpio.o(i.GPIO_ReadOutputDataBit)
    i.GPIO_ResetBits                         0x08002b24   Section        0  stm32f0xx_gpio.o(i.GPIO_ResetBits)
    i.GPIO_SetBits                           0x08002b28   Section        0  stm32f0xx_gpio.o(i.GPIO_SetBits)
    i.GPIO_StructInit                        0x08002b2c   Section        0  stm32f0xx_gpio.o(i.GPIO_StructInit)
    i.GasDetection                           0x08002b44   Section        0  device_inputtask.o(i.GasDetection)
    i.GasGpioInit                            0x08002ba8   Section        0  bspinput.o(i.GasGpioInit)
    i.GetAdcValue                            0x08002bc8   Section        0  bspinput.o(i.GetAdcValue)
    i.GetAqiValue                            0x08002c24   Section        0  maintask.o(i.GetAqiValue)
    i.GetAutoSpdRef                          0x08002c2c   Section        0  maintask.o(i.GetAutoSpdRef)
    i.GetAverPayloadFromBuffer               0x08002c34   Section        0  device_inputtask.o(i.GetAverPayloadFromBuffer)
    i.GetBuzOnOffStatus                      0x08002c5e   Section        0  bspoutput.o(i.GetBuzOnOffStatus)
    i.GetChecksum                            0x08002c70   Section        0  wifi_task.o(i.GetChecksum)
    i.GetCoverState                          0x08002ca4   Section        0  maintask.o(i.GetCoverState)
    i.GetDevFault                            0x08002cac   Section        0  maintask.o(i.GetDevFault)
    i.GetDustRef                             0x08002cb4   Section        0  maintask.o(i.GetDustRef)
    i.GetDustSen                             0x08002cbc   Section        0  maintask.o(i.GetDustSen)
    i.GetDustSensorRawData                   0x08002cc4   Section        0  bspinput.o(i.GetDustSensorRawData)
    i.GetDustValue                           0x08002cd4   Section        0  maintask.o(i.GetDustValue)
    i.GetFanPeriod                           0x08002cdc   Section        0  bspoutput.o(i.GetFanPeriod)
    i.GetFanSpdRef                           0x08002cec   Section        0  maintask.o(i.GetFanSpdRef)
    i.GetFanSpeed                            0x08002cf4   Section        0  maintask.o(i.GetFanSpeed)
    i.GetFilterRemain                        0x08002cfc   Section        0  maintask.o(i.GetFilterRemain)
    i.GetFirmwareVersion                     0x08002d04   Section        0  maintask.o(i.GetFirmwareVersion)
    i.GetGasAdcValue                         0x08002d0c   Section        0  bspinput.o(i.GetGasAdcValue)
    i.GetIOstatus                            0x08002d18   Section        0  key.o(i.GetIOstatus)
    i.GetLedState                            0x08002d74   Section        0  maintask.o(i.GetLedState)
    i.GetLumiAdcValue                        0x08002d7c   Section        0  bspinput.o(i.GetLumiAdcValue)
    i.GetLuminValue                          0x08002d88   Section        0  maintask.o(i.GetLuminValue)
    i.GetModeState                           0x08002d90   Section        0  maintask.o(i.GetModeState)
    i.GetParticalDensity                     0x08002d98   Section        0  pms7003i.o(i.GetParticalDensity)
    i.GetSwitchIO                            0x08002ea4   Section        0  key.o(i.GetSwitchIO)
    i.GetTVOCRef                             0x08002ec0   Section        0  maintask.o(i.GetTVOCRef)
    i.GetTVOCValue                           0x08002ec8   Section        0  maintask.o(i.GetTVOCValue)
    i.GetTempHumValue                        0x08002ed0   Section        0  bspinput.o(i.GetTempHumValue)
    i.GetTempHumi                            0x08002ed8   Section        0  hdc1080.o(i.GetTempHumi)
    i.GetTimingValue                         0x08003110   Section        0  maintask.o(i.GetTimingValue)
    i.HardFault_Handler                      0x08003118   Section        0  stm32f0xx_it.o(i.HardFault_Handler)
    i.I2C_ClearFlag                          0x0800311a   Section        0  stm32f0xx_i2c.o(i.I2C_ClearFlag)
    i.I2C_Cmd                                0x0800311e   Section        0  stm32f0xx_i2c.o(i.I2C_Cmd)
    i.I2C_GetFlagStatus                      0x08003132   Section        0  stm32f0xx_i2c.o(i.I2C_GetFlagStatus)
    i.I2C_Init                               0x08003140   Section        0  stm32f0xx_i2c.o(i.I2C_Init)
    i.I2C_ReceiveData                        0x080031a4   Section        0  stm32f0xx_i2c.o(i.I2C_ReceiveData)
    i.I2C_SendData                           0x080031aa   Section        0  stm32f0xx_i2c.o(i.I2C_SendData)
    i.I2C_TransferHandling                   0x080031b0   Section        0  stm32f0xx_i2c.o(i.I2C_TransferHandling)
    i.InputHardwareInit                      0x080031d0   Section        0  bspinput.o(i.InputHardwareInit)
    i.InputVariableInit                      0x080031e8   Section        0  device_inputtask.o(i.InputVariableInit)
    i.KeyScan                                0x08003264   Section        0  key.o(i.KeyScan)
    i.KeySwitchGPIO_Config                   0x08003354   Section        0  bspinput.o(i.KeySwitchGPIO_Config)
    i.LedGpioInit                            0x08003384   Section        0  bspoutput.o(i.LedGpioInit)
    i.LedOffAll                              0x080033fc   Section        0  device_outputtask.o(i.LedOffAll)
    i.LightLumiGpioInit                      0x0800343c   Section        0  bspinput.o(i.LightLumiGpioInit)
    i.LoopTimerInit                          0x0800345c   Section        0  device_inputtask.o(i.LoopTimerInit)
    i.LuminaceDetection                      0x0800346c   Section        0  device_inputtask.o(i.LuminaceDetection)
    i.MainSetBuzzer                          0x080034d0   Section        0  maintask.o(i.MainSetBuzzer)
    MainSetBuzzer                            0x080034d1   Thumb Code    26  maintask.o(i.MainSetBuzzer)
    i.MainSetMode                            0x080034f4   Section        0  maintask.o(i.MainSetMode)
    MainSetMode                              0x080034f5   Thumb Code    48  maintask.o(i.MainSetMode)
    i.MainSetSpeed                           0x08003530   Section        0  maintask.o(i.MainSetSpeed)
    MainSetSpeed                             0x08003531   Thumb Code    32  maintask.o(i.MainSetSpeed)
    i.MainTask                               0x08003558   Section        0  maintask.o(i.MainTask)
    i.MainVariablesInit                      0x0800376c   Section        0  maintask.o(i.MainVariablesInit)
    i.NMI_Handler                            0x08003818   Section        0  stm32f0xx_it.o(i.NMI_Handler)
    i.NVIC_Init                              0x0800381c   Section        0  stm32f0xx_misc.o(i.NVIC_Init)
    i.OutputHardwareInit                     0x0800386c   Section        0  bspoutput.o(i.OutputHardwareInit)
    i.OutputVariablesInit                    0x08003894   Section        0  device_outputtask.o(i.OutputVariablesInit)
    i.ParseWifiDatas                         0x080038d0   Section        0  wifiprotocol.o(i.ParseWifiDatas)
    i.PopFromFifo                            0x0800394a   Section        0  fifo.o(i.PopFromFifo)
    i.PushInFifo                             0x0800397a   Section        0  fifo.o(i.PushInFifo)
    i.RCC_ADCCLKConfig                       0x080039a8   Section        0  stm32f0xx_rcc.o(i.RCC_ADCCLKConfig)
    i.RCC_AHBPeriphClockCmd                  0x080039d4   Section        0  stm32f0xx_rcc.o(i.RCC_AHBPeriphClockCmd)
    i.RCC_APB1PeriphClockCmd                 0x080039ec   Section        0  stm32f0xx_rcc.o(i.RCC_APB1PeriphClockCmd)
    i.RCC_APB1PeriphResetCmd                 0x08003a04   Section        0  stm32f0xx_rcc.o(i.RCC_APB1PeriphResetCmd)
    i.RCC_APB2PeriphClockCmd                 0x08003a1c   Section        0  stm32f0xx_rcc.o(i.RCC_APB2PeriphClockCmd)
    i.RCC_APB2PeriphResetCmd                 0x08003a34   Section        0  stm32f0xx_rcc.o(i.RCC_APB2PeriphResetCmd)
    i.RCC_GetClocksFreq                      0x08003a4c   Section        0  stm32f0xx_rcc.o(i.RCC_GetClocksFreq)
    i.RGBLightPwrGpio_init                   0x08003b84   Section        0  bspoutput.o(i.RGBLightPwrGpio_init)
    i.RGBLightTimer_Init                     0x08003c04   Section        0  bspoutput.o(i.RGBLightTimer_Init)
    i.SYSCFG_MemoryRemapConfig               0x08003c80   Section        0  stm32f0xx_syscfg.o(i.SYSCFG_MemoryRemapConfig)
    i.SendCmd2WifiModule                     0x08003c94   Section        0  wifiprotocol.o(i.SendCmd2WifiModule)
    i.SensorI2CGpio_Init                     0x08003d64   Section        0  bspinput.o(i.SensorI2CGpio_Init)
    i.SetBlueLed                             0x08003db8   Section        0  device_outputtask.o(i.SetBlueLed)
    i.SetFanSpeed                            0x08003dcc   Section        0  device_outputtask.o(i.SetFanSpeed)
    SetFanSpeed                              0x08003dcd   Thumb Code    22  device_outputtask.o(i.SetFanSpeed)
    i.SetLed1Off                             0x08003de8   Section        0  bspoutput.o(i.SetLed1Off)
    i.SetLed1On                              0x08003dfc   Section        0  bspoutput.o(i.SetLed1On)
    i.SetModeLed                             0x08003e10   Section        0  device_outputtask.o(i.SetModeLed)
    SetModeLed                               0x08003e11   Thumb Code    74  device_outputtask.o(i.SetModeLed)
    i.SetSysClock                            0x08003e60   Section        0  system_stm32f0xx.o(i.SetSysClock)
    SetSysClock                              0x08003e61   Thumb Code   142  system_stm32f0xx.o(i.SetSysClock)
    i.SpeedScan                              0x08003ef8   Section        0  device_inputtask.o(i.SpeedScan)
    SpeedScan                                0x08003ef9   Thumb Code    94  device_inputtask.o(i.SpeedScan)
    i.SwitchScan                             0x08003f60   Section        0  key.o(i.SwitchScan)
    i.SystemInit                             0x08003fbc   Section        0  system_stm32f0xx.o(i.SystemInit)
    i.TI1_Config                             0x0800401c   Section        0  stm32f0xx_tim.o(i.TI1_Config)
    TI1_Config                               0x0800401d   Thumb Code    40  stm32f0xx_tim.o(i.TI1_Config)
    i.TI2_Config                             0x08004044   Section        0  stm32f0xx_tim.o(i.TI2_Config)
    TI2_Config                               0x08004045   Thumb Code    42  stm32f0xx_tim.o(i.TI2_Config)
    i.TIM15_IRQHandler                       0x08004074   Section        0  bspoutput.o(i.TIM15_IRQHandler)
    i.TIM1_CC_IRQHandler                     0x080040ac   Section        0  bspoutput.o(i.TIM1_CC_IRQHandler)
    i.TIM_CCxCmd                             0x08004134   Section        0  stm32f0xx_tim.o(i.TIM_CCxCmd)
    i.TIM_ClearITPendingBit                  0x0800414a   Section        0  stm32f0xx_tim.o(i.TIM_ClearITPendingBit)
    i.TIM_Cmd                                0x08004150   Section        0  stm32f0xx_tim.o(i.TIM_Cmd)
    i.TIM_CtrlPWMOutputs                     0x08004164   Section        0  stm32f0xx_tim.o(i.TIM_CtrlPWMOutputs)
    i.TIM_DeInit                             0x0800417c   Section        0  stm32f0xx_tim.o(i.TIM_DeInit)
    i.TIM_GetCapture1                        0x08004248   Section        0  stm32f0xx_tim.o(i.TIM_GetCapture1)
    i.TIM_GetCapture4                        0x0800424c   Section        0  stm32f0xx_tim.o(i.TIM_GetCapture4)
    i.TIM_GetITStatus                        0x08004250   Section        0  stm32f0xx_tim.o(i.TIM_GetITStatus)
    i.TIM_ICInit                             0x08004268   Section        0  stm32f0xx_tim.o(i.TIM_ICInit)
    i.TIM_ITConfig                           0x08004320   Section        0  stm32f0xx_tim.o(i.TIM_ITConfig)
    i.TIM_OC1Init                            0x08004330   Section        0  stm32f0xx_tim.o(i.TIM_OC1Init)
    i.TIM_OC1PreloadConfig                   0x080043ac   Section        0  stm32f0xx_tim.o(i.TIM_OC1PreloadConfig)
    i.TIM_OC2Init                            0x080043b8   Section        0  stm32f0xx_tim.o(i.TIM_OC2Init)
    i.TIM_OC3Init                            0x08004448   Section        0  stm32f0xx_tim.o(i.TIM_OC3Init)
    i.TIM_OC4Init                            0x080044d0   Section        0  stm32f0xx_tim.o(i.TIM_OC4Init)
    i.TIM_SetCompare1                        0x08004534   Section        0  stm32f0xx_tim.o(i.TIM_SetCompare1)
    i.TIM_SetCompare4                        0x08004538   Section        0  stm32f0xx_tim.o(i.TIM_SetCompare4)
    i.TIM_SetIC1Prescaler                    0x0800453c   Section        0  stm32f0xx_tim.o(i.TIM_SetIC1Prescaler)
    i.TIM_SetIC2Prescaler                    0x0800454c   Section        0  stm32f0xx_tim.o(i.TIM_SetIC2Prescaler)
    i.TIM_SetIC3Prescaler                    0x08004564   Section        0  stm32f0xx_tim.o(i.TIM_SetIC3Prescaler)
    i.TIM_SetIC4Prescaler                    0x08004574   Section        0  stm32f0xx_tim.o(i.TIM_SetIC4Prescaler)
    i.TIM_TimeBaseInit                       0x0800458c   Section        0  stm32f0xx_tim.o(i.TIM_TimeBaseInit)
    i.TIM_TimeBaseStructInit                 0x08004600   Section        0  stm32f0xx_tim.o(i.TIM_TimeBaseStructInit)
    i.TempHumiScan                           0x08004614   Section        0  device_inputtask.o(i.TempHumiScan)
    i.TermDataStruct                         0x080046d8   Section        0  wifi_task.o(i.TermDataStruct)
    i.TimerNvicInit                          0x08004744   Section        0  bspoutput.o(i.TimerNvicInit)
    i.TransmitAllTermData                    0x0800476e   Section        0  wifi_task.o(i.TransmitAllTermData)
    i.TransmitTermData                       0x08004816   Section        0  wifi_task.o(i.TransmitTermData)
    i.USART2_IRQHandler                      0x080048a4   Section        0  wifi_task.o(i.USART2_IRQHandler)
    i.USART_ClearITPendingBit                0x0800499c   Section        0  stm32f0xx_usart.o(i.USART_ClearITPendingBit)
    i.USART_Cmd                              0x080049a6   Section        0  stm32f0xx_usart.o(i.USART_Cmd)
    i.USART_DeInit                           0x080049bc   Section        0  stm32f0xx_usart.o(i.USART_DeInit)
    i.USART_GetITStatus                      0x08004a1c   Section        0  stm32f0xx_usart.o(i.USART_GetITStatus)
    i.USART_ITConfig                         0x08004a54   Section        0  stm32f0xx_usart.o(i.USART_ITConfig)
    i.USART_Init                             0x08004a80   Section        0  stm32f0xx_usart.o(i.USART_Init)
    i.USART_ReceiveData                      0x08004b1c   Section        0  stm32f0xx_usart.o(i.USART_ReceiveData)
    i.USART_SendData                         0x08004b24   Section        0  stm32f0xx_usart.o(i.USART_SendData)
    i.USART_StructInit                       0x08004b2c   Section        0  stm32f0xx_usart.o(i.USART_StructInit)
    i.WIFITask                               0x08004b44   Section        0  wifi_task.o(i.WIFITask)
    i.WifiGPIOInit                           0x08004e54   Section        0  bspwifi.o(i.WifiGPIOInit)
    i.WifiHardwareInit                       0x08004eb4   Section        0  bspwifi.o(i.WifiHardwareInit)
    i.WifiUartInit                           0x08004ec0   Section        0  bspwifi.o(i.WifiUartInit)
    i.WifiVariablesInit                      0x08004f3c   Section        0  wifi_task.o(i.WifiVariablesInit)
    i.__ARM_common_switch8                   0x08004f9c   Section        0  tasks.o(i.__ARM_common_switch8)
    i.__scatterload_copy                     0x08004fb6   Section       14  handlers.o(i.__scatterload_copy)
    i.__scatterload_null                     0x08004fc4   Section        2  handlers.o(i.__scatterload_null)
    i.__scatterload_zeroinit                 0x08004fc6   Section       14  handlers.o(i.__scatterload_zeroinit)
    i.main                                   0x08004fd4   Section        0  main.o(i.main)
    i.prvAddCurrentTaskToDelayedList         0x080050cc   Section        0  tasks.o(i.prvAddCurrentTaskToDelayedList)
    prvAddCurrentTaskToDelayedList           0x080050cd   Thumb Code    46  tasks.o(i.prvAddCurrentTaskToDelayedList)
    i.prvCheckTasksWaitingTermination        0x08005100   Section        0  tasks.o(i.prvCheckTasksWaitingTermination)
    prvCheckTasksWaitingTermination          0x08005101   Thumb Code    84  tasks.o(i.prvCheckTasksWaitingTermination)
    i.prvCopyDataFromQueue                   0x0800515c   Section        0  queue.o(i.prvCopyDataFromQueue)
    prvCopyDataFromQueue                     0x0800515d   Thumb Code    38  queue.o(i.prvCopyDataFromQueue)
    i.prvCopyDataToQueue                     0x08005182   Section        0  queue.o(i.prvCopyDataToQueue)
    prvCopyDataToQueue                       0x08005183   Thumb Code   118  queue.o(i.prvCopyDataToQueue)
    i.prvHeapInit                            0x080051f8   Section        0  heap_4.o(i.prvHeapInit)
    prvHeapInit                              0x080051f9   Thumb Code    60  heap_4.o(i.prvHeapInit)
    i.prvIdleTask                            0x0800523c   Section        0  tasks.o(i.prvIdleTask)
    prvIdleTask                              0x0800523d   Thumb Code    18  tasks.o(i.prvIdleTask)
    i.prvInsertBlockIntoFreeList             0x08005254   Section        0  heap_4.o(i.prvInsertBlockIntoFreeList)
    prvInsertBlockIntoFreeList               0x08005255   Thumb Code    72  heap_4.o(i.prvInsertBlockIntoFreeList)
    i.prvResetNextTaskUnblockTime            0x080052a0   Section        0  tasks.o(i.prvResetNextTaskUnblockTime)
    prvResetNextTaskUnblockTime              0x080052a1   Thumb Code    28  tasks.o(i.prvResetNextTaskUnblockTime)
    i.prvTaskExitError                       0x080052c0   Section        0  port.o(i.prvTaskExitError)
    prvTaskExitError                         0x080052c1   Thumb Code    14  port.o(i.prvTaskExitError)
    i.prvUnlockQueue                         0x080052d4   Section        0  queue.o(i.prvUnlockQueue)
    prvUnlockQueue                           0x080052d5   Thumb Code   106  queue.o(i.prvUnlockQueue)
    i.pvPortMalloc                           0x08005340   Section        0  heap_4.o(i.pvPortMalloc)
    i.pvTaskIncrementMutexHeldCount          0x080053f0   Section        0  tasks.o(i.pvTaskIncrementMutexHeldCount)
    i.pxPortInitialiseStack                  0x08005408   Section        0  port.o(i.pxPortInitialiseStack)
    i.uxListRemove                           0x08005428   Section        0  list.o(i.uxListRemove)
    i.vApplicationStackOverflowHook          0x0800544c   Section        0  main.o(i.vApplicationStackOverflowHook)
    i.vListInitialise                        0x0800544e   Section        0  list.o(i.vListInitialise)
    i.vListInitialiseItem                    0x08005464   Section        0  list.o(i.vListInitialiseItem)
    i.vListInsert                            0x0800546a   Section        0  list.o(i.vListInsert)
    i.vListInsertEnd                         0x0800549a   Section        0  list.o(i.vListInsertEnd)
    i.vPortEnterCritical                     0x080054b4   Section        0  port.o(i.vPortEnterCritical)
    i.vPortExitCritical                      0x080054cc   Section        0  port.o(i.vPortExitCritical)
    i.vPortFree                              0x080054e8   Section        0  heap_4.o(i.vPortFree)
    i.vPortSVCHandler                        0x0800552c   Section        0  port.o(i.vPortSVCHandler)
    i.vPortYield                             0x08005530   Section        0  port.o(i.vPortYield)
    i.vTaskDelay                             0x08005548   Section        0  tasks.o(i.vTaskDelay)
    i.vTaskMissedYield                       0x08005584   Section        0  tasks.o(i.vTaskMissedYield)
    i.vTaskPlaceOnEventList                  0x08005590   Section        0  tasks.o(i.vTaskPlaceOnEventList)
    i.vTaskPriorityInherit                   0x080055d0   Section        0  tasks.o(i.vTaskPriorityInherit)
    i.vTaskSetTimeOutState                   0x08005634   Section        0  tasks.o(i.vTaskSetTimeOutState)
    i.vTaskStartScheduler                    0x0800564c   Section        0  tasks.o(i.vTaskStartScheduler)
    i.vTaskSuspendAll                        0x08005698   Section        0  tasks.o(i.vTaskSuspendAll)
    i.vTaskSwitchContext                     0x080056a8   Section        0  tasks.o(i.vTaskSwitchContext)
    i.xPortStartScheduler                    0x08005718   Section        0  port.o(i.xPortStartScheduler)
    i.xPortSysTickHandler                    0x08005764   Section        0  port.o(i.xPortSysTickHandler)
    i.xQueueCreateCountingSemaphore          0x08005788   Section        0  queue.o(i.xQueueCreateCountingSemaphore)
    i.xQueueGenericCreate                    0x080057b0   Section        0  queue.o(i.xQueueGenericCreate)
    i.xQueueGenericReceive                   0x080057fa   Section        0  queue.o(i.xQueueGenericReceive)
    i.xQueueGenericReset                     0x0800593e   Section        0  queue.o(i.xQueueGenericReset)
    i.xQueueGenericSend                      0x080059a8   Section        0  queue.o(i.xQueueGenericSend)
    i.xQueueGiveFromISR                      0x08005ac4   Section        0  queue.o(i.xQueueGiveFromISR)
    i.xTaskCheckForTimeOut                   0x08005b38   Section        0  tasks.o(i.xTaskCheckForTimeOut)
    i.xTaskGenericCreate                     0x08005b8c   Section        0  tasks.o(i.xTaskGenericCreate)
    i.xTaskGetSchedulerState                 0x08005d14   Section        0  tasks.o(i.xTaskGetSchedulerState)
    i.xTaskGetTickCount                      0x08005d34   Section        0  tasks.o(i.xTaskGetTickCount)
    i.xTaskIncrementTick                     0x08005d40   Section        0  tasks.o(i.xTaskIncrementTick)
    i.xTaskPriorityDisinherit                0x08005e00   Section        0  tasks.o(i.xTaskPriorityDisinherit)
    i.xTaskRemoveFromEventList               0x08005e64   Section        0  tasks.o(i.xTaskRemoveFromEventList)
    i.xTaskResumeAll                         0x08005ec8   Section        0  tasks.o(i.xTaskResumeAll)
    .constdata                               0x08005f70   Section       15  device_inputtask.o(.constdata)
    .constdata                               0x08005f80   Section       48  maintask.o(.constdata)
    .constdata                               0x08005fb0   Section      402  wifi_task.o(.constdata)
    .data                                    0x200000c0   Section       20  system_stm32f0xx.o(.data)
    .data                                    0x200000d4   Section       16  stm32f0xx_rcc.o(.data)
    APBAHBPrescTable                         0x200000d4   Data          16  stm32f0xx_rcc.o(.data)
    .data                                    0x200000e4   Section       24  heap_4.o(.data)
    pxEnd                                    0x200000e4   Data           4  heap_4.o(.data)
    xFreeBytesRemaining                      0x200000e8   Data           4  heap_4.o(.data)
    xMinimumEverFreeBytesRemaining           0x200000ec   Data           4  heap_4.o(.data)
    xBlockAllocatedBit                       0x200000f0   Data           4  heap_4.o(.data)
    xStart                                   0x200000f4   Data           8  heap_4.o(.data)
    .data                                    0x200000fc   Section        4  port.o(.data)
    uxCriticalNesting                        0x200000fc   Data           4  port.o(.data)
    .data                                    0x20000100   Section       56  tasks.o(.data)
    uxTasksDeleted                           0x20000104   Data           4  tasks.o(.data)
    uxCurrentNumberOfTasks                   0x20000108   Data           4  tasks.o(.data)
    xTickCount                               0x2000010c   Data           4  tasks.o(.data)
    uxTopReadyPriority                       0x20000110   Data           4  tasks.o(.data)
    xSchedulerRunning                        0x20000114   Data           4  tasks.o(.data)
    uxPendedTicks                            0x20000118   Data           4  tasks.o(.data)
    xYieldPending                            0x2000011c   Data           4  tasks.o(.data)
    xNumOfOverflows                          0x20000120   Data           4  tasks.o(.data)
    uxTaskNumber                             0x20000124   Data           4  tasks.o(.data)
    xNextTaskUnblockTime                     0x20000128   Data           4  tasks.o(.data)
    uxSchedulerSuspended                     0x2000012c   Data           4  tasks.o(.data)
    pxDelayedTaskList                        0x20000130   Data           4  tasks.o(.data)
    pxOverflowDelayedTaskList                0x20000134   Data           4  tasks.o(.data)
    .data                                    0x20000138   Section       16  main.o(.data)
    .data                                    0x20000148   Section       48  device_inputtask.o(.data)
    dustCnt                                  0x20000148   Data           1  device_inputtask.o(.data)
    speedCnt                                 0x20000149   Data           1  device_inputtask.o(.data)
    gasCnt                                   0x2000014a   Data           1  device_inputtask.o(.data)
    lumiCnt                                  0x2000014b   Data           1  device_inputtask.o(.data)
    tempCnt                                  0x2000014c   Data           1  device_inputtask.o(.data)
    humiCnt                                  0x2000014d   Data           1  device_inputtask.o(.data)
    pBuff                                    0x20000150   Data           4  device_inputtask.o(.data)
    pBuff                                    0x20000154   Data           4  device_inputtask.o(.data)
    pBuff                                    0x20000158   Data           4  device_inputtask.o(.data)
    pBuff                                    0x2000015c   Data           4  device_inputtask.o(.data)
    .data                                    0x20000178   Section       22  device_outputtask.o(.data)
    buzCnt                                   0x20000178   Data           1  device_outputtask.o(.data)
    ledCnt                                   0x20000179   Data           1  device_outputtask.o(.data)
    .data                                    0x20000190   Section       56  maintask.o(.data)
    .data                                    0x200001c8   Section       40  wifi_task.o(.data)
    recCnt                                   0x200001cc   Data           1  wifi_task.o(.data)
    .data                                    0x200001f0   Section       22  bspoutput.o(.data)
    .data                                    0x20000206   Section       12  key.o(.data)
    debounce_cnt                             0x20000206   Data           1  key.o(.data)
    key_cnt                                  0x20000207   Data           1  key.o(.data)
    key_cnt2                                 0x20000208   Data           1  key.o(.data)
    key_is_down                              0x20000209   Data           1  key.o(.data)
    key_status                               0x2000020a   Data           1  key.o(.data)
    is_long_hold                             0x2000020b   Data           1  key.o(.data)
    swCnt                                    0x2000020c   Data           1  key.o(.data)
    swIOTemp                                 0x2000020d   Data           1  key.o(.data)
    state                                    0x2000020e   Data           1  key.o(.data)
    key_temp2                                0x20000210   Data           2  key.o(.data)
    .bss                                     0x20000214   Section     4608  heap_4.o(.bss)
    ucHeap                                   0x20000214   Data        4608  heap_4.o(.bss)
    .bss                                     0x20001414   Section      240  tasks.o(.bss)
    pxReadyTasksLists                        0x20001414   Data         140  tasks.o(.bss)
    xDelayedTaskList1                        0x200014a0   Data          20  tasks.o(.bss)
    xDelayedTaskList2                        0x200014b4   Data          20  tasks.o(.bss)
    xPendingReadyList                        0x200014c8   Data          20  tasks.o(.bss)
    xTasksWaitingTermination                 0x200014dc   Data          20  tasks.o(.bss)
    xSuspendedTaskList                       0x200014f0   Data          20  tasks.o(.bss)
    .bss                                     0x20001504   Section      128  device_inputtask.o(.bss)
    .bss                                     0x20001584   Section       30  maintask.o(.bss)
    .bss                                     0x200015a2   Section      128  wifi_task.o(.bss)
    STACK                                    0x20001628   Section     1024  startup_stm32f030.o(STACK)

    Global Symbols

    Symbol Name                              Value     Ov Type        Size  Object(Section)

    BuildAttributes$$THM_ISAv3M$S$PE$A:L22$X:L11$S22$IEEE1$IW$USESV6$~STKCKD$USESV7$~SHL$OSPACE$EBA8$MICROLIB$REQ8$PRES8$EABIv2 0x00000000   Number         0  anon$$obj.o ABSOLUTE
    __ARM_use_no_argv                        0x00000000   Number         0  main.o ABSOLUTE
    __cpp_initialize__aeabi_                  - Undefined Weak Reference
    __cxa_finalize                            - Undefined Weak Reference
    _clock_init                               - Undefined Weak Reference
    _microlib_exit                            - Undefined Weak Reference
    __Vectors_Size                           0x000000b4   Number         0  startup_stm32f030.o ABSOLUTE
    __Vectors                                0x08002000   Data           4  startup_stm32f030.o(RESET)
    __Vectors_End                            0x080020b4   Data           0  startup_stm32f030.o(RESET)
    __main                                   0x080020b5   Thumb Code     0  entry.o(.ARM.Collect$$$$00000000)
    _main_stk                                0x080020b5   Thumb Code     0  entry2.o(.ARM.Collect$$$$00000001)
    _main_scatterload                        0x080020b9   Thumb Code     0  entry5.o(.ARM.Collect$$$$00000004)
    __main_after_scatterload                 0x080020bd   Thumb Code     0  entry5.o(.ARM.Collect$$$$00000004)
    _main_clock                              0x080020bd   Thumb Code     0  entry7b.o(.ARM.Collect$$$$00000008)
    _main_cpp_init                           0x080020bd   Thumb Code     0  entry8b.o(.ARM.Collect$$$$0000000A)
    _main_init                               0x080020bd   Thumb Code     0  entry9a.o(.ARM.Collect$$$$0000000B)
    __rt_final_cpp                           0x080020c5   Thumb Code     0  entry10a.o(.ARM.Collect$$$$0000000D)
    __rt_final_exit                          0x080020c5   Thumb Code     0  entry11a.o(.ARM.Collect$$$$0000000F)
    __asm___6_port_c_39a90d8d__prvPortStartFirstTask 0x080020c9   Thumb Code    28  port.o(.emb_text)
    ulSetInterruptMaskFromISR                0x080020e9   Thumb Code     8  port.o(.emb_text)
    vClearInterruptMaskFromISR               0x080020f1   Thumb Code     6  port.o(.emb_text)
    xPortPendSVHandler                       0x080020f7   Thumb Code    62  port.o(.emb_text)
    Reset_Handler                            0x08002139   Thumb Code     8  startup_stm32f030.o(.text)
    SysTick_Handler                          0x08002149   Thumb Code     2  startup_stm32f030.o(.text)
    ADC1_IRQHandler                          0x0800214b   Thumb Code     0  startup_stm32f030.o(.text)
    DMA1_Channel1_IRQHandler                 0x0800214b   Thumb Code     0  startup_stm32f030.o(.text)
    DMA1_Channel2_3_IRQHandler               0x0800214b   Thumb Code     0  startup_stm32f030.o(.text)
    DMA1_Channel4_5_IRQHandler               0x0800214b   Thumb Code     0  startup_stm32f030.o(.text)
    EXTI0_1_IRQHandler                       0x0800214b   Thumb Code     0  startup_stm32f030.o(.text)
    EXTI2_3_IRQHandler                       0x0800214b   Thumb Code     0  startup_stm32f030.o(.text)
    EXTI4_15_IRQHandler                      0x0800214b   Thumb Code     0  startup_stm32f030.o(.text)
    FLASH_IRQHandler                         0x0800214b   Thumb Code     0  startup_stm32f030.o(.text)
    I2C1_IRQHandler                          0x0800214b   Thumb Code     0  startup_stm32f030.o(.text)
    I2C2_IRQHandler                          0x0800214b   Thumb Code     0  startup_stm32f030.o(.text)
    RCC_IRQHandler                           0x0800214b   Thumb Code     0  startup_stm32f030.o(.text)
    RTC_IRQHandler                           0x0800214b   Thumb Code     0  startup_stm32f030.o(.text)
    SPI1_IRQHandler                          0x0800214b   Thumb Code     0  startup_stm32f030.o(.text)
    SPI2_IRQHandler                          0x0800214b   Thumb Code     0  startup_stm32f030.o(.text)
    TIM14_IRQHandler                         0x0800214b   Thumb Code     0  startup_stm32f030.o(.text)
    TIM16_IRQHandler                         0x0800214b   Thumb Code     0  startup_stm32f030.o(.text)
    TIM17_IRQHandler                         0x0800214b   Thumb Code     0  startup_stm32f030.o(.text)
    TIM1_BRK_UP_TRG_COM_IRQHandler           0x0800214b   Thumb Code     0  startup_stm32f030.o(.text)
    TIM3_IRQHandler                          0x0800214b   Thumb Code     0  startup_stm32f030.o(.text)
    USART1_IRQHandler                        0x0800214b   Thumb Code     0  startup_stm32f030.o(.text)
    WWDG_IRQHandler                          0x0800214b   Thumb Code     0  startup_stm32f030.o(.text)
    __aeabi_uidiv                            0x08002155   Thumb Code     0  uidiv.o(.text)
    __aeabi_uidivmod                         0x08002155   Thumb Code    44  uidiv.o(.text)
    __aeabi_memcpy                           0x08002181   Thumb Code    36  memcpya.o(.text)
    __aeabi_memcpy4                          0x08002181   Thumb Code     0  memcpya.o(.text)
    __aeabi_memcpy8                          0x08002181   Thumb Code     0  memcpya.o(.text)
    __aeabi_memset                           0x080021a5   Thumb Code    14  memseta.o(.text)
    __aeabi_memset4                          0x080021a5   Thumb Code     0  memseta.o(.text)
    __aeabi_memset8                          0x080021a5   Thumb Code     0  memseta.o(.text)
    __aeabi_memclr                           0x080021b3   Thumb Code     4  memseta.o(.text)
    __aeabi_memclr4                          0x080021b3   Thumb Code     0  memseta.o(.text)
    __aeabi_memclr8                          0x080021b3   Thumb Code     0  memseta.o(.text)
    _memset$wrapper                          0x080021b7   Thumb Code    18  memseta.o(.text)
    strncmp                                  0x080021c9   Thumb Code    30  strncmp.o(.text)
    __scatterload                            0x080021e9   Thumb Code    28  init.o(.text)
    __scatterload_rt2                        0x080021e9   Thumb Code     0  init.o(.text)
    __decompress                             0x0800220d   Thumb Code     0  __dczerorl2.o(.text)
    __decompress1                            0x0800220d   Thumb Code    86  __dczerorl2.o(.text)
    ADC_ChannelConfig                        0x08002263   Thumb Code    10  stm32f0xx_adc.o(i.ADC_ChannelConfig)
    ADC_Cmd                                  0x0800226d   Thumb Code    18  stm32f0xx_adc.o(i.ADC_Cmd)
    ADC_DeInit                               0x08002281   Thumb Code    28  stm32f0xx_adc.o(i.ADC_DeInit)
    ADC_GetCalibrationFactor                 0x080022a1   Thumb Code    46  stm32f0xx_adc.o(i.ADC_GetCalibrationFactor)
    ADC_GetConversionValue                   0x080022cf   Thumb Code     6  stm32f0xx_adc.o(i.ADC_GetConversionValue)
    ADC_GetFlagStatus                        0x080022d5   Thumb Code    28  stm32f0xx_adc.o(i.ADC_GetFlagStatus)
    ADC_Init                                 0x080022f1   Thumb Code    38  stm32f0xx_adc.o(i.ADC_Init)
    ADC_StartOfConversion                    0x0800231d   Thumb Code    10  stm32f0xx_adc.o(i.ADC_StartOfConversion)
    ADC_StructInit                           0x08002327   Thumb Code    16  stm32f0xx_adc.o(i.ADC_StructInit)
    BuzzLightTimerInit                       0x08002385   Thumb Code   126  bspoutput.o(i.BuzzLightTimerInit)
    BuzzerGpioInit                           0x08002411   Thumb Code    88  bspoutput.o(i.BuzzerGpioInit)
    BuzzerLedTimer                           0x0800246d   Thumb Code   402  device_outputtask.o(i.BuzzerLedTimer)
    BuzzerOnOff                              0x08002609   Thumb Code    28  bspoutput.o(i.BuzzerOnOff)
    ChangeFanPeriod                          0x08002625   Thumb Code    38  bspoutput.o(i.ChangeFanPeriod)
    ChangeLightPwm                           0x0800265d   Thumb Code    12  bspoutput.o(i.ChangeLightPwm)
    CheckFifoSendFirstData                   0x0800266d   Thumb Code    28  bspwifi.o(i.CheckFifoSendFirstData)
    CheckTableLenght                         0x0800268d   Thumb Code    20  wifiprotocol.o(i.CheckTableLenght)
    CheckTickExpired                         0x080026a1   Thumb Code    52  device_inputtask.o(i.CheckTickExpired)
    ClearReceiveBuffer                       0x080026d5   Thumb Code    16  wifi_task.o(i.ClearReceiveBuffer)
    DeviceAdcInit                            0x080026e9   Thumb Code    58  bspinput.o(i.DeviceAdcInit)
    DeviceInputTask                          0x0800272d   Thumb Code   110  device_inputtask.o(i.DeviceInputTask)
    DeviceOutputTask                         0x080027a5   Thumb Code   122  device_outputtask.o(i.DeviceOutputTask)
    EnvironmentValueScanProcess              0x08002889   Thumb Code    46  device_inputtask.o(i.EnvironmentValueScanProcess)
    FanGpioInit                              0x080028bd   Thumb Code   142  bspoutput.o(i.FanGpioInit)
    FanTimerInit                             0x08002951   Thumb Code   152  bspoutput.o(i.FanTimerInit)
    FetchNullData                            0x080029f5   Thumb Code     2  wifi_task.o(i.FetchNullData)
    FetchPidPkey                             0x080029f9   Thumb Code    42  wifi_task.o(i.FetchPidPkey)
    GPIO_Init                                0x08002a79   Thumb Code   112  stm32f0xx_gpio.o(i.GPIO_Init)
    GPIO_PinAFConfig                         0x08002ae9   Thumb Code    32  stm32f0xx_gpio.o(i.GPIO_PinAFConfig)
    GPIO_ReadInputDataBit                    0x08002b09   Thumb Code    14  stm32f0xx_gpio.o(i.GPIO_ReadInputDataBit)
    GPIO_ReadOutputDataBit                   0x08002b17   Thumb Code    14  stm32f0xx_gpio.o(i.GPIO_ReadOutputDataBit)
    GPIO_ResetBits                           0x08002b25   Thumb Code     4  stm32f0xx_gpio.o(i.GPIO_ResetBits)
    GPIO_SetBits                             0x08002b29   Thumb Code     4  stm32f0xx_gpio.o(i.GPIO_SetBits)
    GPIO_StructInit                          0x08002b2d   Thumb Code    18  stm32f0xx_gpio.o(i.GPIO_StructInit)
    GasDetection                             0x08002b45   Thumb Code    92  device_inputtask.o(i.GasDetection)
    GasGpioInit                              0x08002ba9   Thumb Code    32  bspinput.o(i.GasGpioInit)
    GetAdcValue                              0x08002bc9   Thumb Code    86  bspinput.o(i.GetAdcValue)
    GetAqiValue                              0x08002c25   Thumb Code     4  maintask.o(i.GetAqiValue)
    GetAutoSpdRef                            0x08002c2d   Thumb Code     4  maintask.o(i.GetAutoSpdRef)
    GetAverPayloadFromBuffer                 0x08002c35   Thumb Code    42  device_inputtask.o(i.GetAverPayloadFromBuffer)
    GetBuzOnOffStatus                        0x08002c5f   Thumb Code    16  bspoutput.o(i.GetBuzOnOffStatus)
    GetChecksum                              0x08002c71   Thumb Code    44  wifi_task.o(i.GetChecksum)
    GetCoverState                            0x08002ca5   Thumb Code     4  maintask.o(i.GetCoverState)
    GetDevFault                              0x08002cad   Thumb Code     4  maintask.o(i.GetDevFault)
    GetDustRef                               0x08002cb5   Thumb Code     4  maintask.o(i.GetDustRef)
    GetDustSen                               0x08002cbd   Thumb Code     4  maintask.o(i.GetDustSen)
    GetDustSensorRawData                     0x08002cc5   Thumb Code    16  bspinput.o(i.GetDustSensorRawData)
    GetDustValue                             0x08002cd5   Thumb Code     4  maintask.o(i.GetDustValue)
    GetFanPeriod                             0x08002cdd   Thumb Code    10  bspoutput.o(i.GetFanPeriod)
    GetFanSpdRef                             0x08002ced   Thumb Code     4  maintask.o(i.GetFanSpdRef)
    GetFanSpeed                              0x08002cf5   Thumb Code     4  maintask.o(i.GetFanSpeed)
    GetFilterRemain                          0x08002cfd   Thumb Code     4  maintask.o(i.GetFilterRemain)
    GetFirmwareVersion                       0x08002d05   Thumb Code     4  maintask.o(i.GetFirmwareVersion)
    GetGasAdcValue                           0x08002d0d   Thumb Code    10  bspinput.o(i.GetGasAdcValue)
    GetIOstatus                              0x08002d19   Thumb Code    88  key.o(i.GetIOstatus)
    GetLedState                              0x08002d75   Thumb Code     4  maintask.o(i.GetLedState)
    GetLumiAdcValue                          0x08002d7d   Thumb Code    10  bspinput.o(i.GetLumiAdcValue)
    GetLuminValue                            0x08002d89   Thumb Code     4  maintask.o(i.GetLuminValue)
    GetModeState                             0x08002d91   Thumb Code     4  maintask.o(i.GetModeState)
    GetParticalDensity                       0x08002d99   Thumb Code   262  pms7003i.o(i.GetParticalDensity)
    GetSwitchIO                              0x08002ea5   Thumb Code    26  key.o(i.GetSwitchIO)
    GetTVOCRef                               0x08002ec1   Thumb Code     4  maintask.o(i.GetTVOCRef)
    GetTVOCValue                             0x08002ec9   Thumb Code     4  maintask.o(i.GetTVOCValue)
    GetTempHumValue                          0x08002ed1   Thumb Code     8  bspinput.o(i.GetTempHumValue)
    GetTempHumi                              0x08002ed9   Thumb Code   562  hdc1080.o(i.GetTempHumi)
    GetTimingValue                           0x08003111   Thumb Code     4  maintask.o(i.GetTimingValue)
    HardFault_Handler                        0x08003119   Thumb Code     2  stm32f0xx_it.o(i.HardFault_Handler)
    I2C_ClearFlag                            0x0800311b   Thumb Code     4  stm32f0xx_i2c.o(i.I2C_ClearFlag)
    I2C_Cmd                                  0x0800311f   Thumb Code    20  stm32f0xx_i2c.o(i.I2C_Cmd)
    I2C_GetFlagStatus                        0x08003133   Thumb Code    14  stm32f0xx_i2c.o(i.I2C_GetFlagStatus)
    I2C_Init                                 0x08003141   Thumb Code    92  stm32f0xx_i2c.o(i.I2C_Init)
    I2C_ReceiveData                          0x080031a5   Thumb Code     6  stm32f0xx_i2c.o(i.I2C_ReceiveData)
    I2C_SendData                             0x080031ab   Thumb Code     4  stm32f0xx_i2c.o(i.I2C_SendData)
    I2C_TransferHandling                     0x080031b1   Thumb Code    28  stm32f0xx_i2c.o(i.I2C_TransferHandling)
    InputHardwareInit                        0x080031d1   Thumb Code    24  bspinput.o(i.InputHardwareInit)
    InputVariableInit                        0x080031e9   Thumb Code   116  device_inputtask.o(i.InputVariableInit)
    KeyScan                                  0x08003265   Thumb Code   236  key.o(i.KeyScan)
    KeySwitchGPIO_Config                     0x08003355   Thumb Code    40  bspinput.o(i.KeySwitchGPIO_Config)
    LedGpioInit                              0x08003385   Thumb Code   110  bspoutput.o(i.LedGpioInit)
    LedOffAll                                0x080033fd   Thumb Code    58  device_outputtask.o(i.LedOffAll)
    LightLumiGpioInit                        0x0800343d   Thumb Code    32  bspinput.o(i.LightLumiGpioInit)
    LoopTimerInit                            0x0800345d   Thumb Code    16  device_inputtask.o(i.LoopTimerInit)
    LuminaceDetection                        0x0800346d   Thumb Code    92  device_inputtask.o(i.LuminaceDetection)
    MainTask                                 0x08003559   Thumb Code   502  maintask.o(i.MainTask)
    MainVariablesInit                        0x0800376d   Thumb Code   154  maintask.o(i.MainVariablesInit)
    NMI_Handler                              0x08003819   Thumb Code     2  stm32f0xx_it.o(i.NMI_Handler)
    NVIC_Init                                0x0800381d   Thumb Code    70  stm32f0xx_misc.o(i.NVIC_Init)
    OutputHardwareInit                       0x0800386d   Thumb Code    40  bspoutput.o(i.OutputHardwareInit)
    OutputVariablesInit                      0x08003895   Thumb Code    54  device_outputtask.o(i.OutputVariablesInit)
    ParseWifiDatas                           0x080038d1   Thumb Code   122  wifiprotocol.o(i.ParseWifiDatas)
    PopFromFifo                              0x0800394b   Thumb Code    48  fifo.o(i.PopFromFifo)
    PushInFifo                               0x0800397b   Thumb Code    46  fifo.o(i.PushInFifo)
    RCC_ADCCLKConfig                         0x080039a9   Thumb Code    38  stm32f0xx_rcc.o(i.RCC_ADCCLKConfig)
    RCC_AHBPeriphClockCmd                    0x080039d5   Thumb Code    18  stm32f0xx_rcc.o(i.RCC_AHBPeriphClockCmd)
    RCC_APB1PeriphClockCmd                   0x080039ed   Thumb Code    18  stm32f0xx_rcc.o(i.RCC_APB1PeriphClockCmd)
    RCC_APB1PeriphResetCmd                   0x08003a05   Thumb Code    18  stm32f0xx_rcc.o(i.RCC_APB1PeriphResetCmd)
    RCC_APB2PeriphClockCmd                   0x08003a1d   Thumb Code    18  stm32f0xx_rcc.o(i.RCC_APB2PeriphClockCmd)
    RCC_APB2PeriphResetCmd                   0x08003a35   Thumb Code    18  stm32f0xx_rcc.o(i.RCC_APB2PeriphResetCmd)
    RCC_GetClocksFreq                        0x08003a4d   Thumb Code   284  stm32f0xx_rcc.o(i.RCC_GetClocksFreq)
    RGBLightPwrGpio_init                     0x08003b85   Thumb Code   122  bspoutput.o(i.RGBLightPwrGpio_init)
    RGBLightTimer_Init                       0x08003c05   Thumb Code   112  bspoutput.o(i.RGBLightTimer_Init)
    SYSCFG_MemoryRemapConfig                 0x08003c81   Thumb Code    14  stm32f0xx_syscfg.o(i.SYSCFG_MemoryRemapConfig)
    SendCmd2WifiModule                       0x08003c95   Thumb Code   206  wifiprotocol.o(i.SendCmd2WifiModule)
    SensorI2CGpio_Init                       0x08003d65   Thumb Code    72  bspinput.o(i.SensorI2CGpio_Init)
    SetBlueLed                               0x08003db9   Thumb Code    18  device_outputtask.o(i.SetBlueLed)
    SetLed1Off                               0x08003de9   Thumb Code    14  bspoutput.o(i.SetLed1Off)
    SetLed1On                                0x08003dfd   Thumb Code    14  bspoutput.o(i.SetLed1On)
    SwitchScan                               0x08003f61   Thumb Code    86  key.o(i.SwitchScan)
    SystemInit                               0x08003fbd   Thumb Code    84  system_stm32f0xx.o(i.SystemInit)
    TIM15_IRQHandler                         0x08004075   Thumb Code    46  bspoutput.o(i.TIM15_IRQHandler)
    TIM1_CC_IRQHandler                       0x080040ad   Thumb Code   124  bspoutput.o(i.TIM1_CC_IRQHandler)
    TIM_CCxCmd                               0x08004135   Thumb Code    22  stm32f0xx_tim.o(i.TIM_CCxCmd)
    TIM_ClearITPendingBit                    0x0800414b   Thumb Code     6  stm32f0xx_tim.o(i.TIM_ClearITPendingBit)
    TIM_Cmd                                  0x08004151   Thumb Code    20  stm32f0xx_tim.o(i.TIM_Cmd)
    TIM_CtrlPWMOutputs                       0x08004165   Thumb Code    24  stm32f0xx_tim.o(i.TIM_CtrlPWMOutputs)
    TIM_DeInit                               0x0800417d   Thumb Code   172  stm32f0xx_tim.o(i.TIM_DeInit)
    TIM_GetCapture1                          0x08004249   Thumb Code     4  stm32f0xx_tim.o(i.TIM_GetCapture1)
    TIM_GetCapture4                          0x0800424d   Thumb Code     4  stm32f0xx_tim.o(i.TIM_GetCapture4)
    TIM_GetITStatus                          0x08004251   Thumb Code    24  stm32f0xx_tim.o(i.TIM_GetITStatus)
    TIM_ICInit                               0x08004269   Thumb Code   162  stm32f0xx_tim.o(i.TIM_ICInit)
    TIM_ITConfig                             0x08004321   Thumb Code    16  stm32f0xx_tim.o(i.TIM_ITConfig)
    TIM_OC1Init                              0x08004331   Thumb Code   104  stm32f0xx_tim.o(i.TIM_OC1Init)
    TIM_OC1PreloadConfig                     0x080043ad   Thumb Code    12  stm32f0xx_tim.o(i.TIM_OC1PreloadConfig)
    TIM_OC2Init                              0x080043b9   Thumb Code   124  stm32f0xx_tim.o(i.TIM_OC2Init)
    TIM_OC3Init                              0x08004449   Thumb Code   110  stm32f0xx_tim.o(i.TIM_OC3Init)
    TIM_OC4Init                              0x080044d1   Thumb Code    78  stm32f0xx_tim.o(i.TIM_OC4Init)
    TIM_SetCompare1                          0x08004535   Thumb Code     4  stm32f0xx_tim.o(i.TIM_SetCompare1)
    TIM_SetCompare4                          0x08004539   Thumb Code     4  stm32f0xx_tim.o(i.TIM_SetCompare4)
    TIM_SetIC1Prescaler                      0x0800453d   Thumb Code    16  stm32f0xx_tim.o(i.TIM_SetIC1Prescaler)
    TIM_SetIC2Prescaler                      0x0800454d   Thumb Code    18  stm32f0xx_tim.o(i.TIM_SetIC2Prescaler)
    TIM_SetIC3Prescaler                      0x08004565   Thumb Code    16  stm32f0xx_tim.o(i.TIM_SetIC3Prescaler)
    TIM_SetIC4Prescaler                      0x08004575   Thumb Code    18  stm32f0xx_tim.o(i.TIM_SetIC4Prescaler)
    TIM_TimeBaseInit                         0x0800458d   Thumb Code    88  stm32f0xx_tim.o(i.TIM_TimeBaseInit)
    TIM_TimeBaseStructInit                   0x08004601   Thumb Code    18  stm32f0xx_tim.o(i.TIM_TimeBaseStructInit)
    TempHumiScan                             0x08004615   Thumb Code   186  device_inputtask.o(i.TempHumiScan)
    TermDataStruct                           0x080046d9   Thumb Code   102  wifi_task.o(i.TermDataStruct)
    TimerNvicInit                            0x08004745   Thumb Code    42  bspoutput.o(i.TimerNvicInit)
    TransmitAllTermData                      0x0800476f   Thumb Code   168  wifi_task.o(i.TransmitAllTermData)
    TransmitTermData                         0x08004817   Thumb Code   140  wifi_task.o(i.TransmitTermData)
    USART2_IRQHandler                        0x080048a5   Thumb Code   232  wifi_task.o(i.USART2_IRQHandler)
    USART_ClearITPendingBit                  0x0800499d   Thumb Code    10  stm32f0xx_usart.o(i.USART_ClearITPendingBit)
    USART_Cmd                                0x080049a7   Thumb Code    20  stm32f0xx_usart.o(i.USART_Cmd)
    USART_DeInit                             0x080049bd   Thumb Code    78  stm32f0xx_usart.o(i.USART_DeInit)
    USART_GetITStatus                        0x08004a1d   Thumb Code    56  stm32f0xx_usart.o(i.USART_GetITStatus)
    USART_ITConfig                           0x08004a55   Thumb Code    42  stm32f0xx_usart.o(i.USART_ITConfig)
    USART_Init                               0x08004a81   Thumb Code   138  stm32f0xx_usart.o(i.USART_Init)
    USART_ReceiveData                        0x08004b1d   Thumb Code     8  stm32f0xx_usart.o(i.USART_ReceiveData)
    USART_SendData                           0x08004b25   Thumb Code     8  stm32f0xx_usart.o(i.USART_SendData)
    USART_StructInit                         0x08004b2d   Thumb Code    22  stm32f0xx_usart.o(i.USART_StructInit)
    WIFITask                                 0x08004b45   Thumb Code   768  wifi_task.o(i.WIFITask)
    WifiGPIOInit                             0x08004e55   Thumb Code    96  bspwifi.o(i.WifiGPIOInit)
    WifiHardwareInit                         0x08004eb5   Thumb Code    12  bspwifi.o(i.WifiHardwareInit)
    WifiUartInit                             0x08004ec1   Thumb Code   110  bspwifi.o(i.WifiUartInit)
    WifiVariablesInit                        0x08004f3d   Thumb Code    86  wifi_task.o(i.WifiVariablesInit)
    __ARM_common_switch8                     0x08004f9d   Thumb Code    26  tasks.o(i.__ARM_common_switch8)
    __scatterload_copy                       0x08004fb7   Thumb Code    14  handlers.o(i.__scatterload_copy)
    __scatterload_null                       0x08004fc5   Thumb Code     2  handlers.o(i.__scatterload_null)
    __scatterload_zeroinit                   0x08004fc7   Thumb Code    14  handlers.o(i.__scatterload_zeroinit)
    main                                     0x08004fd5   Thumb Code   162  main.o(i.main)
    pvPortMalloc                             0x08005341   Thumb Code   172  heap_4.o(i.pvPortMalloc)
    pvTaskIncrementMutexHeldCount            0x080053f1   Thumb Code    20  tasks.o(i.pvTaskIncrementMutexHeldCount)
    pxPortInitialiseStack                    0x08005409   Thumb Code    28  port.o(i.pxPortInitialiseStack)
    uxListRemove                             0x08005429   Thumb Code    36  list.o(i.uxListRemove)
    vApplicationStackOverflowHook            0x0800544d   Thumb Code     2  main.o(i.vApplicationStackOverflowHook)
    vListInitialise                          0x0800544f   Thumb Code    22  list.o(i.vListInitialise)
    vListInitialiseItem                      0x08005465   Thumb Code     6  list.o(i.vListInitialiseItem)
    vListInsert                              0x0800546b   Thumb Code    48  list.o(i.vListInsert)
    vListInsertEnd                           0x0800549b   Thumb Code    24  list.o(i.vListInsertEnd)
    vPortEnterCritical                       0x080054b5   Thumb Code    20  port.o(i.vPortEnterCritical)
    vPortExitCritical                        0x080054cd   Thumb Code    22  port.o(i.vPortExitCritical)
    vPortFree                                0x080054e9   Thumb Code    62  heap_4.o(i.vPortFree)
    vPortSVCHandler                          0x0800552d   Thumb Code     2  port.o(i.vPortSVCHandler)
    vPortYield                               0x08005531   Thumb Code    18  port.o(i.vPortYield)
    vTaskDelay                               0x08005549   Thumb Code    54  tasks.o(i.vTaskDelay)
    vTaskMissedYield                         0x08005585   Thumb Code     8  tasks.o(i.vTaskMissedYield)
    vTaskPlaceOnEventList                    0x08005591   Thumb Code    56  tasks.o(i.vTaskPlaceOnEventList)
    vTaskPriorityInherit                     0x080055d1   Thumb Code    92  tasks.o(i.vTaskPriorityInherit)
    vTaskSetTimeOutState                     0x08005635   Thumb Code    20  tasks.o(i.vTaskSetTimeOutState)
    vTaskStartScheduler                      0x0800564d   Thumb Code    58  tasks.o(i.vTaskStartScheduler)
    vTaskSuspendAll                          0x08005699   Thumb Code    10  tasks.o(i.vTaskSuspendAll)
    vTaskSwitchContext                       0x080056a9   Thumb Code   102  tasks.o(i.vTaskSwitchContext)
    xPortStartScheduler                      0x08005719   Thumb Code    58  port.o(i.xPortStartScheduler)
    xPortSysTickHandler                      0x08005765   Thumb Code    32  port.o(i.xPortSysTickHandler)
    xQueueCreateCountingSemaphore            0x08005789   Thumb Code    40  queue.o(i.xQueueCreateCountingSemaphore)
    xQueueGenericCreate                      0x080057b1   Thumb Code    74  queue.o(i.xQueueGenericCreate)
    xQueueGenericReceive                     0x080057fb   Thumb Code   324  queue.o(i.xQueueGenericReceive)
    xQueueGenericReset                       0x0800593f   Thumb Code   106  queue.o(i.xQueueGenericReset)
    xQueueGenericSend                        0x080059a9   Thumb Code   284  queue.o(i.xQueueGenericSend)
    xQueueGiveFromISR                        0x08005ac5   Thumb Code   114  queue.o(i.xQueueGiveFromISR)
    xTaskCheckForTimeOut                     0x08005b39   Thumb Code    80  tasks.o(i.xTaskCheckForTimeOut)
    xTaskGenericCreate                       0x08005b8d   Thumb Code   384  tasks.o(i.xTaskGenericCreate)
    xTaskGetSchedulerState                   0x08005d15   Thumb Code    26  tasks.o(i.xTaskGetSchedulerState)
    xTaskGetTickCount                        0x08005d35   Thumb Code     6  tasks.o(i.xTaskGetTickCount)
    xTaskIncrementTick                       0x08005d41   Thumb Code   184  tasks.o(i.xTaskIncrementTick)
    xTaskPriorityDisinherit                  0x08005e01   Thumb Code    92  tasks.o(i.xTaskPriorityDisinherit)
    xTaskRemoveFromEventList                 0x08005e65   Thumb Code    90  tasks.o(i.xTaskRemoveFromEventList)
    xTaskResumeAll                           0x08005ec9   Thumb Code   158  tasks.o(i.xTaskResumeAll)
    key2Msgtab                               0x08005f70   Data          15  device_inputtask.o(.constdata)
    version                                  0x08005f80   Data           2  maintask.o(.constdata)
    timingTable                              0x08005f82   Data           4  maintask.o(.constdata)
    dustRefDefault                           0x08005f86   Data           6  maintask.o(.constdata)
    gasRefDefault                            0x08005f8c   Data           6  maintask.o(.constdata)
    runningValueDefault                      0x08005f92   Data          20  maintask.o(.constdata)
    spdRefDefault                            0x08005fa6   Data          10  maintask.o(.constdata)
    termination_info                         0x08005fb0   Data         144  wifi_task.o(.constdata)
    sendCmdArray                             0x08006040   Data         192  wifi_task.o(.constdata)
    productId                                0x08006100   Data          33  wifi_task.o(.constdata)
    productKey                               0x08006121   Data          33  wifi_task.o(.constdata)
    Region$$Table$$Base                      0x08006144   Number         0  anon$$obj.o(Region$$Table)
    Region$$Table$$Limit                     0x08006164   Number         0  anon$$obj.o(Region$$Table)
    SystemCoreClock                          0x200000c0   Data           4  system_stm32f0xx.o(.data)
    AHBPrescTable                            0x200000c4   Data          16  system_stm32f0xx.o(.data)
    pxCurrentTCB                             0x20000100   Data           4  tasks.o(.data)
    mainTask                                 0x20000138   Data           4  main.o(.data)
    deviceOutputTask                         0x2000013c   Data           4  main.o(.data)
    deviceInputTask                          0x20000140   Data           4  main.o(.data)
    wifiTask                                 0x20000144   Data           4  main.o(.data)
    inputValue                               0x20000160   Data           4  device_inputtask.o(.data)
    inputMsg                                 0x20000164   Data           4  device_inputtask.o(.data)
    inputMsgQueue                            0x20000168   Data           4  device_inputtask.o(.data)
    inputDustSem                             0x2000016c   Data           4  device_inputtask.o(.data)
    ms100Loop                                0x20000170   Data           4  device_inputtask.o(.data)
    ms200Loop                                0x20000174   Data           4  device_inputtask.o(.data)
    outputMsgQueue                           0x2000017c   Data           4  device_outputtask.o(.data)
    outputMsg                                0x20000180   Data           4  device_outputtask.o(.data)
    buzLedTimer                              0x20000184   Data           4  device_outputtask.o(.data)
    outputVariable                           0x20000188   Data           6  device_outputtask.o(.data)
    timingCnt                                0x20000190   Data           2  maintask.o(.data)
    filterCnt                                0x20000192   Data           3  maintask.o(.data)
    mInputMsg                                0x20000198   Data           4  maintask.o(.data)
    mWifiRecMsg                              0x2000019c   Data           4  maintask.o(.data)
    mWifiSndMsg                              0x200001a0   Data           4  maintask.o(.data)
    mOutputMsg                               0x200001a4   Data           4  maintask.o(.data)
    filterLive                               0x200001a8   Data           4  maintask.o(.data)
    semWifiVariable                          0x200001ac   Data           4  maintask.o(.data)
    mTiming                                  0x200001b0   Data           4  maintask.o(.data)
    mFaultDet                                0x200001b4   Data           4  maintask.o(.data)
    mFilterCnt                               0x200001b8   Data           4  maintask.o(.data)
    dustRef                                  0x200001bc   Data           6  maintask.o(.data)
    gasRef                                   0x200001c2   Data           6  maintask.o(.data)
    netStatus                                0x200001c8   Data           1  wifi_task.o(.data)
    netStatus_tmp                            0x200001c9   Data           1  wifi_task.o(.data)
    wifiState                                0x200001ca   Data           1  wifi_task.o(.data)
    uartState                                0x200001cb   Data           1  wifi_task.o(.data)
    wifiRecQueue                             0x200001d0   Data           4  wifi_task.o(.data)
    wifiSndQueue                             0x200001d4   Data           4  wifi_task.o(.data)
    semRecComplete                           0x200001d8   Data           4  wifi_task.o(.data)
    wifiSndMsg                               0x200001dc   Data           4  wifi_task.o(.data)
    wifiRecMsg                               0x200001e0   Data           4  wifi_task.o(.data)
    wifiFrame                                0x200001e4   Data           4  wifi_task.o(.data)
    uartSendFifo                             0x200001e8   Data           4  wifi_task.o(.data)
    wifiLedLoop                              0x200001ec   Data           4  wifi_task.o(.data)
    captureStatus                            0x200001f0   Data           1  bspoutput.o(.data)
    fanPeriod                                0x200001f2   Data           2  bspoutput.o(.data)
    buzzPeriod                               0x200001f4   Data           2  bspoutput.o(.data)
    lightDuty                                0x200001f6   Data           2  bspoutput.o(.data)
    fanSpdPeriod                             0x200001f8   Data           2  bspoutput.o(.data)
    captureLow                               0x200001fa   Data           2  bspoutput.o(.data)
    captureHigh                              0x200001fc   Data           2  bspoutput.o(.data)
    rgbLightValue                            0x200001fe   Data           8  bspoutput.o(.data)
    dustValueBuf                             0x20001504   Data          20  device_inputtask.o(.bss)
    gasValueBuf                              0x20001518   Data          24  device_inputtask.o(.bss)
    luminValueBuf                            0x20001530   Data          24  device_inputtask.o(.bss)
    speedValueBuf                            0x20001548   Data          20  device_inputtask.o(.bss)
    tempValueBuf                             0x2000155c   Data          20  device_inputtask.o(.bss)
    humiValueBuf                             0x20001570   Data          20  device_inputtask.o(.bss)
    runningValue                             0x20001584   Data          20  maintask.o(.bss)
    spdRef                                   0x20001598   Data          10  maintask.o(.bss)
    uartSendBuf                              0x200015a2   Data         128  wifi_task.o(.bss)
    __initial_sp                             0x20001a28   Data           0  startup_stm32f030.o(STACK)



==============================================================================

Memory Map of the image

  Image Entry point : 0x080020b5

  Load Region LR_IROM1 (Base: 0x08002000, Size: 0x000042b8, Max: 0x0000d800, ABSOLUTE, COMPRESSED[0x00004194])

    Execution Region ER_IROM1 (Base: 0x08002000, Size: 0x00004164, Max: 0x0000d800, ABSOLUTE)

    Base Addr    Size         Type   Attr      Idx    E Section Name        Object

    0x08002000   0x000000b4   Data   RO            3    RESET               startup_stm32f030.o
    0x080020b4   0x00000000   Code   RO         4654  * .ARM.Collect$$$$00000000  mc_p.l(entry.o)
    0x080020b4   0x00000004   Code   RO         4667    .ARM.Collect$$$$00000001  mc_p.l(entry2.o)
    0x080020b8   0x00000004   Code   RO         4670    .ARM.Collect$$$$00000004  mc_p.l(entry5.o)
    0x080020bc   0x00000000   Code   RO         4672    .ARM.Collect$$$$00000008  mc_p.l(entry7b.o)
    0x080020bc   0x00000000   Code   RO         4674    .ARM.Collect$$$$0000000A  mc_p.l(entry8b.o)
    0x080020bc   0x00000008   Code   RO         4675    .ARM.Collect$$$$0000000B  mc_p.l(entry9a.o)
    0x080020c4   0x00000000   Code   RO         4677    .ARM.Collect$$$$0000000D  mc_p.l(entry10a.o)
    0x080020c4   0x00000000   Code   RO         4679    .ARM.Collect$$$$0000000F  mc_p.l(entry11a.o)
    0x080020c4   0x00000004   Code   RO         4668    .ARM.Collect$$$$00002712  mc_p.l(entry2.o)
    0x080020c8   0x00000070   Code   RO         3075    .emb_text           port.o
    0x08002138   0x0000001c   Code   RO            4    .text               startup_stm32f030.o
    0x08002154   0x0000002c   Code   RO         4657    .text               mc_p.l(uidiv.o)
    0x08002180   0x00000024   Code   RO         4659    .text               mc_p.l(memcpya.o)
    0x080021a4   0x00000024   Code   RO         4661    .text               mc_p.l(memseta.o)
    0x080021c8   0x0000001e   Code   RO         4663    .text               mc_p.l(strncmp.o)
    0x080021e6   0x00000002   PAD
    0x080021e8   0x00000024   Code   RO         4681    .text               mc_p.l(init.o)
    0x0800220c   0x00000056   Code   RO         4691    .text               mc_p.l(__dczerorl2.o)
    0x08002262   0x0000000a   Code   RO          121    i.ADC_ChannelConfig  stm32f0xx_adc.o
    0x0800226c   0x00000012   Code   RO          125    i.ADC_Cmd           stm32f0xx_adc.o
    0x0800227e   0x00000002   PAD
    0x08002280   0x00000020   Code   RO          129    i.ADC_DeInit        stm32f0xx_adc.o
    0x080022a0   0x0000002e   Code   RO          131    i.ADC_GetCalibrationFactor  stm32f0xx_adc.o
    0x080022ce   0x00000006   Code   RO          132    i.ADC_GetConversionValue  stm32f0xx_adc.o
    0x080022d4   0x0000001c   Code   RO          133    i.ADC_GetFlagStatus  stm32f0xx_adc.o
    0x080022f0   0x0000002c   Code   RO          136    i.ADC_Init          stm32f0xx_adc.o
    0x0800231c   0x0000000a   Code   RO          139    i.ADC_StartOfConversion  stm32f0xx_adc.o
    0x08002326   0x00000010   Code   RO          141    i.ADC_StructInit    stm32f0xx_adc.o
    0x08002336   0x0000004e   Code   RO         3752    i.BubbleSort        device_inputtask.o
    0x08002384   0x0000008c   Code   RO         4384    i.BuzzLightTimerInit  bspoutput.o
    0x08002410   0x0000005c   Code   RO         4385    i.BuzzerGpioInit    bspoutput.o
    0x0800246c   0x0000019c   Code   RO         3856    i.BuzzerLedTimer    device_outputtask.o
    0x08002608   0x0000001c   Code   RO         4386    i.BuzzerOnOff       bspoutput.o
    0x08002624   0x00000038   Code   RO         4387    i.ChangeFanPeriod   bspoutput.o
    0x0800265c   0x00000010   Code   RO         4388    i.ChangeLightPwm    bspoutput.o
    0x0800266c   0x00000020   Code   RO         4521    i.CheckFifoSendFirstData  bspwifi.o
    0x0800268c   0x00000014   Code   RO         3689    i.CheckTableLenght  wifiprotocol.o
    0x080026a0   0x00000034   Code   RO         3753    i.CheckTickExpired  device_inputtask.o
    0x080026d4   0x00000014   Code   RO         4082    i.ClearReceiveBuffer  wifi_task.o
    0x080026e8   0x00000044   Code   RO         4282    i.DeviceAdcInit     bspinput.o
    0x0800272c   0x00000078   Code   RO         3754    i.DeviceInputTask   device_inputtask.o
    0x080027a4   0x00000080   Code   RO         3857    i.DeviceOutputTask  device_outputtask.o
    0x08002824   0x00000064   Code   RO         3755    i.DustDensityProcess  device_inputtask.o
    0x08002888   0x00000034   Code   RO         3756    i.EnvironmentValueScanProcess  device_inputtask.o
    0x080028bc   0x00000094   Code   RO         4389    i.FanGpioInit       bspoutput.o
    0x08002950   0x000000a4   Code   RO         4390    i.FanTimerInit      bspoutput.o
    0x080029f4   0x00000002   Code   RO         4099    i.FetchNullData     wifi_task.o
    0x080029f6   0x00000002   PAD
    0x080029f8   0x00000034   Code   RO         4100    i.FetchPidPkey      wifi_task.o
    0x08002a2c   0x0000004c   Code   RO         3919    i.FilterLiveCount   maintask.o
    0x08002a78   0x00000070   Code   RO          700    i.GPIO_Init         stm32f0xx_gpio.o
    0x08002ae8   0x00000020   Code   RO          701    i.GPIO_PinAFConfig  stm32f0xx_gpio.o
    0x08002b08   0x0000000e   Code   RO          704    i.GPIO_ReadInputDataBit  stm32f0xx_gpio.o
    0x08002b16   0x0000000e   Code   RO          706    i.GPIO_ReadOutputDataBit  stm32f0xx_gpio.o
    0x08002b24   0x00000004   Code   RO          707    i.GPIO_ResetBits    stm32f0xx_gpio.o
    0x08002b28   0x00000004   Code   RO          708    i.GPIO_SetBits      stm32f0xx_gpio.o
    0x08002b2c   0x00000018   Code   RO          709    i.GPIO_StructInit   stm32f0xx_gpio.o
    0x08002b44   0x00000064   Code   RO         3757    i.GasDetection      device_inputtask.o
    0x08002ba8   0x00000020   Code   RO         4284    i.GasGpioInit       bspinput.o
    0x08002bc8   0x0000005c   Code   RO         4285    i.GetAdcValue       bspinput.o
    0x08002c24   0x00000008   Code   RO         3920    i.GetAqiValue       maintask.o
    0x08002c2c   0x00000008   Code   RO         3921    i.GetAutoSpdRef     maintask.o
    0x08002c34   0x0000002a   Code   RO         3758    i.GetAverPayloadFromBuffer  device_inputtask.o
    0x08002c5e   0x00000010   Code   RO         4392    i.GetBuzOnOffStatus  bspoutput.o
    0x08002c6e   0x00000002   PAD
    0x08002c70   0x00000034   Code   RO         4103    i.GetChecksum       wifi_task.o
    0x08002ca4   0x00000008   Code   RO         3922    i.GetCoverState     maintask.o
    0x08002cac   0x00000008   Code   RO         3923    i.GetDevFault       maintask.o
    0x08002cb4   0x00000008   Code   RO         3924    i.GetDustRef        maintask.o
    0x08002cbc   0x00000008   Code   RO         3925    i.GetDustSen        maintask.o
    0x08002cc4   0x00000010   Code   RO         4286    i.GetDustSensorRawData  bspinput.o
    0x08002cd4   0x00000008   Code   RO         3926    i.GetDustValue      maintask.o
    0x08002cdc   0x00000010   Code   RO         4393    i.GetFanPeriod      bspoutput.o
    0x08002cec   0x00000008   Code   RO         3927    i.GetFanSpdRef      maintask.o
    0x08002cf4   0x00000008   Code   RO         3928    i.GetFanSpeed       maintask.o
    0x08002cfc   0x00000008   Code   RO         3929    i.GetFilterRemain   maintask.o
    0x08002d04   0x00000008   Code   RO         3930    i.GetFirmwareVersion  maintask.o
    0x08002d0c   0x0000000a   Code   RO         4287    i.GetGasAdcValue    bspinput.o
    0x08002d16   0x00000002   PAD
    0x08002d18   0x0000005c   Code   RO         4594    i.GetIOstatus       key.o
    0x08002d74   0x00000008   Code   RO         3931    i.GetLedState       maintask.o
    0x08002d7c   0x0000000a   Code   RO         4289    i.GetLumiAdcValue   bspinput.o
    0x08002d86   0x00000002   PAD
    0x08002d88   0x00000008   Code   RO         3933    i.GetLuminValue     maintask.o
    0x08002d90   0x00000008   Code   RO         3934    i.GetModeState      maintask.o
    0x08002d98   0x0000010c   Code   RO         4636    i.GetParticalDensity  pms7003i.o
    0x08002ea4   0x0000001a   Code   RO         4595    i.GetSwitchIO       key.o
    0x08002ebe   0x00000002   PAD
    0x08002ec0   0x00000008   Code   RO         3935    i.GetTVOCRef        maintask.o
    0x08002ec8   0x00000008   Code   RO         3936    i.GetTVOCValue      maintask.o
    0x08002ed0   0x00000008   Code   RO         4290    i.GetTempHumValue   bspinput.o
    0x08002ed8   0x00000238   Code   RO         4559    i.GetTempHumi       hdc1080.o
    0x08003110   0x00000008   Code   RO         3937    i.GetTimingValue    maintask.o
    0x08003118   0x00000002   Code   RO         3662    i.HardFault_Handler  stm32f0xx_it.o
    0x0800311a   0x00000004   Code   RO          796    i.I2C_ClearFlag     stm32f0xx_i2c.o
    0x0800311e   0x00000014   Code   RO          799    i.I2C_Cmd           stm32f0xx_i2c.o
    0x08003132   0x0000000e   Code   RO          808    i.I2C_GetFlagStatus  stm32f0xx_i2c.o
    0x08003140   0x00000064   Code   RO          814    i.I2C_Init          stm32f0xx_i2c.o
    0x080031a4   0x00000006   Code   RO          820    i.I2C_ReceiveData   stm32f0xx_i2c.o
    0x080031aa   0x00000004   Code   RO          823    i.I2C_SendData      stm32f0xx_i2c.o
    0x080031ae   0x00000002   PAD
    0x080031b0   0x00000020   Code   RO          832    i.I2C_TransferHandling  stm32f0xx_i2c.o
    0x080031d0   0x00000018   Code   RO         4292    i.InputHardwareInit  bspinput.o
    0x080031e8   0x0000007c   Code   RO         3759    i.InputVariableInit  device_inputtask.o
    0x08003264   0x000000f0   Code   RO         4596    i.KeyScan           key.o
    0x08003354   0x00000030   Code   RO         4293    i.KeySwitchGPIO_Config  bspinput.o
    0x08003384   0x00000078   Code   RO         4394    i.LedGpioInit       bspoutput.o
    0x080033fc   0x00000040   Code   RO         3858    i.LedOffAll         device_outputtask.o
    0x0800343c   0x00000020   Code   RO         4294    i.LightLumiGpioInit  bspinput.o
    0x0800345c   0x00000010   Code   RO         3760    i.LoopTimerInit     device_inputtask.o
    0x0800346c   0x00000064   Code   RO         3761    i.LuminaceDetection  device_inputtask.o
    0x080034d0   0x00000024   Code   RO         3938    i.MainSetBuzzer     maintask.o
    0x080034f4   0x0000003c   Code   RO         3939    i.MainSetMode       maintask.o
    0x08003530   0x00000028   Code   RO         3940    i.MainSetSpeed      maintask.o
    0x08003558   0x00000214   Code   RO         3941    i.MainTask          maintask.o
    0x0800376c   0x000000ac   Code   RO         3942    i.MainVariablesInit  maintask.o
    0x08003818   0x00000002   Code   RO         3663    i.NMI_Handler       stm32f0xx_it.o
    0x0800381a   0x00000002   PAD
    0x0800381c   0x00000050   Code   RO         1113    i.NVIC_Init         stm32f0xx_misc.o
    0x0800386c   0x00000028   Code   RO         4396    i.OutputHardwareInit  bspoutput.o
    0x08003894   0x0000003c   Code   RO         3859    i.OutputVariablesInit  device_outputtask.o
    0x080038d0   0x0000007a   Code   RO         3690    i.ParseWifiDatas    wifiprotocol.o
    0x0800394a   0x00000030   Code   RO         3727    i.PopFromFifo       fifo.o
    0x0800397a   0x0000002e   Code   RO         3728    i.PushInFifo        fifo.o
    0x080039a8   0x0000002c   Code   RO         1145    i.RCC_ADCCLKConfig  stm32f0xx_rcc.o
    0x080039d4   0x00000018   Code   RO         1146    i.RCC_AHBPeriphClockCmd  stm32f0xx_rcc.o
    0x080039ec   0x00000018   Code   RO         1148    i.RCC_APB1PeriphClockCmd  stm32f0xx_rcc.o
    0x08003a04   0x00000018   Code   RO         1149    i.RCC_APB1PeriphResetCmd  stm32f0xx_rcc.o
    0x08003a1c   0x00000018   Code   RO         1150    i.RCC_APB2PeriphClockCmd  stm32f0xx_rcc.o
    0x08003a34   0x00000018   Code   RO         1151    i.RCC_APB2PeriphResetCmd  stm32f0xx_rcc.o
    0x08003a4c   0x00000138   Code   RO         1160    i.RCC_GetClocksFreq  stm32f0xx_rcc.o
    0x08003b84   0x00000080   Code   RO         4397    i.RGBLightPwrGpio_init  bspoutput.o
    0x08003c04   0x0000007c   Code   RO         4398    i.RGBLightTimer_Init  bspoutput.o
    0x08003c80   0x00000014   Code   RO         1950    i.SYSCFG_MemoryRemapConfig  stm32f0xx_syscfg.o
    0x08003c94   0x000000ce   Code   RO         3691    i.SendCmd2WifiModule  wifiprotocol.o
    0x08003d62   0x00000002   PAD
    0x08003d64   0x00000054   Code   RO         4295    i.SensorI2CGpio_Init  bspinput.o
    0x08003db8   0x00000012   Code   RO         3860    i.SetBlueLed        device_outputtask.o
    0x08003dca   0x00000002   PAD
    0x08003dcc   0x0000001c   Code   RO         3861    i.SetFanSpeed       device_outputtask.o
    0x08003de8   0x00000014   Code   RO         4399    i.SetLed1Off        bspoutput.o
    0x08003dfc   0x00000014   Code   RO         4400    i.SetLed1On         bspoutput.o
    0x08003e10   0x00000050   Code   RO         3862    i.SetModeLed        device_outputtask.o
    0x08003e60   0x00000098   Code   RO           12    i.SetSysClock       system_stm32f0xx.o
    0x08003ef8   0x00000068   Code   RO         3762    i.SpeedScan         device_inputtask.o
    0x08003f60   0x0000005c   Code   RO         4597    i.SwitchScan        key.o
    0x08003fbc   0x00000060   Code   RO           14    i.SystemInit        system_stm32f0xx.o
    0x0800401c   0x00000028   Code   RO         2005    i.TI1_Config        stm32f0xx_tim.o
    0x08004044   0x00000030   Code   RO         2006    i.TI2_Config        stm32f0xx_tim.o
    0x08004074   0x00000038   Code   RO         4401    i.TIM15_IRQHandler  bspoutput.o
    0x080040ac   0x00000088   Code   RO         4402    i.TIM1_CC_IRQHandler  bspoutput.o
    0x08004134   0x00000016   Code   RO         2011    i.TIM_CCxCmd        stm32f0xx_tim.o
    0x0800414a   0x00000006   Code   RO         2014    i.TIM_ClearITPendingBit  stm32f0xx_tim.o
    0x08004150   0x00000014   Code   RO         2019    i.TIM_Cmd           stm32f0xx_tim.o
    0x08004164   0x00000018   Code   RO         2021    i.TIM_CtrlPWMOutputs  stm32f0xx_tim.o
    0x0800417c   0x000000cc   Code   RO         2024    i.TIM_DeInit        stm32f0xx_tim.o
    0x08004248   0x00000004   Code   RO         2034    i.TIM_GetCapture1   stm32f0xx_tim.o
    0x0800424c   0x00000004   Code   RO         2037    i.TIM_GetCapture4   stm32f0xx_tim.o
    0x08004250   0x00000018   Code   RO         2040    i.TIM_GetITStatus   stm32f0xx_tim.o
    0x08004268   0x000000b8   Code   RO         2042    i.TIM_ICInit        stm32f0xx_tim.o
    0x08004320   0x00000010   Code   RO         2044    i.TIM_ITConfig      stm32f0xx_tim.o
    0x08004330   0x0000007c   Code   RO         2048    i.TIM_OC1Init       stm32f0xx_tim.o
    0x080043ac   0x0000000c   Code   RO         2051    i.TIM_OC1PreloadConfig  stm32f0xx_tim.o
    0x080043b8   0x00000090   Code   RO         2053    i.TIM_OC2Init       stm32f0xx_tim.o
    0x08004448   0x00000088   Code   RO         2058    i.TIM_OC3Init       stm32f0xx_tim.o
    0x080044d0   0x00000064   Code   RO         2063    i.TIM_OC4Init       stm32f0xx_tim.o
    0x08004534   0x00000004   Code   RO         2082    i.TIM_SetCompare1   stm32f0xx_tim.o
    0x08004538   0x00000004   Code   RO         2085    i.TIM_SetCompare4   stm32f0xx_tim.o
    0x0800453c   0x00000010   Code   RO         2087    i.TIM_SetIC1Prescaler  stm32f0xx_tim.o
    0x0800454c   0x00000018   Code   RO         2088    i.TIM_SetIC2Prescaler  stm32f0xx_tim.o
    0x08004564   0x00000010   Code   RO         2089    i.TIM_SetIC3Prescaler  stm32f0xx_tim.o
    0x08004574   0x00000018   Code   RO         2090    i.TIM_SetIC4Prescaler  stm32f0xx_tim.o
    0x0800458c   0x00000074   Code   RO         2092    i.TIM_TimeBaseInit  stm32f0xx_tim.o
    0x08004600   0x00000012   Code   RO         2093    i.TIM_TimeBaseStructInit  stm32f0xx_tim.o
    0x08004612   0x00000002   PAD
    0x08004614   0x000000c4   Code   RO         3763    i.TempHumiScan      device_inputtask.o
    0x080046d8   0x0000006c   Code   RO         4104    i.TermDataStruct    wifi_task.o
    0x08004744   0x0000002a   Code   RO         4403    i.TimerNvicInit     bspoutput.o
    0x0800476e   0x000000a8   Code   RO         4105    i.TransmitAllTermData  wifi_task.o
    0x08004816   0x0000008c   Code   RO         4106    i.TransmitTermData  wifi_task.o
    0x080048a2   0x00000002   PAD
    0x080048a4   0x000000f8   Code   RO         4107    i.USART2_IRQHandler  wifi_task.o
    0x0800499c   0x0000000a   Code   RO         2562    i.USART_ClearITPendingBit  stm32f0xx_usart.o
    0x080049a6   0x00000014   Code   RO         2565    i.USART_Cmd         stm32f0xx_usart.o
    0x080049ba   0x00000002   PAD
    0x080049bc   0x00000060   Code   RO         2571    i.USART_DeInit      stm32f0xx_usart.o
    0x08004a1c   0x00000038   Code   RO         2574    i.USART_GetITStatus  stm32f0xx_usart.o
    0x08004a54   0x0000002a   Code   RO         2576    i.USART_ITConfig    stm32f0xx_usart.o
    0x08004a7e   0x00000002   PAD
    0x08004a80   0x0000009c   Code   RO         2577    i.USART_Init        stm32f0xx_usart.o
    0x08004b1c   0x00000008   Code   RO         2589    i.USART_ReceiveData  stm32f0xx_usart.o
    0x08004b24   0x00000008   Code   RO         2594    i.USART_SendData    stm32f0xx_usart.o
    0x08004b2c   0x00000016   Code   RO         2606    i.USART_StructInit  stm32f0xx_usart.o
    0x08004b42   0x00000002   PAD
    0x08004b44   0x00000310   Code   RO         4108    i.WIFITask          wifi_task.o
    0x08004e54   0x00000060   Code   RO         4522    i.WifiGPIOInit      bspwifi.o
    0x08004eb4   0x0000000c   Code   RO         4523    i.WifiHardwareInit  bspwifi.o
    0x08004ec0   0x0000007c   Code   RO         4524    i.WifiUartInit      bspwifi.o
    0x08004f3c   0x00000060   Code   RO         4110    i.WifiVariablesInit  wifi_task.o
    0x08004f9c   0x0000001a   Code   RO         3612    i.__ARM_common_switch8  tasks.o
    0x08004fb6   0x0000000e   Code   RO         4685    i.__scatterload_copy  mc_p.l(handlers.o)
    0x08004fc4   0x00000002   Code   RO         4686    i.__scatterload_null  mc_p.l(handlers.o)
    0x08004fc6   0x0000000e   Code   RO         4687    i.__scatterload_zeroinit  mc_p.l(handlers.o)
    0x08004fd4   0x000000f8   Code   RO         3629    i.main              main.o
    0x080050cc   0x00000034   Code   RO         3315    i.prvAddCurrentTaskToDelayedList  tasks.o
    0x08005100   0x0000005c   Code   RO         3316    i.prvCheckTasksWaitingTermination  tasks.o
    0x0800515c   0x00000026   Code   RO         3140    i.prvCopyDataFromQueue  queue.o
    0x08005182   0x00000076   Code   RO         3141    i.prvCopyDataToQueue  queue.o
    0x080051f8   0x00000044   Code   RO         2990    i.prvHeapInit       heap_4.o
    0x0800523c   0x00000018   Code   RO         3317    i.prvIdleTask       tasks.o
    0x08005254   0x0000004c   Code   RO         2991    i.prvInsertBlockIntoFreeList  heap_4.o
    0x080052a0   0x00000020   Code   RO         3319    i.prvResetNextTaskUnblockTime  tasks.o
    0x080052c0   0x00000014   Code   RO         3076    i.prvTaskExitError  port.o
    0x080052d4   0x0000006a   Code   RO         3142    i.prvUnlockQueue    queue.o
    0x0800533e   0x00000002   PAD
    0x08005340   0x000000b0   Code   RO         2992    i.pvPortMalloc      heap_4.o
    0x080053f0   0x00000018   Code   RO         3322    i.pvTaskIncrementMutexHeldCount  tasks.o
    0x08005408   0x00000020   Code   RO         3077    i.pxPortInitialiseStack  port.o
    0x08005428   0x00000024   Code   RO         3039    i.uxListRemove      list.o
    0x0800544c   0x00000002   Code   RO         3630    i.vApplicationStackOverflowHook  main.o
    0x0800544e   0x00000016   Code   RO         3040    i.vListInitialise   list.o
    0x08005464   0x00000006   Code   RO         3041    i.vListInitialiseItem  list.o
    0x0800546a   0x00000030   Code   RO         3042    i.vListInsert       list.o
    0x0800549a   0x00000018   Code   RO         3043    i.vListInsertEnd    list.o
    0x080054b2   0x00000002   PAD
    0x080054b4   0x00000018   Code   RO         3079    i.vPortEnterCritical  port.o
    0x080054cc   0x0000001c   Code   RO         3080    i.vPortExitCritical  port.o
    0x080054e8   0x00000044   Code   RO         2993    i.vPortFree         heap_4.o
    0x0800552c   0x00000002   Code   RO         3081    i.vPortSVCHandler   port.o
    0x0800552e   0x00000002   PAD
    0x08005530   0x00000018   Code   RO         3082    i.vPortYield        port.o
    0x08005548   0x0000003c   Code   RO         3331    i.vTaskDelay        tasks.o
    0x08005584   0x0000000c   Code   RO         3335    i.vTaskMissedYield  tasks.o
    0x08005590   0x00000040   Code   RO         3337    i.vTaskPlaceOnEventList  tasks.o
    0x080055d0   0x00000064   Code   RO         3339    i.vTaskPriorityInherit  tasks.o
    0x08005634   0x00000018   Code   RO         3343    i.vTaskSetTimeOutState  tasks.o
    0x0800564c   0x0000004c   Code   RO         3344    i.vTaskStartScheduler  tasks.o
    0x08005698   0x00000010   Code   RO         3346    i.vTaskSuspendAll   tasks.o
    0x080056a8   0x00000070   Code   RO         3347    i.vTaskSwitchContext  tasks.o
    0x08005718   0x0000004c   Code   RO         3083    i.xPortStartScheduler  port.o
    0x08005764   0x00000024   Code   RO         3084    i.xPortSysTickHandler  port.o
    0x08005788   0x00000028   Code   RO         3152    i.xQueueCreateCountingSemaphore  queue.o
    0x080057b0   0x0000004a   Code   RO         3154    i.xQueueGenericCreate  queue.o
    0x080057fa   0x00000144   Code   RO         3155    i.xQueueGenericReceive  queue.o
    0x0800593e   0x0000006a   Code   RO         3156    i.xQueueGenericReset  queue.o
    0x080059a8   0x0000011c   Code   RO         3157    i.xQueueGenericSend  queue.o
    0x08005ac4   0x00000072   Code   RO         3160    i.xQueueGiveFromISR  queue.o
    0x08005b36   0x00000002   PAD
    0x08005b38   0x00000054   Code   RO         3348    i.xTaskCheckForTimeOut  tasks.o
    0x08005b8c   0x00000188   Code   RO         3349    i.xTaskGenericCreate  tasks.o
    0x08005d14   0x00000020   Code   RO         3353    i.xTaskGetSchedulerState  tasks.o
    0x08005d34   0x0000000c   Code   RO         3354    i.xTaskGetTickCount  tasks.o
    0x08005d40   0x000000c0   Code   RO         3356    i.xTaskIncrementTick  tasks.o
    0x08005e00   0x00000064   Code   RO         3359    i.xTaskPriorityDisinherit  tasks.o
    0x08005e64   0x00000064   Code   RO         3360    i.xTaskRemoveFromEventList  tasks.o
    0x08005ec8   0x000000a8   Code   RO         3362    i.xTaskResumeAll    tasks.o
    0x08005f70   0x0000000f   Data   RO         3765    .constdata          device_inputtask.o
    0x08005f7f   0x00000001   PAD
    0x08005f80   0x00000030   Data   RO         3944    .constdata          maintask.o
    0x08005fb0   0x00000192   Data   RO         4112    .constdata          wifi_task.o
    0x08006142   0x00000002   PAD
    0x08006144   0x00000020   Data   RO         4683    Region$$Table       anon$$obj.o


    Execution Region RW_IRAM1 (Base: 0x200000c0, Size: 0x00001968, Max: 0x00002000, ABSOLUTE, COMPRESSED[0x00000030])

    Base Addr    Size         Type   Attr      Idx    E Section Name        Object

    0x200000c0   0x00000014   Data   RW           15    .data               system_stm32f0xx.o
    0x200000d4   0x00000010   Data   RW         1186    .data               stm32f0xx_rcc.o
    0x200000e4   0x00000018   Data   RW         2998    .data               heap_4.o
    0x200000fc   0x00000004   Data   RW         3085    .data               port.o
    0x20000100   0x00000038   Data   RW         3365    .data               tasks.o
    0x20000138   0x00000010   Data   RW         3631    .data               main.o
    0x20000148   0x00000030   Data   RW         3766    .data               device_inputtask.o
    0x20000178   0x00000016   Data   RW         3863    .data               device_outputtask.o
    0x2000018e   0x00000002   PAD
    0x20000190   0x00000038   Data   RW         3945    .data               maintask.o
    0x200001c8   0x00000028   Data   RW         4113    .data               wifi_task.o
    0x200001f0   0x00000016   Data   RW         4404    .data               bspoutput.o
    0x20000206   0x0000000c   Data   RW         4598    .data               key.o
    0x20000212   0x00000002   PAD
    0x20000214   0x00001200   Zero   RW         2997    .bss                heap_4.o
    0x20001414   0x000000f0   Zero   RW         3364    .bss                tasks.o
    0x20001504   0x00000080   Zero   RW         3764    .bss                device_inputtask.o
    0x20001584   0x0000001e   Zero   RW         3943    .bss                maintask.o
    0x200015a2   0x00000080   Zero   RW         4111    .bss                wifi_task.o
    0x20001622   0x00000006   PAD
    0x20001628   0x00000400   Zero   RW            1    STACK               startup_stm32f030.o


==============================================================================

Image component sizes


      Code (inc. data)   RO Data    RW Data    ZI Data      Debug   Object Name

       424         36          0          0          0       5396   bspinput.o
      1362        126          0         22          0       9320   bspoutput.o
       264         18          0          0          0       2178   bspwifi.o
         0          0          0          0          0       9240   croutine.o
      1084         68         15         48        128       8639   device_inputtask.o
       790         58          0         22          0       7362   device_outputtask.o
         0          0          0          0          0       1444   event_groups.o
        94          0          0          0          0       1335   fifo.o
       568          6          0          0          0       1134   hdc1080.o
       388         22          0         24       4608       3243   heap_4.o
       450         22          0         12          0       2879   key.o
       136          0          0          0          0       2650   list.o
       250         86          0         16          0       7952   main.o
      1052        202         48         56         30      13701   maintask.o
       268          6          0          0          0        925   pms7003i.o
       354         58          0          4          0       5116   port.o
      1204          0          0          0          0      11022   queue.o
        28          8        180          0       1024        688   startup_stm32f030.o
       210         10          0          0          0       5051   stm32f0xx_adc.o
       204          6          0          0          0       4058   stm32f0xx_gpio.o
       180         12          0          0          0       4121   stm32f0xx_i2c.o
         4          0          0          0          0        750   stm32f0xx_it.o
        80         10          0          0          0        880   stm32f0xx_misc.o
       476         64          0         16          0       4687   stm32f0xx_rcc.o
        20          6          0          0          0        507   stm32f0xx_syscfg.o
      1334        188          0          0          0      14509   stm32f0xx_tim.o
       418         36          0          0          0       5711   stm32f0xx_usart.o
       248         22          0         20          0     211929   system_stm32f0xx.o
      1794        152          0         56        240      15572   tasks.o
      1670         86        402         40        128       7831   wifi_task.o
       348          0          0          0          0       4361   wifiprotocol.o

    ----------------------------------------------------------------------
     15740       1308        680        340       6164     374191   Object Totals
         0          0         32          0          0          0   (incl. Generated)
        38          0          3          4          6          0   (incl. Padding)

    ----------------------------------------------------------------------

      Code (inc. data)   RO Data    RW Data    ZI Data      Debug   Library Member Name

        86          0          0          0          0          0   __dczerorl2.o
         0          0          0          0          0          0   entry.o
         0          0          0          0          0          0   entry10a.o
         0          0          0          0          0          0   entry11a.o
         8          4          0          0          0          0   entry2.o
         4          0          0          0          0          0   entry5.o
         0          0          0          0          0          0   entry7b.o
         0          0          0          0          0          0   entry8b.o
         8          4          0          0          0          0   entry9a.o
        30          0          0          0          0          0   handlers.o
        36          8          0          0          0         68   init.o
        36          0          0          0          0         60   memcpya.o
        36          0          0          0          0        100   memseta.o
        30          0          0          0          0         72   strncmp.o
        44          0          0          0          0         72   uidiv.o

    ----------------------------------------------------------------------
       320         16          0          0          0        372   Library Totals
         2          0          0          0          0          0   (incl. Padding)

    ----------------------------------------------------------------------

      Code (inc. data)   RO Data    RW Data    ZI Data      Debug   Library Name

       318         16          0          0          0        372   mc_p.l

    ----------------------------------------------------------------------
       320         16          0          0          0        372   Library Totals

    ----------------------------------------------------------------------

==============================================================================


      Code (inc. data)   RO Data    RW Data    ZI Data      Debug   

     16060       1324        680        340       6164     365319   Grand Totals
     16060       1324        680         48       6164     365319   ELF Image Totals (compressed)
     16060       1324        680         48          0          0   ROM Totals

==============================================================================

    Total RO  Size (Code + RO Data)                16740 (  16.35kB)
    Total RW  Size (RW Data + ZI Data)              6504 (   6.35kB)
    Total ROM Size (Code + RO Data + RW Data)      16788 (  16.39kB)

==============================================================================

