<html>
<body>
<pre>
<h1>µVision Build Log</h1>
<h2>Tool Versions:</h2>
IDE-Version: ¦ÌVision V5.12.0.0
Copyright (C) 2014 ARM Ltd and ARM Germany GmbH. All rights reserved.
License Information: W X, T, LIC=9N0WF-6QKH5-PF0IX-H8P1T-CULX6-PA4Q2
 
Tool Versions:
Toolchain:       MDK-ARM Professional  Version: 5.12.0.0
Toolchain Path:  D:\Keil_v5\ARM\ARMCC\Bin
C Compiler:      Armcc.exe V5.05 (build 41)
Assembler:       Armasm.exe V5.05 (build 41)
Linker/Locator:  ArmLink.exe V5.05 (build 41)
Library Manager: ArmAr.exe V5.05 (build 41)
Hex Converter:   FromElf.exe V5.05 (build 41)
CPU DLL:         SARMCM3.DLL V5.12.0.0
Dialog DLL:      DARMCM1.DLL V1.11.00.0
    Target DLL: Segger\JL2CM3.dll
Dialog DLL:      TARMCM1.DLL V1.08.00.0
 
<h2>Project:</h2>
E:\WorkPlace\AC120\Bootloader\prj\AP_C120_Boot.uvprojx
Project File Date:  06/07/2017

<h2>Output:</h2>
Build target 'Boot'
compiling main.c...
linking...
Program Size: Code=1332 RO-data=212 RW-data=32 ZI-data=1376  
".\Objects\AP_C120_Boot.axf" - 0 Error(s), 0 Warning(s).

<h2>Collection of Component include folders:</h2>
  E:\WorkPlace\AC120\Bootloader\prj\RTE
  D:\Keil_v5\ARM\PACK\Keil\STM32F0xx_DFP\1.5.0

<h2>Collection of Component Files used:</h2>
Load "E:\\WorkPlace\\AC120\\Bootloader\\prj\\Objects\\AP_C120_Boot.axf" 
Set JLink Project File to "E:\WorkPlace\AC120\Bootloader\prj\JLinkSettings.ini"
* JLink Info: Device "STM32F030C8" selected (64 KB flash, 8 KB RAM).
 
JLink info:
------------
DLL: V4.91b, compiled Sep 15 2014 09:17:56
Firmware: J-Link ARM-OB STM32 compiled Aug 22 2012 19:52:04
Hardware: V7.00
S/N : 20160117 
Feature(s) : RDI,FlashDL,FlashBP,JFlash,GDBFull 
 
* JLink Info: Found SWD-DP with ID 0x0BB11477
* JLink Info: Found SWD-DP with ID 0x0BB11477
* JLink Info: Found Cortex-M0 r0p0, Little endian.
* JLink Info: FPUnit: 4 code (BP) slots and 0 literal slots
ROMTableAddr = 0xE00FF003
 
Target info:
------------
Device: STM32F030C8
VTarget = 3.300V
State of Pins: 
TCK: 0, TDI: 0, TDO: 1, TMS: 0, TRES: 1, TRST: 1
Hardware-Breakpoints: 4
Software-Breakpoints: 8192
Watchpoints:          2
JTAG speed: 2000 kHz
 
Erase Done.
Programming Done.
Verify OK.
</pre>
</body>
</html>
* JLink Info: Device "STM32F030C8" selected (64 KB flash, 8 KB RAM).
 
JLink info:
------------
DLL: V4.91b, compiled Sep 15 2014 09:17:56
Firmware: J-Link ARM-OB STM32 compiled Aug 22 2012 19:52:04
Hardware: V7.00
S/N : 20160117 
Feature(s) : RDI,FlashDL,FlashBP,JFlash,GDBFull 
 
* JLink Info: Could not measure total IR len. TDO is constant high.
* JLink Info: STM32F0xxx: Can not connect to CPU. Trying connect under reset.
* JLink Info: Could not measure total IR len. TDO is constant high.
***JLink Error: STM32F0xxx: Connecting to CPU via connect under reset failed.
Error: Flash Download failed  -  Target DLL has been cancelled
Load "E:\\WorkPlace\\AC120\\Bootloader\\prj\\Objects\\AP_C120_Boot.axf" 
Set JLink Project File to "E:\WorkPlace\AC120\Bootloader\prj\JLinkSettings.ini"
* JLink Info: Device "STM32F030C8" selected (64 KB flash, 8 KB RAM).
 
JLink info:
------------
DLL: V4.91b, compiled Sep 15 2014 09:17:56
Firmware: J-Link ARM-OB STM32 compiled Aug 22 2012 19:52:04
Hardware: V7.00
S/N : 20160117 
Feature(s) : RDI,FlashDL,FlashBP,JFlash,GDBFull 
 
* JLink Info: Could not measure total IR len. TDO is constant high.
* JLink Info: STM32F0xxx: Can not connect to CPU. Trying connect under reset.
* JLink Info: Could not measure total IR len. TDO is constant high.
***JLink Error: STM32F0xxx: Connecting to CPU via connect under reset failed.
Error: Flash Download failed  -  Target DLL has been cancelled
Load "E:\\WorkPlace\\AC120\\Bootloader\\prj\\Objects\\AP_C120_Boot.axf" 
Set JLink Project File to "E:\WorkPlace\AC120\Bootloader\prj\JLinkSettings.ini"
* JLink Info: Device "STM32F030C8" selected (64 KB flash, 8 KB RAM).
 
JLink info:
------------
DLL: V4.91b, compiled Sep 15 2014 09:17:56
Firmware: J-Link ARM-OB STM32 compiled Aug 22 2012 19:52:04
Hardware: V7.00
S/N : 20160117 
Feature(s) : RDI,FlashDL,FlashBP,JFlash,GDBFull 
 
* JLink Info: Found SWD-DP with ID 0x0BB11477
* JLink Info: Found SWD-DP with ID 0x0BB11477
* JLink Info: Found Cortex-M0 r0p0, Little endian.
* JLink Info: FPUnit: 4 code (BP) slots and 0 literal slots
**JLink Warning: CPU could not be halted
***JLink Error: CPU is not halted
ROMTableAddr = 0xE00FF003
 
Target info:
------------
Device: STM32F030C8
VTarget = 3.300V
State of Pins: 
TCK: 0, TDI: 0, TDO: 1, TMS: 0, TRES: 1, TRST: 1
Hardware-Breakpoints: 4
Software-Breakpoints: 8192
Watchpoints:          2
JTAG speed: 2000 kHz
 
Erase Done.
Programming Done.
Verify OK.
Error: Target DLL has been cancelled. Debugger aborted !
Load "E:\\WorkPlace\\AC120\\Bootloader\\prj\\Objects\\AP_C120_Boot.axf" 
Set JLink Project File to "E:\WorkPlace\AC120\Bootloader\prj\JLinkSettings.ini"
* JLink Info: Device "STM32F030C8" selected (64 KB flash, 8 KB RAM).
 
JLink info:
------------
DLL: V4.91b, compiled Sep 15 2014 09:17:56
Firmware: J-Link ARM-OB STM32 compiled Aug 22 2012 19:52:04
Hardware: V7.00
S/N : 20160117 
Feature(s) : RDI,FlashDL,FlashBP,JFlash,GDBFull 
 
* JLink Info: Found SWD-DP with ID 0x0BB11477
* JLink Info: Found SWD-DP with ID 0x0BB11477
* JLink Info: Found Cortex-M0 r0p0, Little endian.
* JLink Info: FPUnit: 4 code (BP) slots and 0 literal slots
ROMTableAddr = 0xE00FF003
 
Target info:
------------
Device: STM32F030C8
VTarget = 3.300V
State of Pins: 
TCK: 0, TDI: 0, TDO: 1, TMS: 0, TRES: 1, TRST: 1
Hardware-Breakpoints: 4
Software-Breakpoints: 8192
Watchpoints:          2
JTAG speed: 2000 kHz
 
Erase Done.
Programming Done.
Verify OK.
